******************************************************************************
                  TI ARM Linker PC v16.9.6                     
******************************************************************************
>> Linked Tue Oct 17 14:35:09 2023

OUTPUT FILE NAME:   <Lab1_C_Programming.out>
ENTRY POINT SYMBOL: "_c_int00"  address: 000008f1


MEMORY CONFIGURATION

         name            origin    length      used     unused   attr    fill
----------------------  --------  ---------  --------  --------  ----  --------
  MAIN                  00000000   00040000  00000a74  0003f58c  R  X
  INFO                  00200000   00004000  00000000  00004000  R  X
  SRAM_CODE             01000000   00010000  00000234  0000fdcc  RW X
  SRAM_DATA             20000000   00010000  00000234  0000fdcc  RW  


SEGMENT ALLOCATION MAP

run origin  load origin   length   init length attrs members
----------  ----------- ---------- ----------- ----- -------
00000000    00000000    00000a78   00000a78    r-x
  00000000    00000000    000000e4   000000e4    r-- .intvecs
  000000e4    000000e4    00000950   00000950    r-x .text
  00000a34    00000a34    00000018   00000018    r-- .const
  00000a50    00000a50    00000028   00000028    r-- .cinit
20000000    20000000    00000034   00000000    rw-
  20000000    20000000    00000034   00000000    rw- .data
2000fe00    2000fe00    00000200   00000000    rw-
  2000fe00    2000fe00    00000200   00000000    rw- .stack


SECTION ALLOCATION MAP

 output                                  attributes/
section   page    origin      length       input sections
--------  ----  ----------  ----------   ----------------
.intvecs   0    00000000    000000e4     
                  00000000    000000e4     startup_msp432p401r_ccs.obj (.intvecs:retain)

.binit     0    00000000    00000000     

.text      0    000000e4    00000950     
                  000000e4    0000032c     system_msp432p401r.obj (.text)
                  00000410    000001e0     Clock.obj (.text)
                  000005f0    0000018c     main.obj (.text)
                  0000077c    0000009c     rtsv7M4_T_le_v4SPD16_eabi.lib : memcpy_t2.obj (.text)
                  00000818    00000070                                   : autoinit.obj (.text)
                  00000888    00000068                                   : copy_decompress_lzss.obj (.text:decompress:lzss)
                  000008f0    00000054                                   : boot.obj (.text)
                  00000944    00000054                                   : exit.obj (.text)
                  00000998    0000004c                                   : cpy_tbl.obj (.text)
                  000009e4    00000018                                   : args_main.obj (.text)
                  000009fc    00000014                                   : _lock.obj (.text)
                  00000a10    0000000e                                   : copy_decompress_none.obj (.text:decompress:none)
                  00000a1e    0000000e     startup_msp432p401r_ccs.obj (.text)
                  00000a2c    00000004     rtsv7M4_T_le_v4SPD16_eabi.lib : pre_init.obj (.text)
                  00000a30    00000002                                   : mpu_init.obj (.text)
                  00000a32    00000002                                   : startup.obj (.text)

.const     0    00000a34    00000018     
                  00000a34    00000018     main.obj (.const:$P$T0$1)

.cinit     0    00000a50    00000028     
                  00000a50    00000017     (.cinit..data.load) [load image, compression = lzss]
                  00000a67    00000001     --HOLE-- [fill = 0]
                  00000a68    00000008     (__TI_handler_table)
                  00000a70    00000008     (__TI_cinit_table)

.init_array 
*          0    00000000    00000000     UNINITIALIZED

.data      0    20000000    00000034     UNINITIALIZED
                  20000000    00000018     Clock.obj (.data)
                  20000018    0000000c     rtsv7M4_T_le_v4SPD16_eabi.lib : exit.obj (.data:$O1$$)
                  20000024    00000008                                   : _lock.obj (.data:$O1$$)
                  2000002c    00000004                                   : stkdepth_vars.obj (.data)
                  20000030    00000004     system_msp432p401r.obj (.data)

.stack     0    2000fe00    00000200     UNINITIALIZED
                  2000fe00    00000200     --HOLE--

MODULE SUMMARY

       Module                        code   ro data   rw data
       ------                        ----   -------   -------
    .\
       system_msp432p401r.obj        812    0         8      
       Clock.obj                     480    0         48     
       main.obj                      396    24        0      
       startup_msp432p401r_ccs.obj   14     228       0      
    +--+-----------------------------+------+---------+---------+
       Total:                        1702   252       56     
                                                             
    C:\ti\ccsv7\tools\compiler\ti-cgt-arm_16.9.6.LTS\lib\rtsv7M4_T_le_v4SPD16_eabi.lib
       memcpy_t2.obj                 156    0         0      
       autoinit.obj                  112    0         0      
       exit.obj                      84     0         24     
       copy_decompress_lzss.obj      104    0         0      
       boot.obj                      84     0         0      
       cpy_tbl.obj                   76     0         0      
       _lock.obj                     20     0         16     
       args_main.obj                 24     0         0      
       copy_decompress_none.obj      14     0         0      
       stkdepth_vars.obj             0      0         8      
       pre_init.obj                  4      0         0      
       mpu_init.obj                  2      0         0      
       startup.obj                   2      0         0      
    +--+-----------------------------+------+---------+---------+
       Total:                        682    0         48     
                                                             
       Stack:                        0      0         1024   
       Linker Generated:             0      39        0      
    +--+-----------------------------+------+---------+---------+
       Grand Total:                  2384   291       1128   


LINKER GENERATED COPY TABLES

__TI_cinit_table @ 00000a70 records: 1, size/record: 8, table size: 8
	.data: load addr=00000a50, load size=00000017 bytes, run addr=20000000, run size=00000034 bytes, compression=lzss


LINKER GENERATED HANDLER TABLE

__TI_handler_table @ 00000a68 records: 2, size/record: 4, table size: 8
	index: 0, handler: __TI_decompress_lzss
	index: 1, handler: __TI_decompress_none


GLOBAL SYMBOLS: SORTED ALPHABETICALLY BY Name 

address   name                           
-------   ----                           
00000a2b  ADC14_IRQHandler               
00000a2b  AES256_IRQHandler              
000006a7  Bit_Manipulation               
000006ed  Bit_ShiftExtract               
00000a2b  BusFault_Handler               
00000945  C$$EXIT                        
00000a2b  COMP_E0_IRQHandler             
00000a2b  COMP_E1_IRQHandler             
20000008  CPMwait                        
00000a2b  CS_IRQHandler                  
20000000  ClockFrequency                 
00000565  Clock_Delay1ms                 
0000053b  Clock_Delay1us                 
00000527  Clock_GetFreq                  
00000411  Clock_Init48MHz                
20000014  Crystalstable                  
00000a2b  DMA_ERR_IRQHandler             
00000a2b  DMA_INT0_IRQHandler            
00000a2b  DMA_INT1_IRQHandler            
00000a2b  DMA_INT2_IRQHandler            
00000a2b  DMA_INT3_IRQHandler            
00000a2b  DebugMon_Handler               
00000a2b  Default_Handler                
00000a2b  EUSCIA0_IRQHandler             
00000a2b  EUSCIA1_IRQHandler             
00000a2b  EUSCIA2_IRQHandler             
00000a2b  EUSCIA3_IRQHandler             
00000a2b  EUSCIB0_IRQHandler             
00000a2b  EUSCIB1_IRQHandler             
00000a2b  EUSCIB2_IRQHandler             
00000a2b  EUSCIB3_IRQHandler             
00000a2b  FLCTL_IRQHandler               
00000a2b  FPU_IRQHandler                 
00000a2b  HardFault_Handler              
20000010  IFlags                         
00000a2b  MemManage_Handler              
00000a2b  NMI_Handler                    
00000a2b  PCM_IRQHandler                 
00000a2b  PORT1_IRQHandler               
00000a2b  PORT2_IRQHandler               
00000a2b  PORT3_IRQHandler               
00000a2b  PORT4_IRQHandler               
00000a2b  PORT5_IRQHandler               
00000a2b  PORT6_IRQHandler               
00000a2b  PSS_IRQHandler                 
00000a2b  PendSV_Handler                 
000005f1  Port1_Init                     
0000060f  Port1_Input                    
00000637  Port1_Output                   
0000061b  Port2_Init                     
00000645  Port2_Output                   
2000000c  Postwait                       
20000004  Prewait                        
00000a2b  RTC_C_IRQHandler               
00000a1f  Reset_Handler                  
UNDEFED   SHT$$INIT_ARRAY$$Base          
UNDEFED   SHT$$INIT_ARRAY$$Limit         
00000a2b  SVC_Handler                    
00000a2b  SysTick_Handler                
20000030  SystemCoreClock                
000000e5  SystemCoreClockUpdate          
00000359  SystemInit                     
00000a2b  T32_INT1_IRQHandler            
00000a2b  T32_INT2_IRQHandler            
00000a2b  T32_INTC_IRQHandler            
00000a2b  TA0_0_IRQHandler               
00000a2b  TA0_N_IRQHandler               
00000a2b  TA1_0_IRQHandler               
00000a2b  TA1_N_IRQHandler               
00000a2b  TA2_0_IRQHandler               
00000a2b  TA2_N_IRQHandler               
00000a2b  TA3_0_IRQHandler               
00000a2b  TA3_N_IRQHandler               
00000a2b  UsageFault_Handler             
0000073f  Volatile_KeyWord               
4000480c  WDTCTL_SYM                     
00000a2b  WDT_A_IRQHandler               
20010000  __STACK_END                    
00000200  __STACK_SIZE                   
00000a70  __TI_CINIT_Base                
00000a78  __TI_CINIT_Limit               
00000a68  __TI_Handler_Table_Base        
00000a70  __TI_Handler_Table_Limit       
00000819  __TI_auto_init                 
20000018  __TI_cleanup_ptr               
00000889  __TI_decompress_lzss           
00000a11  __TI_decompress_none           
2000001c  __TI_dtors_ptr                 
20000020  __TI_enable_exit_profile_output
ffffffff  __TI_pprof_out_hndl            
ffffffff  __TI_prof_data_size            
ffffffff  __TI_prof_data_start           
00000000  __TI_static_base__             
0000077d  __aeabi_memcpy                 
0000077d  __aeabi_memcpy4                
0000077d  __aeabi_memcpy8                
ffffffff  __binit__                      
ffffffff  __c_args__                     
00000a31  __mpu_init                     
2000fe00  __stack                        
000009e5  _args_main                     
000008f1  _c_int00                       
20000024  _lock                          
00000a0b  _nop                           
00000a03  _register_lock                 
000009fd  _register_unlock               
00000a33  _system_post_cinit             
00000a2d  _system_pre_init               
20000028  _unlock                        
00000949  abort                          
ffffffff  binit                          
00000999  copy_in                        
0000052d  delay                          
00000951  exit                           
00000000  interruptVectors               
0000064d  main                           
2000002c  main_func_sp                   
0000077d  memcpy                         


GLOBAL SYMBOLS: SORTED BY Symbol Address 

address   name                           
-------   ----                           
00000000  __TI_static_base__             
00000000  interruptVectors               
000000e5  SystemCoreClockUpdate          
00000200  __STACK_SIZE                   
00000359  SystemInit                     
00000411  Clock_Init48MHz                
00000527  Clock_GetFreq                  
0000052d  delay                          
0000053b  Clock_Delay1us                 
00000565  Clock_Delay1ms                 
000005f1  Port1_Init                     
0000060f  Port1_Input                    
0000061b  Port2_Init                     
00000637  Port1_Output                   
00000645  Port2_Output                   
0000064d  main                           
000006a7  Bit_Manipulation               
000006ed  Bit_ShiftExtract               
0000073f  Volatile_KeyWord               
0000077d  __aeabi_memcpy                 
0000077d  __aeabi_memcpy4                
0000077d  __aeabi_memcpy8                
0000077d  memcpy                         
00000819  __TI_auto_init                 
00000889  __TI_decompress_lzss           
000008f1  _c_int00                       
00000945  C$$EXIT                        
00000949  abort                          
00000951  exit                           
00000999  copy_in                        
000009e5  _args_main                     
000009fd  _register_unlock               
00000a03  _register_lock                 
00000a0b  _nop                           
00000a11  __TI_decompress_none           
00000a1f  Reset_Handler                  
00000a2b  ADC14_IRQHandler               
00000a2b  AES256_IRQHandler              
00000a2b  BusFault_Handler               
00000a2b  COMP_E0_IRQHandler             
00000a2b  COMP_E1_IRQHandler             
00000a2b  CS_IRQHandler                  
00000a2b  DMA_ERR_IRQHandler             
00000a2b  DMA_INT0_IRQHandler            
00000a2b  DMA_INT1_IRQHandler            
00000a2b  DMA_INT2_IRQHandler            
00000a2b  DMA_INT3_IRQHandler            
00000a2b  DebugMon_Handler               
00000a2b  Default_Handler                
00000a2b  EUSCIA0_IRQHandler             
00000a2b  EUSCIA1_IRQHandler             
00000a2b  EUSCIA2_IRQHandler             
00000a2b  EUSCIA3_IRQHandler             
00000a2b  EUSCIB0_IRQHandler             
00000a2b  EUSCIB1_IRQHandler             
00000a2b  EUSCIB2_IRQHandler             
00000a2b  EUSCIB3_IRQHandler             
00000a2b  FLCTL_IRQHandler               
00000a2b  FPU_IRQHandler                 
00000a2b  HardFault_Handler              
00000a2b  MemManage_Handler              
00000a2b  NMI_Handler                    
00000a2b  PCM_IRQHandler                 
00000a2b  PORT1_IRQHandler               
00000a2b  PORT2_IRQHandler               
00000a2b  PORT3_IRQHandler               
00000a2b  PORT4_IRQHandler               
00000a2b  PORT5_IRQHandler               
00000a2b  PORT6_IRQHandler               
00000a2b  PSS_IRQHandler                 
00000a2b  PendSV_Handler                 
00000a2b  RTC_C_IRQHandler               
00000a2b  SVC_Handler                    
00000a2b  SysTick_Handler                
00000a2b  T32_INT1_IRQHandler            
00000a2b  T32_INT2_IRQHandler            
00000a2b  T32_INTC_IRQHandler            
00000a2b  TA0_0_IRQHandler               
00000a2b  TA0_N_IRQHandler               
00000a2b  TA1_0_IRQHandler               
00000a2b  TA1_N_IRQHandler               
00000a2b  TA2_0_IRQHandler               
00000a2b  TA2_N_IRQHandler               
00000a2b  TA3_0_IRQHandler               
00000a2b  TA3_N_IRQHandler               
00000a2b  UsageFault_Handler             
00000a2b  WDT_A_IRQHandler               
00000a2d  _system_pre_init               
00000a31  __mpu_init                     
00000a33  _system_post_cinit             
00000a68  __TI_Handler_Table_Base        
00000a70  __TI_CINIT_Base                
00000a70  __TI_Handler_Table_Limit       
00000a78  __TI_CINIT_Limit               
20000000  ClockFrequency                 
20000004  Prewait                        
20000008  CPMwait                        
2000000c  Postwait                       
20000010  IFlags                         
20000014  Crystalstable                  
20000018  __TI_cleanup_ptr               
2000001c  __TI_dtors_ptr                 
20000020  __TI_enable_exit_profile_output
20000024  _lock                          
20000028  _unlock                        
2000002c  main_func_sp                   
20000030  SystemCoreClock                
2000fe00  __stack                        
20010000  __STACK_END                    
4000480c  WDTCTL_SYM                     
ffffffff  __TI_pprof_out_hndl            
ffffffff  __TI_prof_data_size            
ffffffff  __TI_prof_data_start           
ffffffff  __binit__                      
ffffffff  __c_args__                     
ffffffff  binit                          
UNDEFED   SHT$$INIT_ARRAY$$Base          
UNDEFED   SHT$$INIT_ARRAY$$Limit         

[118 symbols]
