******************************************************************************
                  TI ARM Linker PC v20.2.7                     
******************************************************************************
>> Linked Mon Oct 30 15:38:42 2023

OUTPUT FILE NAME:   <Lab5_UARTComms.out>
ENTRY POINT SYMBOL: "_c_int00_noargs"  address: 00005769


MEMORY CONFIGURATION

         name            origin    length      used     unused   attr    fill
----------------------  --------  ---------  --------  --------  ----  --------
  MAIN                  00000000   00040000  00005c88  0003a378  R  X
  INFO                  00200000   00004000  00000000  00004000  R  X
  SRAM_CODE             01000000   00010000  00003d93  0000c26d  RW X
  SRAM_DATA             20000000   00010000  00003d93  0000c26d  RW  


SEGMENT ALLOCATION MAP

run origin  load origin   length   init length attrs members
----------  ----------- ---------- ----------- ----- -------
00000000    00000000    00005c88   00005c88    r-x
  00000000    00000000    000000e4   000000e4    r-- .intvecs
  000000e4    000000e4    00005990   00005990    r-x .text
  00005a74    00005a74    0000016c   0000016c    r-- .const
  00005be0    00005be0    000000a8   000000a8    r-- .cinit
20000000    20000000    00003b98   00000000    rw-
  20000000    20000000    0000355b   00000000    rw- .bss
  20003560    20003560    00000400   00000000    rw- .sysmem
  20003960    20003960    00000238   00000000    rw- .data
2000fe00    2000fe00    00000200   00000000    rw-
  2000fe00    2000fe00    00000200   00000000    rw- .stack


SECTION ALLOCATION MAP

 output                                  attributes/
section   page    origin      length       input sections
--------  ----  ----------  ----------   ----------------
.intvecs   0    00000000    000000e4     
                  00000000    000000e4     startup_msp432p401r_ccs.obj (.intvecs:retain)

.text      0    000000e4    00005990     
                  000000e4    00000dd4     Lab5_UARTmain.obj (.text)
                  00000eb8    00000a4e     rtsv7M4_T_le_v4SPD16_eabi.lib : _printfi.c.obj (.text:__TI_printfi)
                  00001906    00000002                                   : _lock.c.obj (.text:_nop)
                  00001908    000006bc     UART0.obj (.text)
                  00001fc4    000005ba     EUSCIA0.obj (.text)
                  0000257e    00000002     rtsv7M4_T_le_v4SPD16_eabi.lib : div0.asm.obj (.text)
                  00002580    0000032c     system_msp432p401r.obj (.text)
                  000028ac    00000270     rtsv7M4_T_le_v4SPD16_eabi.lib : _printfi.c.obj (.text:_pconv_a)
                  00002b1c    00000248     LPF.obj (.text)
                  00002d64    00000234     Reflectance.obj (.text)
                  00002f98    00000210     FIFO0.obj (.text)
                  000031a8    000001e0     Clock.obj (.text)
                  00003388    000001d0     rtsv7M4_T_le_v4SPD16_eabi.lib : _printfi.c.obj (.text:_pconv_g)
                  00003558    000001b6                                   : fd_add_t2.asm.obj (.text)
                  0000370e    00000002     --HOLE-- [fill = 0]
                  00003710    000001b0     Motor.obj (.text)
                  000038c0    00000164     ADC14.obj (.text)
                  00003a24    0000013c     rtsv7M4_T_le_v4SPD16_eabi.lib : _printfi.c.obj (.text:_pconv_e)
                  00003b60    00000136                                   : fd_div_t2.asm.obj (.text)
                  00003c96    00000002     --HOLE-- [fill = 0]
                  00003c98    00000124                                   : _printfi.c.obj (.text:fcvt)
                  00003dbc    00000110                                   : fopen.c.obj (.text:_openfile)
                  00003ecc    00000110                                   : s_scalbn.c.obj (.text:scalbn)
                  00003fdc    00000104     TA3InputCapture.obj (.text)
                  000040e0    00000100     rtsv7M4_T_le_v4SPD16_eabi.lib : memory.c.obj (.text:aligned_alloc)
                  000041e0    000000fc                                   : fd_mul_t2.asm.obj (.text)
                  000042dc    000000f8     LaunchPad.obj (.text)
                  000043d4    000000f0     BumpInt.obj (.text)
                  000044c4    000000ec     PWM.obj (.text)
                  000045b0    000000e4     rtsv7M4_T_le_v4SPD16_eabi.lib : memory.c.obj (.text:free)
                  00004694    000000dc                                   : setvbuf.c.obj (.text:setvbuf)
                  00004770    000000bc                                   : open.c.obj (.text:open)
                  0000482c    000000b8                                   : add_device.c.obj (.text:add_device)
                  000048e4    000000b1                                   : _printfi.c.obj (.text:_ltostr)
                  00004995    00000003     --HOLE-- [fill = 0]
                  00004998    000000a8     TimerA1.obj (.text)
                  00004a40    0000009c     rtsv7M4_T_le_v4SPD16_eabi.lib : fopen.c.obj (.text:fopen)
                  00004adc    0000009c                                   : memcpy_t2.asm.obj (.text)
                  00004b78    00000096                                   : ull_div_t2.asm.obj (.text)
                  00004c0e    00000086                                   : fd_cmp_t2.asm.obj (.text:__aeabi_cdcmple)
                  00004c94    00000086                                   : fd_cmp_t2.asm.obj (.text:__aeabi_cdrcmple)
                  00004d1a    0000007a                                   : memset_t2.asm.obj (.text)
                  00004d94    00000074                                   : fclose.c.obj (.text:__TI_closefile)
                  00004e08    00000070                                   : memory.c.obj (.text:split)
                  00004e78    0000006e                                   : _printfi.c.obj (.text:_mcpy)
                  00004ee6    00000002     --HOLE-- [fill = 0]
                  00004ee8    0000006c                                   : hostrename.c.obj (.text:HOSTrename)
                  00004f54    00000068                                   : hostlseek.c.obj (.text:HOSTlseek)
                  00004fbc    00000068                                   : copy_decompress_lzss.c.obj (.text:decompress:lzss:__TI_decompress_lzss)
                  00005024    00000064                                   : s_frexp.c.obj (.text:frexp)
                  00005088    00000060                                   : hostopen.c.obj (.text:HOSTopen)
                  000050e8    0000005c                                   : close.c.obj (.text:close)
                  00005144    00000058                                   : hostread.c.obj (.text:HOSTread)
                  0000519c    00000058                                   : hostwrite.c.obj (.text:HOSTwrite)
                  000051f4    00000056                                   : _printfi.c.obj (.text:_pconv_f)
                  0000524a    00000002     --HOLE-- [fill = 0]
                  0000524c    00000054     IRDistance.obj (.text)
                  000052a0    00000054     rtsv7M4_T_le_v4SPD16_eabi.lib : _ltoa.c.obj (.text:__TI_ltoa)
                  000052f4    00000052                                   : _printfi.c.obj (.text:_ecpy)
                  00005346    0000004c                                   : fflush.c.obj (.text:__TI_doflush)
                  00005392    00000002     --HOLE-- [fill = 0]
                  00005394    0000004c                                   : atoi.c.obj (.text:atoi)
                  000053e0    0000004c                                   : snprintf.c.obj (.text:snprintf)
                  0000542c    00000048                                   : exit.c.obj (.text:exit)
                  00005474    00000048                                   : fd_toi_t2.asm.obj (.text)
                  000054bc    00000044                                   : hostclose.c.obj (.text:HOSTclose)
                  00005500    00000044                                   : hostunlink.c.obj (.text:HOSTunlink)
                  00005544    00000044                                   : autoinit.c.obj (.text:__TI_auto_init_nobinit_nopinit:__TI_auto_init_nobinit_nopinit)
                  00005588    00000044                                   : getdevice.c.obj (.text:getdevice)
                  000055cc    00000044                                   : fd_tou_t2.asm.obj (.text)
                  00005610    00000040                                   : sprintf.c.obj (.text:sprintf)
                  00005650    0000003e                                   : _printfi.c.obj (.text:_fcpy)
                  0000568e    00000002     --HOLE-- [fill = 0]
                  00005690    00000038                                   : trgmsg.c.obj (.text:__TI_writemsg)
                  000056c8    00000036                                   : strncpy.c.obj (.text:strncpy)
                  000056fe    00000002     --HOLE-- [fill = 0]
                  00005700    00000034                                   : fopen.c.obj (.text:__TI_cleanup)
                  00005734    00000034                                   : trgmsg.c.obj (.text:__TI_readmsg)
                  00005768    00000034                                   : boot_cortex_m.c.obj (.text:_c_int00_noargs:_c_int00_noargs)
                  0000579c    00000034                                   : fopen.c.obj (.text:freopen)
                  000057d0    00000030                                   : snprintf.c.obj (.text:_outs)
                  00005800    00000030                                   : getdevice.c.obj (.text:finddevice)
                  00005830    0000002e                                   : i_tofd_t2.asm.obj (.text)
                  0000585e    00000002     --HOLE-- [fill = 0]
                  00005860    0000002c                                   : unlink.c.obj (.text:unlink)
                  0000588c    00000028                                   : memory.c.obj (.text:free_list_insert)
                  000058b4    00000028                                   : write.c.obj (.text:write)
                  000058dc    00000024     CortexM.obj (.text)
                  00005900    00000020     rtsv7M4_T_le_v4SPD16_eabi.lib : u_tofd_t2.asm.obj (.text)
                  00005920    0000001e                                   : strcat.c.obj (.text:strcat)
                  0000593e    00000002     --HOLE-- [fill = 0]
                  00005940    0000001c                                   : memory.c.obj (.text:free_list_remove)
                  0000595c    0000001c                                   : memccpy.c.obj (.text:memccpy)
                  00005978    0000001a                                   : s_copysign.c.obj (.text:copysign)
                  00005992    00000018                                   : snprintf.c.obj (.text:_outc)
                  000059aa    00000018                                   : sprintf.c.obj (.text:_outs)
                  000059c2    00000018                                   : strcmp.c.obj (.text:strcmp)
                  000059da    00000016                                   : strchr.c.obj (.text:strchr)
                  000059f0    00000014                                   : strcpy.c.obj (.text:strcpy)
                  00005a04    00000014                                   : strlen.c.obj (.text:strlen)
                  00005a18    00000012                                   : wcslen.c.obj (.text:wcslen)
                  00005a2a    0000000e                                   : copy_decompress_none.c.obj (.text:decompress:none:__TI_decompress_none)
                  00005a38    0000000e     startup_msp432p401r_ccs.obj (.text)
                  00005a46    0000000c     rtsv7M4_T_le_v4SPD16_eabi.lib : copy_zero_init.c.obj (.text:decompress:ZI:__TI_zero_init)
                  00005a52    0000000a                                   : sprintf.c.obj (.text:_outc)
                  00005a5c    00000008                                   : errno.c.obj (.text:__aeabi_errno_addr)
                  00005a64    00000008                                   : memory.c.obj (.text:malloc)
                  00005a6c    00000004                                   : pre_init.c.obj (.text:_system_pre_init)
                  00005a70    00000004                                   : exit.c.obj (.text:abort:abort)

.const     0    00005a74    0000016c     
                  00005a74    00000101     rtsv7M4_T_le_v4SPD16_eabi.lib : ctype.c.obj (.const:.string:_ctypes_)
                  00005b75    00000003     --HOLE-- [fill = 0]
                  00005b78    00000048     Lab5_UARTmain.obj (.const:fsm)
                  00005bc0    00000020     Reflectance.obj (.const:$P$T0$1)

.cinit     0    00005be0    000000a8     
                  00005be0    0000007d     (.cinit..data.load) [load image, compression = lzss]
                  00005c5d    00000003     --HOLE-- [fill = 0]
                  00005c60    0000000c     (__TI_handler_table)
                  00005c6c    00000004     --HOLE-- [fill = 0]
                  00005c70    00000008     (.cinit..bss.load) [load image, compression = zero_init]
                  00005c78    00000010     (__TI_cinit_table)

.init_array 
*          0    00000000    00000000     UNINITIALIZED

.binit     0    00000000    00000000     

.bss       0    20000000    0000355b     UNINITIALIZED
                  20000000    00001000     (.common:x)
                  20001000    00001000     (.common:x2)
                  20002000    00001000     (.common:x3)
                  20003000    00000200     (.common:TxHistogram)
                  20003200    00000120     rtsv7M4_T_le_v4SPD16_eabi.lib : trgmsg.c.obj (.bss:_CIOBUF_)
                  20003320    000000a0     (.common:__TI_tmpnams)
                  200033c0    00000082     (.common:RxFifo0)
                  20003442    00000082     (.common:TxFifo0)
                  200034c4    00000020     (.common:bumperBuf)
                  200034e4    0000000c     Lab5_UARTmain.obj (.bss:b$1)
                  200034f0    00000008     (.common:Messageb)
                  200034f8    00000008     (.common:Messagec)
                  20003500    00000008     (.common:parmbuf)
                  20003508    00000004     (.common:ADCflag)
                  2000350c    00000004     (.common:I1)
                  20003510    00000004     (.common:I2)
                  20003514    00000004     (.common:I3)
                  20003518    00000004     (.common:LPFSum)
                  2000351c    00000004     (.common:LPFSum2)
                  20003520    00000004     (.common:LPFSum3)
                  20003524    00000004     (.common:Messageindexb)
                  20003528    00000004     (.common:Messageindexc)
                  2000352c    00000004     (.common:OUTPUT)
                  20003530    00000004     (.common:Port4Task)
                  20003534    00000004     (.common:Size)
                  20003538    00000004     (.common:Size2)
                  2000353c    00000004     (.common:Size3)
                  20003540    00000004     (.common:Spt)
                  20003544    00000004     (.common:TimerA1Task)
                  20003548    00000004     (.common:nc)
                  2000354c    00000004     (.common:nl)
                  20003550    00000004     (.common:nr)
                  20003554    00000002     Lab5_UARTmain.obj (.bss)
                  20003556    00000002     (.common:Period0)
                  20003558    00000002     (.common:Period2)
                  2000355a    00000001     (.common:bump_data)

.sysmem    0    20003560    00000400     UNINITIALIZED
                  20003560    00000010     rtsv7M4_T_le_v4SPD16_eabi.lib : memory.c.obj (.sysmem)
                  20003570    000003f0     --HOLE--

.data      0    20003960    00000238     UNINITIALIZED
                  20003960    000000f0     rtsv7M4_T_le_v4SPD16_eabi.lib : defs.c.obj (.data:_ftable)
                  20003a50    00000078                                   : host_device.c.obj (.data:_device)
                  20003ac8    00000050                                   : host_device.c.obj (.data:_stream)
                  20003b18    00000018     Clock.obj (.data)
                  20003b30    00000018     Lab5_UARTmain.obj (.data)
                  20003b48    00000010     rtsv7M4_T_le_v4SPD16_eabi.lib : defs.c.obj (.data)
                  20003b58    0000000c                                   : exit.c.obj (.data:$O1$$)
                  20003b64    00000008                                   : _lock.c.obj (.data:$O1$$)
                  20003b6c    00000008                                   : memory.c.obj (.data:$O1$$)
                  20003b74    00000008     TA3InputCapture.obj (.data)
                  20003b7c    00000006     Lab5_UARTmain.obj (.data:bumperArr)
                  20003b82    00000002     --HOLE--
                  20003b84    00000004     rtsv7M4_T_le_v4SPD16_eabi.lib : add_device.c.obj (.data)
                  20003b88    00000004                                   : errno.c.obj (.data)
                  20003b8c    00000004                                   : fopen.c.obj (.data)
                  20003b90    00000004                                   : open.c.obj (.data)
                  20003b94    00000004     system_msp432p401r.obj (.data)

.stack     0    2000fe00    00000200     UNINITIALIZED
                  2000fe00    00000004     rtsv7M4_T_le_v4SPD16_eabi.lib : boot_cortex_m.c.obj (.stack)
                  2000fe04    000001fc     --HOLE--

__llvm_prf_cnts 
*          0    20000000    00000000     UNINITIALIZED

MODULE SUMMARY

       Module                        code    ro data   rw data
       ------                        ----    -------   -------
    .\
       LPF.obj                       584     0         24648  
       Lab5_UARTmain.obj             3540    72        210    
       FIFO0.obj                     528     0         1544   
       UART0.obj                     1724    0         24     
       EUSCIA0.obj                   1466    0         24     
       system_msp432p401r.obj        812     0         8      
       Reflectance.obj               564     32        0      
       Clock.obj                     480     0         48     
       Motor.obj                     432     0         0      
       ADC14.obj                     356     0         0      
       TA3InputCapture.obj           260     0         16     
       BumpInt.obj                   240     0         8      
       LaunchPad.obj                 248     0         0      
       startup_msp432p401r_ccs.obj   14      228       0      
       PWM.obj                       236     0         0      
       TimerA1.obj                   168     0         8      
       IRDistance.obj                84      0         0      
       CortexM.obj                   36      0         0      
    +--+-----------------------------+-------+---------+---------+
       Total:                        11772   332       26538  
                                                              
    C:\ti\ccs1240\ccs\tools\compiler\ti-cgt-arm_20.2.7.LTS\lib\rtsv7M4_T_le_v4SPD16_eabi.lib
       _printfi.c.obj                4851    0         0      
       defs.c.obj                    0       0         832    
       memory.c.obj                  672     0         16     
       trgmsg.c.obj                  108     0         576    
       fopen.c.obj                   532     0         8      
       fd_add_t2.asm.obj             438     0         0      
       host_device.c.obj             0       0         400    
       fd_div_t2.asm.obj             310     0         0      
       s_scalbn.c.obj                272     0         0      
       fd_cmp_t2.asm.obj             268     0         0      
       ctype.c.obj                   0       257       0      
       fd_mul_t2.asm.obj             252     0         0      
       setvbuf.c.obj                 220     0         0      
       open.c.obj                    188     0         8      
       add_device.c.obj              184     0         8      
       memcpy_t2.asm.obj             156     0         0      
       ull_div_t2.asm.obj            150     0         0      
       snprintf.c.obj                148     0         0      
       memset_t2.asm.obj             122     0         0      
       fclose.c.obj                  116     0         0      
       getdevice.c.obj               116     0         0      
       hostopen.c.obj                96      0         16     
       hostrename.c.obj              108     0         0      
       copy_decompress_lzss.c.obj    104     0         0      
       hostlseek.c.obj               104     0         0      
       exit.c.obj                    76      0         24     
       s_frexp.c.obj                 100     0         0      
       sprintf.c.obj                 98      0         0      
       close.c.obj                   92      0         0      
       hostread.c.obj                88      0         0      
       hostwrite.c.obj               88      0         0      
       _ltoa.c.obj                   84      0         0      
       atoi.c.obj                    76      0         0      
       fflush.c.obj                  76      0         0      
       fd_toi_t2.asm.obj             72      0         0      
       autoinit.c.obj                68      0         0      
       fd_tou_t2.asm.obj             68      0         0      
       hostclose.c.obj               68      0         0      
       hostunlink.c.obj              68      0         0      
       strncpy.c.obj                 54      0         0      
       boot_cortex_m.c.obj           52      0         0      
       i_tofd_t2.asm.obj             46      0         0      
       unlink.c.obj                  44      0         0      
       write.c.obj                   40      0         0      
       u_tofd_t2.asm.obj             32      0         0      
       strcat.c.obj                  30      0         0      
       memccpy.c.obj                 28      0         0      
       s_copysign.c.obj              26      0         0      
       strcmp.c.obj                  24      0         0      
       strchr.c.obj                  22      0         0      
       strcpy.c.obj                  20      0         0      
       strlen.c.obj                  20      0         0      
       _lock.c.obj                   2       0         16     
       wcslen.c.obj                  18      0         0      
       errno.c.obj                   8       0         8      
       copy_decompress_none.c.obj    14      0         0      
       copy_zero_init.c.obj          12      0         0      
       pre_init.c.obj                4       0         0      
       div0.asm.obj                  2       0         0      
    +--+-----------------------------+-------+---------+---------+
       Total:                        11135   257       1912   
                                                              
       Heap:                         0       0         2048   
       Stack:                        0       0         1024   
       Linker Generated:             0       161       0      
    +--+-----------------------------+-------+---------+---------+
       Grand Total:                  22907   750       31522  


LINKER GENERATED COPY TABLES

__TI_cinit_table @ 00005c78 records: 2, size/record: 8, table size: 16
	.data: load addr=00005be0, load size=0000007d bytes, run addr=20003960, run size=00000238 bytes, compression=lzss
	.bss: load addr=00005c70, load size=00000008 bytes, run addr=20000000, run size=0000355b bytes, compression=zero_init


LINKER GENERATED HANDLER TABLE

__TI_handler_table @ 00005c60 records: 3, size/record: 4, table size: 12
	index: 0, handler: __TI_decompress_lzss
	index: 1, handler: __TI_decompress_none
	index: 2, handler: __TI_zero_init


GLOBAL SYMBOLS: SORTED ALPHABETICALLY BY Name 

address   name                           
-------   ----                           
000038c1  ADC0_InitSWTriggerCh12         
00003931  ADC0_InitSWTriggerCh17_12_16   
00005a45  ADC14_IRQHandler               
00003911  ADC_In12                       
000039a1  ADC_In17_12_16                 
20003508  ADCflag                        
00000ba5  ADV_BumpTest                   
00000c95  ADV_LineFollowTest             
00005a45  AES256_IRQHandler              
00000947  BSC_BumperTest                 
00000889  BSC_IRTest                     
0000049d  BSC_MotorTest                  
00000a13  BSC_ReflectanceTest            
00000a85  BSC_TachometerTest             
0000017d  BumpDetected                   
000043d5  BumpInt_Init                   
0000444f  Bump_Read                      
00005a45  BusFault_Handler               
00005a71  C$$EXIT                        
000056bf  C$$IO$$                        
00005a45  COMP_E0_IRQHandler             
00005a45  COMP_E1_IRQHandler             
20003b20  CPMwait                        
00005a45  CS_IRQHandler                  
20003b74  CaptureTask0                   
20003b78  CaptureTask2                   
00005267  CenterConvert                  
20003b18  ClockFrequency                 
000032fd  Clock_Delay1ms                 
000032d3  Clock_Delay1us                 
000032bf  Clock_GetFreq                  
000031a9  Clock_Init48MHz                
20003b2c  Crystalstable                  
00005a45  DMA_ERR_IRQHandler             
00005a45  DMA_INT0_IRQHandler            
00005a45  DMA_INT1_IRQHandler            
00005a45  DMA_INT2_IRQHandler            
00005a45  DMA_INT3_IRQHandler            
00005a45  DebugMon_Handler               
00005a45  Default_Handler                
000058dd  DisableInterrupts              
20003b34  Done0                          
20003b3c  Done2                          
00002057  EUSCIA0_IRQHandler             
00002057  EUSCIA0_IRQHandler             
0000202b  EUSCIA0_InChar                 
000024f5  EUSCIA0_InString               
000020ab  EUSCIA0_InUDec                 
000023a9  EUSCIA0_InUHex                 
00001fc5  EUSCIA0_Init                   
0000203d  EUSCIA0_OutChar                
0000208d  EUSCIA0_OutString              
0000212f  EUSCIA0_OutUDec                
000022c1  EUSCIA0_OutUDec4               
000022f9  EUSCIA0_OutUDec5               
00002335  EUSCIA0_OutUFix1               
0000235d  EUSCIA0_OutUFix2               
00002471  EUSCIA0_OutUHex                
000024d7  EUSCIA0_OutUHex2               
000024b5  EUSCIA0outnibble               
00005a45  EUSCIA1_IRQHandler             
00005a45  EUSCIA2_IRQHandler             
00005a45  EUSCIA3_IRQHandler             
00005a45  EUSCIB0_IRQHandler             
00005a45  EUSCIB1_IRQHandler             
00005a45  EUSCIB2_IRQHandler             
00005a45  EUSCIB3_IRQHandler             
000058e3  EnableInterrupts               
000058f3  EndCritical                    
00005a45  FLCTL_IRQHandler               
00005a45  FPU_IRQHandler                 
20003b30  First0                         
20003b38  First2                         
000054bd  HOSTclose                      
00004f55  HOSTlseek                      
00005089  HOSTopen                       
00005145  HOSTread                       
00004ee9  HOSTrename                     
00005501  HOSTunlink                     
0000519d  HOSTwrite                      
00005a45  HardFault_Handler              
2000350c  I1                             
20003510  I2                             
20003514  I3                             
20003b28  IFlags                         
000001a1  IR_ISR                         
20003518  LPFSum                         
2000351c  LPFSum2                        
20003520  LPFSum3                        
00002b7b  LPF_Calc                       
00002c2d  LPF_Calc2                      
00002cdf  LPF_Calc3                      
00002b1d  LPF_Init                       
00002bcf  LPF_Init2                      
00002c81  LPF_Init3                      
000042dd  LaunchPad_Init                 
0000434d  LaunchPad_Input                
0000436b  LaunchPad_LED                  
00004389  LaunchPad_Output               
0000524d  LeftConvert                    
20003b40  LeftRPM                        
00005a45  MemManage_Handler              
200034f0  Messageb                       
200034f8  Messagec                       
20003524  Messageindexb                  
20003528  Messageindexc                  
00000d6d  MotorActivate                  
00003861  Motor_Backward                 
000037bd  Motor_Forward                  
00003711  Motor_Init                     
00003827  Motor_Left                     
000037ed  Motor_Right                    
00003799  Motor_Stop                     
00005a45  NMI_Handler                    
2000352c  OUTPUT                         
00005a45  PCM_IRQHandler                 
00005a45  PORT1_IRQHandler               
00005a45  PORT2_IRQHandler               
00005a45  PORT3_IRQHandler               
00004487  PORT4_IRQHandler               
00004487  PORT4_IRQHandler               
00005a45  PORT5_IRQHandler               
00005a45  PORT6_IRQHandler               
00005a45  PSS_IRQHandler                 
00004549  PWM_Duty3                      
00004569  PWM_Duty4                      
000044c5  PWM_Init34                     
00005a45  PendSV_Handler                 
20003556  Period0                        
20003558  Period2                        
000001f1  PeriodMeasure0                 
0000021f  PeriodMeasure2                 
20003530  Port4Task                      
00002d75  Port5_Init                     
00002ddd  Port7_Init                     
00002e0f  Port7_InitToInput              
00002df9  Port7_Output_ChargeCap         
00002da9  Port9_Init                     
20003b24  Postwait                       
20003b1c  Prewait                        
0000016d  RSLK_Reset                     
00005a45  RTC_C_IRQHandler               
00002e69  Reflectance_Center             
00002f31  Reflectance_End                
00002d65  Reflectance_Init               
00002eb9  Reflectance_Position           
00002e1b  Reflectance_Read               
00002f0b  Reflectance_Start              
00005a39  Reset_Handler                  
00005281  RightConvert                   
20003b44  RightRPM                       
200033c0  RxFifo0                        
00003113  RxFifo0_Get                    
000030b9  RxFifo0_Init                   
000030c5  RxFifo0_Put                    
00003151  RxFifo0_Size                   
00005a45  SVC_Handler                    
20003534  Size                           
20003538  Size2                          
2000353c  Size3                          
20003540  Spt                            
000058e9  StartCritical                  
00005a45  SysTick_Handler                
20003b94  SystemCoreClock                
00002581  SystemCoreClockUpdate          
000027f5  SystemInit                     
00005a45  T32_INT1_IRQHandler            
00005a45  T32_INT2_IRQHandler            
00005a45  T32_INTC_IRQHandler            
00005a45  TA0_0_IRQHandler               
00005a45  TA0_N_IRQHandler               
00004a0b  TA1_0_IRQHandler               
00004a0b  TA1_0_IRQHandler               
00005a45  TA1_N_IRQHandler               
00005a45  TA2_0_IRQHandler               
00005a45  TA2_N_IRQHandler               
0000406f  TA3_0_IRQHandler               
0000406f  TA3_0_IRQHandler               
00004089  TA3_N_IRQHandler               
00004089  TA3_N_IRQHandler               
0000015d  TimedPause                     
20003544  TimerA1Task                    
00004999  TimerA1_Init                   
000049f7  TimerA1_Stop                   
00003fe9  TimerA3Capture_Init            
20003442  TxFifo0                        
00003025  TxFifo0_Get                    
00002f99  TxFifo0_Init                   
00002fcb  TxFifo0_Put                    
00003063  TxFifo0_Size                   
20003000  TxHistogram                    
0000194f  UART0_InChar                   
00001dd9  UART0_InString                 
00001999  UART0_InUDec                   
00001c8d  UART0_InUHex                   
00001909  UART0_Init                     
00001f39  UART0_Initprintf               
0000195f  UART0_OutChar                  
0000197b  UART0_OutString                
00001a1d  UART0_OutUDec                  
00001b89  UART0_OutUDec4                 
00001bdd  UART0_OutUDec5                 
00001c19  UART0_OutUFix1                 
00001c41  UART0_OutUFix2                 
00001d51  UART0_OutUHex                  
00001dbd  UART0_OutUHex2                 
00005a45  UsageFault_Handler             
4000480c  WDTCTL_SYM                     
00005a45  WDT_A_IRQHandler               
000058fb  WaitForInterrupt               
20003200  __CIOBUF_                      
20010000  __STACK_END                    
00000200  __STACK_SIZE                   
00000400  __SYSMEM_SIZE                  
00005c78  __TI_CINIT_Base                
00005c88  __TI_CINIT_Limit               
00005c60  __TI_Handler_Table_Base        
00005c6c  __TI_Handler_Table_Limit       
00005545  __TI_auto_init_nobinit_nopinit 
00005701  __TI_cleanup                   
20003b58  __TI_cleanup_ptr               
00004d95  __TI_closefile                 
00004fbd  __TI_decompress_lzss           
00005a2b  __TI_decompress_none           
00005347  __TI_doflush                   
20003b5c  __TI_dtors_ptr                 
20003b60  __TI_enable_exit_profile_output
20003b48  __TI_ft_end                    
000052a1  __TI_ltoa                      
ffffffff  __TI_pprof_out_hndl            
00000eb9  __TI_printfi                   
ffffffff  __TI_prof_data_size            
ffffffff  __TI_prof_data_start           
00005735  __TI_readmsg                   
00000000  __TI_static_base__             
20003320  __TI_tmpnams                   
00005691  __TI_writemsg                  
00005a47  __TI_zero_init                 
00004c0f  __aeabi_cdcmpeq                
00004c0f  __aeabi_cdcmple                
00004c95  __aeabi_cdrcmple               
00005475  __aeabi_d2iz                   
000055cd  __aeabi_d2uiz                  
00003563  __aeabi_dadd                   
00003b61  __aeabi_ddiv                   
000041e1  __aeabi_dmul                   
00003559  __aeabi_dsub                   
00005a5d  __aeabi_errno_addr             
00005831  __aeabi_i2d                    
0000257f  __aeabi_idiv0                  
0000257f  __aeabi_ldiv0                  
00004d1b  __aeabi_memclr                 
00004d1b  __aeabi_memclr4                
00004d1b  __aeabi_memclr8                
00004add  __aeabi_memcpy                 
00004add  __aeabi_memcpy4                
00004add  __aeabi_memcpy8                
00004d1d  __aeabi_memset                 
00004d1d  __aeabi_memset4                
00004d1d  __aeabi_memset8                
20003b54  __aeabi_stderr                 
20003b4c  __aeabi_stdin                  
20003b50  __aeabi_stdout                 
00005901  __aeabi_ui2d                   
00004b79  __aeabi_uldivmod               
ffffffff  __binit__                      
ffffffff  __c_args__                     
UNDEFED   __mpu_init                     
2000fe00  __stack                        
20000000  __start___llvm_prf_cnts        
20000000  __stop___llvm_prf_cnts         
00005769  _c_int00_noargs                
00005a74  _ctypes_                       
20003a50  _device                        
20003960  _ftable                        
20003b64  _lock                          
00001907  _nop                           
20003ac8  _stream                        
20003560  _sys_memory                    
UNDEFED   _system_post_cinit             
00005a6d  _system_pre_init               
20003b68  _unlock                        
00005a71  abort                          
0000482d  add_device                     
000040e1  aligned_alloc                  
00005395  atoi                           
ffffffff  binit                          
2000355a  bump_data                      
20003b7c  bumperArr                      
200034c4  bumperBuf                      
000050e9  close                          
00005979  copysign                       
00005979  copysignl                      
000032c5  delay                          
20003b88  errno                          
0000542d  exit                           
00001e73  ferror                         
00001e53  fgetc                          
00005801  finddevice                     
00004a41  fopen                          
000045b1  free                           
0000579d  freopen                        
00005025  frexp                          
00005025  frexpl                         
00005b78  fsm                            
00005589  getdevice                      
00000000  interruptVectors               
00003ecd  ldexp                          
00003ecd  ldexpl                         
0000029d  main                           
00005a65  malloc                         
000040e1  memalign                       
0000595d  memccpy                        
00004add  memcpy                         
00004d23  memset                         
20003548  nc                             
2000354c  nl                             
20003550  nr                             
00004771  open                           
00001d95  outnibble                      
20003500  parmbuf                        
00005861  remove                         
00003ecd  scalbn                         
00003ecd  scalbnl                        
00004695  setvbuf                        
000053e1  snprintf                       
00005611  sprintf                        
00005921  strcat                         
000059db  strchr                         
000059c3  strcmp                         
000059f1  strcpy                         
00005a05  strlen                         
000056c9  strncpy                        
00003fdd  ta3dummy                       
000000e5  toByte                         
00001e91  uart_close                     
00001f0f  uart_lseek                     
00001e81  uart_open                      
00001ea3  uart_read                      
00001f2b  uart_rename                    
00001f1f  uart_unlink                    
00001ecd  uart_write                     
00005861  unlink                         
00005a19  wcslen                         
000058b5  write                          
20000000  x                              
20001000  x2                             
20002000  x3                             


GLOBAL SYMBOLS: SORTED BY Symbol Address 

address   name                           
-------   ----                           
00000000  __TI_static_base__             
00000000  interruptVectors               
000000e5  toByte                         
0000015d  TimedPause                     
0000016d  RSLK_Reset                     
0000017d  BumpDetected                   
000001a1  IR_ISR                         
000001f1  PeriodMeasure0                 
00000200  __STACK_SIZE                   
0000021f  PeriodMeasure2                 
0000029d  main                           
00000400  __SYSMEM_SIZE                  
0000049d  BSC_MotorTest                  
00000889  BSC_IRTest                     
00000947  BSC_BumperTest                 
00000a13  BSC_ReflectanceTest            
00000a85  BSC_TachometerTest             
00000ba5  ADV_BumpTest                   
00000c95  ADV_LineFollowTest             
00000d6d  MotorActivate                  
00000eb9  __TI_printfi                   
00001907  _nop                           
00001909  UART0_Init                     
0000194f  UART0_InChar                   
0000195f  UART0_OutChar                  
0000197b  UART0_OutString                
00001999  UART0_InUDec                   
00001a1d  UART0_OutUDec                  
00001b89  UART0_OutUDec4                 
00001bdd  UART0_OutUDec5                 
00001c19  UART0_OutUFix1                 
00001c41  UART0_OutUFix2                 
00001c8d  UART0_InUHex                   
00001d51  UART0_OutUHex                  
00001d95  outnibble                      
00001dbd  UART0_OutUHex2                 
00001dd9  UART0_InString                 
00001e53  fgetc                          
00001e73  ferror                         
00001e81  uart_open                      
00001e91  uart_close                     
00001ea3  uart_read                      
00001ecd  uart_write                     
00001f0f  uart_lseek                     
00001f1f  uart_unlink                    
00001f2b  uart_rename                    
00001f39  UART0_Initprintf               
00001fc5  EUSCIA0_Init                   
0000202b  EUSCIA0_InChar                 
0000203d  EUSCIA0_OutChar                
00002057  EUSCIA0_IRQHandler             
00002057  EUSCIA0_IRQHandler             
0000208d  EUSCIA0_OutString              
000020ab  EUSCIA0_InUDec                 
0000212f  EUSCIA0_OutUDec                
000022c1  EUSCIA0_OutUDec4               
000022f9  EUSCIA0_OutUDec5               
00002335  EUSCIA0_OutUFix1               
0000235d  EUSCIA0_OutUFix2               
000023a9  EUSCIA0_InUHex                 
00002471  EUSCIA0_OutUHex                
000024b5  EUSCIA0outnibble               
000024d7  EUSCIA0_OutUHex2               
000024f5  EUSCIA0_InString               
0000257f  __aeabi_idiv0                  
0000257f  __aeabi_ldiv0                  
00002581  SystemCoreClockUpdate          
000027f5  SystemInit                     
00002b1d  LPF_Init                       
00002b7b  LPF_Calc                       
00002bcf  LPF_Init2                      
00002c2d  LPF_Calc2                      
00002c81  LPF_Init3                      
00002cdf  LPF_Calc3                      
00002d65  Reflectance_Init               
00002d75  Port5_Init                     
00002da9  Port9_Init                     
00002ddd  Port7_Init                     
00002df9  Port7_Output_ChargeCap         
00002e0f  Port7_InitToInput              
00002e1b  Reflectance_Read               
00002e69  Reflectance_Center             
00002eb9  Reflectance_Position           
00002f0b  Reflectance_Start              
00002f31  Reflectance_End                
00002f99  TxFifo0_Init                   
00002fcb  TxFifo0_Put                    
00003025  TxFifo0_Get                    
00003063  TxFifo0_Size                   
000030b9  RxFifo0_Init                   
000030c5  RxFifo0_Put                    
00003113  RxFifo0_Get                    
00003151  RxFifo0_Size                   
000031a9  Clock_Init48MHz                
000032bf  Clock_GetFreq                  
000032c5  delay                          
000032d3  Clock_Delay1us                 
000032fd  Clock_Delay1ms                 
00003559  __aeabi_dsub                   
00003563  __aeabi_dadd                   
00003711  Motor_Init                     
00003799  Motor_Stop                     
000037bd  Motor_Forward                  
000037ed  Motor_Right                    
00003827  Motor_Left                     
00003861  Motor_Backward                 
000038c1  ADC0_InitSWTriggerCh12         
00003911  ADC_In12                       
00003931  ADC0_InitSWTriggerCh17_12_16   
000039a1  ADC_In17_12_16                 
00003b61  __aeabi_ddiv                   
00003ecd  ldexp                          
00003ecd  ldexpl                         
00003ecd  scalbn                         
00003ecd  scalbnl                        
00003fdd  ta3dummy                       
00003fe9  TimerA3Capture_Init            
0000406f  TA3_0_IRQHandler               
0000406f  TA3_0_IRQHandler               
00004089  TA3_N_IRQHandler               
00004089  TA3_N_IRQHandler               
000040e1  aligned_alloc                  
000040e1  memalign                       
000041e1  __aeabi_dmul                   
000042dd  LaunchPad_Init                 
0000434d  LaunchPad_Input                
0000436b  LaunchPad_LED                  
00004389  LaunchPad_Output               
000043d5  BumpInt_Init                   
0000444f  Bump_Read                      
00004487  PORT4_IRQHandler               
00004487  PORT4_IRQHandler               
000044c5  PWM_Init34                     
00004549  PWM_Duty3                      
00004569  PWM_Duty4                      
000045b1  free                           
00004695  setvbuf                        
00004771  open                           
0000482d  add_device                     
00004999  TimerA1_Init                   
000049f7  TimerA1_Stop                   
00004a0b  TA1_0_IRQHandler               
00004a0b  TA1_0_IRQHandler               
00004a41  fopen                          
00004add  __aeabi_memcpy                 
00004add  __aeabi_memcpy4                
00004add  __aeabi_memcpy8                
00004add  memcpy                         
00004b79  __aeabi_uldivmod               
00004c0f  __aeabi_cdcmpeq                
00004c0f  __aeabi_cdcmple                
00004c95  __aeabi_cdrcmple               
00004d1b  __aeabi_memclr                 
00004d1b  __aeabi_memclr4                
00004d1b  __aeabi_memclr8                
00004d1d  __aeabi_memset                 
00004d1d  __aeabi_memset4                
00004d1d  __aeabi_memset8                
00004d23  memset                         
00004d95  __TI_closefile                 
00004ee9  HOSTrename                     
00004f55  HOSTlseek                      
00004fbd  __TI_decompress_lzss           
00005025  frexp                          
00005025  frexpl                         
00005089  HOSTopen                       
000050e9  close                          
00005145  HOSTread                       
0000519d  HOSTwrite                      
0000524d  LeftConvert                    
00005267  CenterConvert                  
00005281  RightConvert                   
000052a1  __TI_ltoa                      
00005347  __TI_doflush                   
00005395  atoi                           
000053e1  snprintf                       
0000542d  exit                           
00005475  __aeabi_d2iz                   
000054bd  HOSTclose                      
00005501  HOSTunlink                     
00005545  __TI_auto_init_nobinit_nopinit 
00005589  getdevice                      
000055cd  __aeabi_d2uiz                  
00005611  sprintf                        
00005691  __TI_writemsg                  
000056bf  C$$IO$$                        
000056c9  strncpy                        
00005701  __TI_cleanup                   
00005735  __TI_readmsg                   
00005769  _c_int00_noargs                
0000579d  freopen                        
00005801  finddevice                     
00005831  __aeabi_i2d                    
00005861  remove                         
00005861  unlink                         
000058b5  write                          
000058dd  DisableInterrupts              
000058e3  EnableInterrupts               
000058e9  StartCritical                  
000058f3  EndCritical                    
000058fb  WaitForInterrupt               
00005901  __aeabi_ui2d                   
00005921  strcat                         
0000595d  memccpy                        
00005979  copysign                       
00005979  copysignl                      
000059c3  strcmp                         
000059db  strchr                         
000059f1  strcpy                         
00005a05  strlen                         
00005a19  wcslen                         
00005a2b  __TI_decompress_none           
00005a39  Reset_Handler                  
00005a45  ADC14_IRQHandler               
00005a45  AES256_IRQHandler              
00005a45  BusFault_Handler               
00005a45  COMP_E0_IRQHandler             
00005a45  COMP_E1_IRQHandler             
00005a45  CS_IRQHandler                  
00005a45  DMA_ERR_IRQHandler             
00005a45  DMA_INT0_IRQHandler            
00005a45  DMA_INT1_IRQHandler            
00005a45  DMA_INT2_IRQHandler            
00005a45  DMA_INT3_IRQHandler            
00005a45  DebugMon_Handler               
00005a45  Default_Handler                
00005a45  EUSCIA1_IRQHandler             
00005a45  EUSCIA2_IRQHandler             
00005a45  EUSCIA3_IRQHandler             
00005a45  EUSCIB0_IRQHandler             
00005a45  EUSCIB1_IRQHandler             
00005a45  EUSCIB2_IRQHandler             
00005a45  EUSCIB3_IRQHandler             
00005a45  FLCTL_IRQHandler               
00005a45  FPU_IRQHandler                 
00005a45  HardFault_Handler              
00005a45  MemManage_Handler              
00005a45  NMI_Handler                    
00005a45  PCM_IRQHandler                 
00005a45  PORT1_IRQHandler               
00005a45  PORT2_IRQHandler               
00005a45  PORT3_IRQHandler               
00005a45  PORT5_IRQHandler               
00005a45  PORT6_IRQHandler               
00005a45  PSS_IRQHandler                 
00005a45  PendSV_Handler                 
00005a45  RTC_C_IRQHandler               
00005a45  SVC_Handler                    
00005a45  SysTick_Handler                
00005a45  T32_INT1_IRQHandler            
00005a45  T32_INT2_IRQHandler            
00005a45  T32_INTC_IRQHandler            
00005a45  TA0_0_IRQHandler               
00005a45  TA0_N_IRQHandler               
00005a45  TA1_N_IRQHandler               
00005a45  TA2_0_IRQHandler               
00005a45  TA2_N_IRQHandler               
00005a45  UsageFault_Handler             
00005a45  WDT_A_IRQHandler               
00005a47  __TI_zero_init                 
00005a5d  __aeabi_errno_addr             
00005a65  malloc                         
00005a6d  _system_pre_init               
00005a71  C$$EXIT                        
00005a71  abort                          
00005a74  _ctypes_                       
00005b78  fsm                            
00005c60  __TI_Handler_Table_Base        
00005c6c  __TI_Handler_Table_Limit       
00005c78  __TI_CINIT_Base                
00005c88  __TI_CINIT_Limit               
20000000  __start___llvm_prf_cnts        
20000000  __stop___llvm_prf_cnts         
20000000  x                              
20001000  x2                             
20002000  x3                             
20003000  TxHistogram                    
20003200  __CIOBUF_                      
20003320  __TI_tmpnams                   
200033c0  RxFifo0                        
20003442  TxFifo0                        
200034c4  bumperBuf                      
200034f0  Messageb                       
200034f8  Messagec                       
20003500  parmbuf                        
20003508  ADCflag                        
2000350c  I1                             
20003510  I2                             
20003514  I3                             
20003518  LPFSum                         
2000351c  LPFSum2                        
20003520  LPFSum3                        
20003524  Messageindexb                  
20003528  Messageindexc                  
2000352c  OUTPUT                         
20003530  Port4Task                      
20003534  Size                           
20003538  Size2                          
2000353c  Size3                          
20003540  Spt                            
20003544  TimerA1Task                    
20003548  nc                             
2000354c  nl                             
20003550  nr                             
20003556  Period0                        
20003558  Period2                        
2000355a  bump_data                      
20003560  _sys_memory                    
20003960  _ftable                        
20003a50  _device                        
20003ac8  _stream                        
20003b18  ClockFrequency                 
20003b1c  Prewait                        
20003b20  CPMwait                        
20003b24  Postwait                       
20003b28  IFlags                         
20003b2c  Crystalstable                  
20003b30  First0                         
20003b34  Done0                          
20003b38  First2                         
20003b3c  Done2                          
20003b40  LeftRPM                        
20003b44  RightRPM                       
20003b48  __TI_ft_end                    
20003b4c  __aeabi_stdin                  
20003b50  __aeabi_stdout                 
20003b54  __aeabi_stderr                 
20003b58  __TI_cleanup_ptr               
20003b5c  __TI_dtors_ptr                 
20003b60  __TI_enable_exit_profile_output
20003b64  _lock                          
20003b68  _unlock                        
20003b74  CaptureTask0                   
20003b78  CaptureTask2                   
20003b7c  bumperArr                      
20003b88  errno                          
20003b94  SystemCoreClock                
2000fe00  __stack                        
20010000  __STACK_END                    
4000480c  WDTCTL_SYM                     
ffffffff  __TI_pprof_out_hndl            
ffffffff  __TI_prof_data_size            
ffffffff  __TI_prof_data_start           
ffffffff  __binit__                      
ffffffff  __c_args__                     
ffffffff  binit                          
UNDEFED   __mpu_init                     
UNDEFED   _system_post_cinit             

[348 symbols]
