<?xml version="1.0" encoding="ISO-8859-1" ?>
<link_info>
   <banner>TI ARM Linker PC v20.2.7.LTS</banner>
   <copyright>Copyright (c) 1996-2018 Texas Instruments Incorporated</copyright>
   <link_time>0x653f5d82</link_time>
   <link_errors>0x0</link_errors>
   <output_file>Lab5_UARTComms.out</output_file>
   <entry_point>
      <name>_c_int00_noargs</name>
      <address>0x5769</address>
   </entry_point>
   <input_file_list>
      <input_file id="fl-2">
         <path>.\</path>
         <kind>object</kind>
         <file>ADC14.obj</file>
         <name>ADC14.obj</name>
      </input_file>
      <input_file id="fl-3">
         <path>.\</path>
         <kind>object</kind>
         <file>BumpInt.obj</file>
         <name>BumpInt.obj</name>
      </input_file>
      <input_file id="fl-4">
         <path>.\</path>
         <kind>object</kind>
         <file>Clock.obj</file>
         <name>Clock.obj</name>
      </input_file>
      <input_file id="fl-5">
         <path>.\</path>
         <kind>object</kind>
         <file>CortexM.obj</file>
         <name>CortexM.obj</name>
      </input_file>
      <input_file id="fl-6">
         <path>.\</path>
         <kind>object</kind>
         <file>EUSCIA0.obj</file>
         <name>EUSCIA0.obj</name>
      </input_file>
      <input_file id="fl-7">
         <path>.\</path>
         <kind>object</kind>
         <file>FIFO0.obj</file>
         <name>FIFO0.obj</name>
      </input_file>
      <input_file id="fl-8">
         <path>.\</path>
         <kind>object</kind>
         <file>IRDistance.obj</file>
         <name>IRDistance.obj</name>
      </input_file>
      <input_file id="fl-9">
         <path>.\</path>
         <kind>object</kind>
         <file>LPF.obj</file>
         <name>LPF.obj</name>
      </input_file>
      <input_file id="fl-a">
         <path>.\</path>
         <kind>object</kind>
         <file>Lab5_UARTmain.obj</file>
         <name>Lab5_UARTmain.obj</name>
      </input_file>
      <input_file id="fl-b">
         <path>.\</path>
         <kind>object</kind>
         <file>LaunchPad.obj</file>
         <name>LaunchPad.obj</name>
      </input_file>
      <input_file id="fl-c">
         <path>.\</path>
         <kind>object</kind>
         <file>Motor.obj</file>
         <name>Motor.obj</name>
      </input_file>
      <input_file id="fl-d">
         <path>.\</path>
         <kind>object</kind>
         <file>PWM.obj</file>
         <name>PWM.obj</name>
      </input_file>
      <input_file id="fl-e">
         <path>.\</path>
         <kind>object</kind>
         <file>Reflectance.obj</file>
         <name>Reflectance.obj</name>
      </input_file>
      <input_file id="fl-f">
         <path>.\</path>
         <kind>object</kind>
         <file>SysTickInts.obj</file>
         <name>SysTickInts.obj</name>
      </input_file>
      <input_file id="fl-10">
         <path>.\</path>
         <kind>object</kind>
         <file>TA3InputCapture.obj</file>
         <name>TA3InputCapture.obj</name>
      </input_file>
      <input_file id="fl-11">
         <path>.\</path>
         <kind>object</kind>
         <file>TimerA1.obj</file>
         <name>TimerA1.obj</name>
      </input_file>
      <input_file id="fl-12">
         <path>.\</path>
         <kind>object</kind>
         <file>UART0.obj</file>
         <name>UART0.obj</name>
      </input_file>
      <input_file id="fl-13">
         <path>.\</path>
         <kind>object</kind>
         <file>startup_msp432p401r_ccs.obj</file>
         <name>startup_msp432p401r_ccs.obj</name>
      </input_file>
      <input_file id="fl-14">
         <path>.\</path>
         <kind>object</kind>
         <file>system_msp432p401r.obj</file>
         <name>system_msp432p401r.obj</name>
      </input_file>
      <input_file id="fl-18">
         <kind>object</kind>
         <file>&lt;internal&gt;</file>
         <name>&lt;internal&gt;</name>
      </input_file>
      <input_file id="fl-ce">
         <path>C:\ti\ccs1240\ccs\tools\compiler\ti-cgt-arm_20.2.7.LTS\lib\</path>
         <kind>archive</kind>
         <file>rtsv7M4_T_le_v4SPD16_eabi.lib</file>
         <name>snprintf.c.obj</name>
      </input_file>
      <input_file id="fl-cf">
         <path>C:\ti\ccs1240\ccs\tools\compiler\ti-cgt-arm_20.2.7.LTS\lib\</path>
         <kind>archive</kind>
         <file>rtsv7M4_T_le_v4SPD16_eabi.lib</file>
         <name>sprintf.c.obj</name>
      </input_file>
      <input_file id="fl-d0">
         <path>C:\ti\ccs1240\ccs\tools\compiler\ti-cgt-arm_20.2.7.LTS\lib\</path>
         <kind>archive</kind>
         <file>rtsv7M4_T_le_v4SPD16_eabi.lib</file>
         <name>fopen.c.obj</name>
      </input_file>
      <input_file id="fl-d1">
         <path>C:\ti\ccs1240\ccs\tools\compiler\ti-cgt-arm_20.2.7.LTS\lib\</path>
         <kind>archive</kind>
         <file>rtsv7M4_T_le_v4SPD16_eabi.lib</file>
         <name>setvbuf.c.obj</name>
      </input_file>
      <input_file id="fl-d2">
         <path>C:\ti\ccs1240\ccs\tools\compiler\ti-cgt-arm_20.2.7.LTS\lib\</path>
         <kind>archive</kind>
         <file>rtsv7M4_T_le_v4SPD16_eabi.lib</file>
         <name>fd_div_t2.asm.obj</name>
      </input_file>
      <input_file id="fl-d3">
         <path>C:\ti\ccs1240\ccs\tools\compiler\ti-cgt-arm_20.2.7.LTS\lib\</path>
         <kind>archive</kind>
         <file>rtsv7M4_T_le_v4SPD16_eabi.lib</file>
         <name>fd_mul_t2.asm.obj</name>
      </input_file>
      <input_file id="fl-d4">
         <path>C:\ti\ccs1240\ccs\tools\compiler\ti-cgt-arm_20.2.7.LTS\lib\</path>
         <kind>archive</kind>
         <file>rtsv7M4_T_le_v4SPD16_eabi.lib</file>
         <name>fd_tou_t2.asm.obj</name>
      </input_file>
      <input_file id="fl-d5">
         <path>C:\ti\ccs1240\ccs\tools\compiler\ti-cgt-arm_20.2.7.LTS\lib\</path>
         <kind>archive</kind>
         <file>rtsv7M4_T_le_v4SPD16_eabi.lib</file>
         <name>memcpy_t2.asm.obj</name>
      </input_file>
      <input_file id="fl-d6">
         <path>C:\ti\ccs1240\ccs\tools\compiler\ti-cgt-arm_20.2.7.LTS\lib\</path>
         <kind>archive</kind>
         <file>rtsv7M4_T_le_v4SPD16_eabi.lib</file>
         <name>u_tofd_t2.asm.obj</name>
      </input_file>
      <input_file id="fl-d7">
         <path>C:\ti\ccs1240\ccs\tools\compiler\ti-cgt-arm_20.2.7.LTS\lib\</path>
         <kind>archive</kind>
         <file>rtsv7M4_T_le_v4SPD16_eabi.lib</file>
         <name>memset_t2.asm.obj</name>
      </input_file>
      <input_file id="fl-d8">
         <path>C:\ti\ccs1240\ccs\tools\compiler\ti-cgt-arm_20.2.7.LTS\lib\</path>
         <kind>archive</kind>
         <file>rtsv7M4_T_le_v4SPD16_eabi.lib</file>
         <name>copy_zero_init.c.obj</name>
      </input_file>
      <input_file id="fl-d9">
         <path>C:\ti\ccs1240\ccs\tools\compiler\ti-cgt-arm_20.2.7.LTS\lib\</path>
         <kind>archive</kind>
         <file>rtsv7M4_T_le_v4SPD16_eabi.lib</file>
         <name>copy_decompress_none.c.obj</name>
      </input_file>
      <input_file id="fl-da">
         <path>C:\ti\ccs1240\ccs\tools\compiler\ti-cgt-arm_20.2.7.LTS\lib\</path>
         <kind>archive</kind>
         <file>rtsv7M4_T_le_v4SPD16_eabi.lib</file>
         <name>copy_decompress_lzss.c.obj</name>
      </input_file>
      <input_file id="fl-db">
         <path>C:\ti\ccs1240\ccs\tools\compiler\ti-cgt-arm_20.2.7.LTS\lib\</path>
         <kind>archive</kind>
         <file>rtsv7M4_T_le_v4SPD16_eabi.lib</file>
         <name>exit.c.obj</name>
      </input_file>
      <input_file id="fl-dc">
         <path>C:\ti\ccs1240\ccs\tools\compiler\ti-cgt-arm_20.2.7.LTS\lib\</path>
         <kind>archive</kind>
         <file>rtsv7M4_T_le_v4SPD16_eabi.lib</file>
         <name>_lock.c.obj</name>
      </input_file>
      <input_file id="fl-dd">
         <path>C:\ti\ccs1240\ccs\tools\compiler\ti-cgt-arm_20.2.7.LTS\lib\</path>
         <kind>archive</kind>
         <file>rtsv7M4_T_le_v4SPD16_eabi.lib</file>
         <name>defs.c.obj</name>
      </input_file>
      <input_file id="fl-de">
         <path>C:\ti\ccs1240\ccs\tools\compiler\ti-cgt-arm_20.2.7.LTS\lib\</path>
         <kind>archive</kind>
         <file>rtsv7M4_T_le_v4SPD16_eabi.lib</file>
         <name>memory.c.obj</name>
      </input_file>
      <input_file id="fl-df">
         <path>C:\ti\ccs1240\ccs\tools\compiler\ti-cgt-arm_20.2.7.LTS\lib\</path>
         <kind>archive</kind>
         <file>rtsv7M4_T_le_v4SPD16_eabi.lib</file>
         <name>strcat.c.obj</name>
      </input_file>
      <input_file id="fl-e0">
         <path>C:\ti\ccs1240\ccs\tools\compiler\ti-cgt-arm_20.2.7.LTS\lib\</path>
         <kind>archive</kind>
         <file>rtsv7M4_T_le_v4SPD16_eabi.lib</file>
         <name>strcpy.c.obj</name>
      </input_file>
      <input_file id="fl-e1">
         <path>C:\ti\ccs1240\ccs\tools\compiler\ti-cgt-arm_20.2.7.LTS\lib\</path>
         <kind>archive</kind>
         <file>rtsv7M4_T_le_v4SPD16_eabi.lib</file>
         <name>boot_cortex_m.c.obj</name>
      </input_file>
      <input_file id="fl-e2">
         <path>C:\ti\ccs1240\ccs\tools\compiler\ti-cgt-arm_20.2.7.LTS\lib\</path>
         <kind>archive</kind>
         <file>rtsv7M4_T_le_v4SPD16_eabi.lib</file>
         <name>open.c.obj</name>
      </input_file>
      <input_file id="fl-e3">
         <path>C:\ti\ccs1240\ccs\tools\compiler\ti-cgt-arm_20.2.7.LTS\lib\</path>
         <kind>archive</kind>
         <file>rtsv7M4_T_le_v4SPD16_eabi.lib</file>
         <name>add_device.c.obj</name>
      </input_file>
      <input_file id="fl-e4">
         <path>C:\ti\ccs1240\ccs\tools\compiler\ti-cgt-arm_20.2.7.LTS\lib\</path>
         <kind>archive</kind>
         <file>rtsv7M4_T_le_v4SPD16_eabi.lib</file>
         <name>_printfi.c.obj</name>
      </input_file>
      <input_file id="fl-e5">
         <path>C:\ti\ccs1240\ccs\tools\compiler\ti-cgt-arm_20.2.7.LTS\lib\</path>
         <kind>archive</kind>
         <file>rtsv7M4_T_le_v4SPD16_eabi.lib</file>
         <name>fclose.c.obj</name>
      </input_file>
      <input_file id="fl-e6">
         <path>C:\ti\ccs1240\ccs\tools\compiler\ti-cgt-arm_20.2.7.LTS\lib\</path>
         <kind>archive</kind>
         <file>rtsv7M4_T_le_v4SPD16_eabi.lib</file>
         <name>fflush.c.obj</name>
      </input_file>
      <input_file id="fl-e7">
         <path>C:\ti\ccs1240\ccs\tools\compiler\ti-cgt-arm_20.2.7.LTS\lib\</path>
         <kind>archive</kind>
         <file>rtsv7M4_T_le_v4SPD16_eabi.lib</file>
         <name>getdevice.c.obj</name>
      </input_file>
      <input_file id="fl-e8">
         <path>C:\ti\ccs1240\ccs\tools\compiler\ti-cgt-arm_20.2.7.LTS\lib\</path>
         <kind>archive</kind>
         <file>rtsv7M4_T_le_v4SPD16_eabi.lib</file>
         <name>fd_add_t2.asm.obj</name>
      </input_file>
      <input_file id="fl-e9">
         <path>C:\ti\ccs1240\ccs\tools\compiler\ti-cgt-arm_20.2.7.LTS\lib\</path>
         <kind>archive</kind>
         <file>rtsv7M4_T_le_v4SPD16_eabi.lib</file>
         <name>fd_cmp_t2.asm.obj</name>
      </input_file>
      <input_file id="fl-ea">
         <path>C:\ti\ccs1240\ccs\tools\compiler\ti-cgt-arm_20.2.7.LTS\lib\</path>
         <kind>archive</kind>
         <file>rtsv7M4_T_le_v4SPD16_eabi.lib</file>
         <name>fd_toi_t2.asm.obj</name>
      </input_file>
      <input_file id="fl-eb">
         <path>C:\ti\ccs1240\ccs\tools\compiler\ti-cgt-arm_20.2.7.LTS\lib\</path>
         <kind>archive</kind>
         <file>rtsv7M4_T_le_v4SPD16_eabi.lib</file>
         <name>i_tofd_t2.asm.obj</name>
      </input_file>
      <input_file id="fl-ec">
         <path>C:\ti\ccs1240\ccs\tools\compiler\ti-cgt-arm_20.2.7.LTS\lib\</path>
         <kind>archive</kind>
         <file>rtsv7M4_T_le_v4SPD16_eabi.lib</file>
         <name>ull_div_t2.asm.obj</name>
      </input_file>
      <input_file id="fl-ed">
         <path>C:\ti\ccs1240\ccs\tools\compiler\ti-cgt-arm_20.2.7.LTS\lib\</path>
         <kind>archive</kind>
         <file>rtsv7M4_T_le_v4SPD16_eabi.lib</file>
         <name>autoinit.c.obj</name>
      </input_file>
      <input_file id="fl-ee">
         <path>C:\ti\ccs1240\ccs\tools\compiler\ti-cgt-arm_20.2.7.LTS\lib\</path>
         <kind>archive</kind>
         <file>rtsv7M4_T_le_v4SPD16_eabi.lib</file>
         <name>pre_init.c.obj</name>
      </input_file>
      <input_file id="fl-ef">
         <path>C:\ti\ccs1240\ccs\tools\compiler\ti-cgt-arm_20.2.7.LTS\lib\</path>
         <kind>archive</kind>
         <file>rtsv7M4_T_le_v4SPD16_eabi.lib</file>
         <name>cpy_tbl.c.obj</name>
      </input_file>
      <input_file id="fl-f0">
         <path>C:\ti\ccs1240\ccs\tools\compiler\ti-cgt-arm_20.2.7.LTS\lib\</path>
         <kind>archive</kind>
         <file>rtsv7M4_T_le_v4SPD16_eabi.lib</file>
         <name>_ltoa.c.obj</name>
      </input_file>
      <input_file id="fl-f1">
         <path>C:\ti\ccs1240\ccs\tools\compiler\ti-cgt-arm_20.2.7.LTS\lib\</path>
         <kind>archive</kind>
         <file>rtsv7M4_T_le_v4SPD16_eabi.lib</file>
         <name>args_main.c.obj</name>
      </input_file>
      <input_file id="fl-f2">
         <path>C:\ti\ccs1240\ccs\tools\compiler\ti-cgt-arm_20.2.7.LTS\lib\</path>
         <kind>archive</kind>
         <file>rtsv7M4_T_le_v4SPD16_eabi.lib</file>
         <name>atoi.c.obj</name>
      </input_file>
      <input_file id="fl-f3">
         <path>C:\ti\ccs1240\ccs\tools\compiler\ti-cgt-arm_20.2.7.LTS\lib\</path>
         <kind>archive</kind>
         <file>rtsv7M4_T_le_v4SPD16_eabi.lib</file>
         <name>ctype.c.obj</name>
      </input_file>
      <input_file id="fl-f4">
         <path>C:\ti\ccs1240\ccs\tools\compiler\ti-cgt-arm_20.2.7.LTS\lib\</path>
         <kind>archive</kind>
         <file>rtsv7M4_T_le_v4SPD16_eabi.lib</file>
         <name>memccpy.c.obj</name>
      </input_file>
      <input_file id="fl-f5">
         <path>C:\ti\ccs1240\ccs\tools\compiler\ti-cgt-arm_20.2.7.LTS\lib\</path>
         <kind>archive</kind>
         <file>rtsv7M4_T_le_v4SPD16_eabi.lib</file>
         <name>strchr.c.obj</name>
      </input_file>
      <input_file id="fl-f6">
         <path>C:\ti\ccs1240\ccs\tools\compiler\ti-cgt-arm_20.2.7.LTS\lib\</path>
         <kind>archive</kind>
         <file>rtsv7M4_T_le_v4SPD16_eabi.lib</file>
         <name>strcmp.c.obj</name>
      </input_file>
      <input_file id="fl-f7">
         <path>C:\ti\ccs1240\ccs\tools\compiler\ti-cgt-arm_20.2.7.LTS\lib\</path>
         <kind>archive</kind>
         <file>rtsv7M4_T_le_v4SPD16_eabi.lib</file>
         <name>strlen.c.obj</name>
      </input_file>
      <input_file id="fl-f8">
         <path>C:\ti\ccs1240\ccs\tools\compiler\ti-cgt-arm_20.2.7.LTS\lib\</path>
         <kind>archive</kind>
         <file>rtsv7M4_T_le_v4SPD16_eabi.lib</file>
         <name>strncpy.c.obj</name>
      </input_file>
      <input_file id="fl-f9">
         <path>C:\ti\ccs1240\ccs\tools\compiler\ti-cgt-arm_20.2.7.LTS\lib\</path>
         <kind>archive</kind>
         <file>rtsv7M4_T_le_v4SPD16_eabi.lib</file>
         <name>write.c.obj</name>
      </input_file>
      <input_file id="fl-fa">
         <path>C:\ti\ccs1240\ccs\tools\compiler\ti-cgt-arm_20.2.7.LTS\lib\</path>
         <kind>archive</kind>
         <file>rtsv7M4_T_le_v4SPD16_eabi.lib</file>
         <name>host_device.c.obj</name>
      </input_file>
      <input_file id="fl-fb">
         <path>C:\ti\ccs1240\ccs\tools\compiler\ti-cgt-arm_20.2.7.LTS\lib\</path>
         <kind>archive</kind>
         <file>rtsv7M4_T_le_v4SPD16_eabi.lib</file>
         <name>remove.c.obj</name>
      </input_file>
      <input_file id="fl-fc">
         <path>C:\ti\ccs1240\ccs\tools\compiler\ti-cgt-arm_20.2.7.LTS\lib\</path>
         <kind>archive</kind>
         <file>rtsv7M4_T_le_v4SPD16_eabi.lib</file>
         <name>close.c.obj</name>
      </input_file>
      <input_file id="fl-fd">
         <path>C:\ti\ccs1240\ccs\tools\compiler\ti-cgt-arm_20.2.7.LTS\lib\</path>
         <kind>archive</kind>
         <file>rtsv7M4_T_le_v4SPD16_eabi.lib</file>
         <name>errno.c.obj</name>
      </input_file>
      <input_file id="fl-fe">
         <path>C:\ti\ccs1240\ccs\tools\compiler\ti-cgt-arm_20.2.7.LTS\lib\</path>
         <kind>archive</kind>
         <file>rtsv7M4_T_le_v4SPD16_eabi.lib</file>
         <name>wcslen.c.obj</name>
      </input_file>
      <input_file id="fl-ff">
         <path>C:\ti\ccs1240\ccs\tools\compiler\ti-cgt-arm_20.2.7.LTS\lib\</path>
         <kind>archive</kind>
         <file>rtsv7M4_T_le_v4SPD16_eabi.lib</file>
         <name>s_frexp.c.obj</name>
      </input_file>
      <input_file id="fl-100">
         <path>C:\ti\ccs1240\ccs\tools\compiler\ti-cgt-arm_20.2.7.LTS\lib\</path>
         <kind>archive</kind>
         <file>rtsv7M4_T_le_v4SPD16_eabi.lib</file>
         <name>s_scalbn.c.obj</name>
      </input_file>
      <input_file id="fl-101">
         <path>C:\ti\ccs1240\ccs\tools\compiler\ti-cgt-arm_20.2.7.LTS\lib\</path>
         <kind>archive</kind>
         <file>rtsv7M4_T_le_v4SPD16_eabi.lib</file>
         <name>div0.asm.obj</name>
      </input_file>
      <input_file id="fl-102">
         <path>C:\ti\ccs1240\ccs\tools\compiler\ti-cgt-arm_20.2.7.LTS\lib\</path>
         <kind>archive</kind>
         <file>rtsv7M4_T_le_v4SPD16_eabi.lib</file>
         <name>unlink.c.obj</name>
      </input_file>
      <input_file id="fl-103">
         <path>C:\ti\ccs1240\ccs\tools\compiler\ti-cgt-arm_20.2.7.LTS\lib\</path>
         <kind>archive</kind>
         <file>rtsv7M4_T_le_v4SPD16_eabi.lib</file>
         <name>hostclose.c.obj</name>
      </input_file>
      <input_file id="fl-104">
         <path>C:\ti\ccs1240\ccs\tools\compiler\ti-cgt-arm_20.2.7.LTS\lib\</path>
         <kind>archive</kind>
         <file>rtsv7M4_T_le_v4SPD16_eabi.lib</file>
         <name>hostlseek.c.obj</name>
      </input_file>
      <input_file id="fl-105">
         <path>C:\ti\ccs1240\ccs\tools\compiler\ti-cgt-arm_20.2.7.LTS\lib\</path>
         <kind>archive</kind>
         <file>rtsv7M4_T_le_v4SPD16_eabi.lib</file>
         <name>hostopen.c.obj</name>
      </input_file>
      <input_file id="fl-106">
         <path>C:\ti\ccs1240\ccs\tools\compiler\ti-cgt-arm_20.2.7.LTS\lib\</path>
         <kind>archive</kind>
         <file>rtsv7M4_T_le_v4SPD16_eabi.lib</file>
         <name>hostread.c.obj</name>
      </input_file>
      <input_file id="fl-107">
         <path>C:\ti\ccs1240\ccs\tools\compiler\ti-cgt-arm_20.2.7.LTS\lib\</path>
         <kind>archive</kind>
         <file>rtsv7M4_T_le_v4SPD16_eabi.lib</file>
         <name>hostrename.c.obj</name>
      </input_file>
      <input_file id="fl-108">
         <path>C:\ti\ccs1240\ccs\tools\compiler\ti-cgt-arm_20.2.7.LTS\lib\</path>
         <kind>archive</kind>
         <file>rtsv7M4_T_le_v4SPD16_eabi.lib</file>
         <name>hostunlink.c.obj</name>
      </input_file>
      <input_file id="fl-109">
         <path>C:\ti\ccs1240\ccs\tools\compiler\ti-cgt-arm_20.2.7.LTS\lib\</path>
         <kind>archive</kind>
         <file>rtsv7M4_T_le_v4SPD16_eabi.lib</file>
         <name>hostwrite.c.obj</name>
      </input_file>
      <input_file id="fl-10a">
         <path>C:\ti\ccs1240\ccs\tools\compiler\ti-cgt-arm_20.2.7.LTS\lib\</path>
         <kind>archive</kind>
         <file>rtsv7M4_T_le_v4SPD16_eabi.lib</file>
         <name>trgmsg.c.obj</name>
      </input_file>
      <input_file id="fl-10b">
         <path>C:\ti\ccs1240\ccs\tools\compiler\ti-cgt-arm_20.2.7.LTS\lib\</path>
         <kind>archive</kind>
         <file>rtsv7M4_T_le_v4SPD16_eabi.lib</file>
         <name>s_copysign.c.obj</name>
      </input_file>
   </input_file_list>
   <object_component_list>
      <object_component id="oc-26">
         <name>.intvecs:retain</name>
         <load_address>0x0</load_address>
         <run_address>0x0</run_address>
         <size>0xe4</size>
         <input_file_ref idref="fl-13"/>
      </object_component>
      <object_component id="oc-b2">
         <name>.text</name>
         <load_address>0xe4</load_address>
         <run_address>0xe4</run_address>
         <size>0xdd4</size>
         <input_file_ref idref="fl-a"/>
      </object_component>
      <object_component id="oc-243">
         <name>.text:__TI_printfi</name>
         <load_address>0xeb8</load_address>
         <run_address>0xeb8</run_address>
         <size>0xa4e</size>
         <input_file_ref idref="fl-e4"/>
      </object_component>
      <object_component id="oc-360">
         <name>.text:_nop</name>
         <load_address>0x1906</load_address>
         <run_address>0x1906</run_address>
         <size>0x2</size>
         <input_file_ref idref="fl-dc"/>
      </object_component>
      <object_component id="oc-111">
         <name>.text</name>
         <load_address>0x1908</load_address>
         <run_address>0x1908</run_address>
         <size>0x6bc</size>
         <input_file_ref idref="fl-12"/>
      </object_component>
      <object_component id="oc-7c">
         <name>.text</name>
         <load_address>0x1fc4</load_address>
         <run_address>0x1fc4</run_address>
         <size>0x5ba</size>
         <input_file_ref idref="fl-6"/>
      </object_component>
      <object_component id="oc-4d0">
         <name>.text</name>
         <load_address>0x257e</load_address>
         <run_address>0x257e</run_address>
         <size>0x2</size>
         <input_file_ref idref="fl-101"/>
      </object_component>
      <object_component id="oc-c4">
         <name>.text</name>
         <load_address>0x2580</load_address>
         <run_address>0x2580</run_address>
         <size>0x32c</size>
         <input_file_ref idref="fl-14"/>
      </object_component>
      <object_component id="oc-327">
         <name>.text:_pconv_a</name>
         <load_address>0x28ac</load_address>
         <run_address>0x28ac</run_address>
         <size>0x270</size>
         <input_file_ref idref="fl-e4"/>
      </object_component>
      <object_component id="oc-135">
         <name>.text</name>
         <load_address>0x2b1c</load_address>
         <run_address>0x2b1c</run_address>
         <size>0x248</size>
         <input_file_ref idref="fl-9"/>
      </object_component>
      <object_component id="oc-15c">
         <name>.text</name>
         <load_address>0x2d64</load_address>
         <run_address>0x2d64</run_address>
         <size>0x234</size>
         <input_file_ref idref="fl-e"/>
      </object_component>
      <object_component id="oc-d9">
         <name>.text</name>
         <load_address>0x2f98</load_address>
         <run_address>0x2f98</run_address>
         <size>0x210</size>
         <input_file_ref idref="fl-7"/>
      </object_component>
      <object_component id="oc-117">
         <name>.text</name>
         <load_address>0x31a8</load_address>
         <run_address>0x31a8</run_address>
         <size>0x1e0</size>
         <input_file_ref idref="fl-4"/>
      </object_component>
      <object_component id="oc-315">
         <name>.text:_pconv_g</name>
         <load_address>0x3388</load_address>
         <run_address>0x3388</run_address>
         <size>0x1d0</size>
         <input_file_ref idref="fl-e4"/>
      </object_component>
      <object_component id="oc-41e">
         <name>.text</name>
         <load_address>0x3558</load_address>
         <run_address>0x3558</run_address>
         <size>0x1b6</size>
         <input_file_ref idref="fl-e8"/>
      </object_component>
      <object_component id="oc-11d">
         <name>.text</name>
         <load_address>0x3710</load_address>
         <run_address>0x3710</run_address>
         <size>0x1b0</size>
         <input_file_ref idref="fl-c"/>
      </object_component>
      <object_component id="oc-12f">
         <name>.text</name>
         <load_address>0x38c0</load_address>
         <run_address>0x38c0</run_address>
         <size>0x164</size>
         <input_file_ref idref="fl-2"/>
      </object_component>
      <object_component id="oc-321">
         <name>.text:_pconv_e</name>
         <load_address>0x3a24</load_address>
         <run_address>0x3a24</run_address>
         <size>0x13c</size>
         <input_file_ref idref="fl-e4"/>
      </object_component>
      <object_component id="oc-16c">
         <name>.text</name>
         <load_address>0x3b60</load_address>
         <run_address>0x3b60</run_address>
         <size>0x136</size>
         <input_file_ref idref="fl-d2"/>
      </object_component>
      <object_component id="oc-430">
         <name>.text:fcvt</name>
         <load_address>0x3c98</load_address>
         <run_address>0x3c98</run_address>
         <size>0x124</size>
         <input_file_ref idref="fl-e4"/>
      </object_component>
      <object_component id="oc-2c9">
         <name>.text:_openfile</name>
         <load_address>0x3dbc</load_address>
         <run_address>0x3dbc</run_address>
         <size>0x110</size>
         <input_file_ref idref="fl-d0"/>
      </object_component>
      <object_component id="oc-444">
         <name>.text:scalbn</name>
         <load_address>0x3ecc</load_address>
         <run_address>0x3ecc</run_address>
         <size>0x110</size>
         <input_file_ref idref="fl-100"/>
      </object_component>
      <object_component id="oc-76">
         <name>.text</name>
         <load_address>0x3fdc</load_address>
         <run_address>0x3fdc</run_address>
         <size>0x104</size>
         <input_file_ref idref="fl-10"/>
      </object_component>
      <object_component id="oc-3ef">
         <name>.text:aligned_alloc</name>
         <load_address>0x40e0</load_address>
         <run_address>0x40e0</run_address>
         <size>0x100</size>
         <input_file_ref idref="fl-de"/>
      </object_component>
      <object_component id="oc-167">
         <name>.text</name>
         <load_address>0x41e0</load_address>
         <run_address>0x41e0</run_address>
         <size>0xfc</size>
         <input_file_ref idref="fl-d3"/>
      </object_component>
      <object_component id="oc-129">
         <name>.text</name>
         <load_address>0x42dc</load_address>
         <run_address>0x42dc</run_address>
         <size>0xf8</size>
         <input_file_ref idref="fl-b"/>
      </object_component>
      <object_component id="oc-82">
         <name>.text</name>
         <load_address>0x43d4</load_address>
         <run_address>0x43d4</run_address>
         <size>0xf0</size>
         <input_file_ref idref="fl-3"/>
      </object_component>
      <object_component id="oc-21e">
         <name>.text</name>
         <load_address>0x44c4</load_address>
         <run_address>0x44c4</run_address>
         <size>0xec</size>
         <input_file_ref idref="fl-d"/>
      </object_component>
      <object_component id="oc-2dc">
         <name>.text:free</name>
         <load_address>0x45b0</load_address>
         <run_address>0x45b0</run_address>
         <size>0xe4</size>
         <input_file_ref idref="fl-de"/>
      </object_component>
      <object_component id="oc-20b">
         <name>.text:setvbuf</name>
         <load_address>0x4694</load_address>
         <run_address>0x4694</run_address>
         <size>0xdc</size>
         <input_file_ref idref="fl-d1"/>
      </object_component>
      <object_component id="oc-3bd">
         <name>.text:open</name>
         <load_address>0x4770</load_address>
         <run_address>0x4770</run_address>
         <size>0xbc</size>
         <input_file_ref idref="fl-e2"/>
      </object_component>
      <object_component id="oc-1f9">
         <name>.text:add_device</name>
         <load_address>0x482c</load_address>
         <run_address>0x482c</run_address>
         <size>0xb8</size>
         <input_file_ref idref="fl-e3"/>
      </object_component>
      <object_component id="oc-30a">
         <name>.text:_ltostr</name>
         <load_address>0x48e4</load_address>
         <run_address>0x48e4</run_address>
         <size>0xb1</size>
         <input_file_ref idref="fl-e4"/>
      </object_component>
      <object_component id="oc-70">
         <name>.text</name>
         <load_address>0x4998</load_address>
         <run_address>0x4998</run_address>
         <size>0xa8</size>
         <input_file_ref idref="fl-11"/>
      </object_component>
      <object_component id="oc-1ff">
         <name>.text:fopen</name>
         <load_address>0x4a40</load_address>
         <run_address>0x4a40</run_address>
         <size>0x9c</size>
         <input_file_ref idref="fl-d0"/>
      </object_component>
      <object_component id="oc-3a">
         <name>.text</name>
         <load_address>0x4adc</load_address>
         <run_address>0x4adc</run_address>
         <size>0x9c</size>
         <input_file_ref idref="fl-d5"/>
      </object_component>
      <object_component id="oc-402">
         <name>.text</name>
         <load_address>0x4b78</load_address>
         <run_address>0x4b78</run_address>
         <size>0x96</size>
         <input_file_ref idref="fl-ec"/>
      </object_component>
      <object_component id="oc-310">
         <name>.text:__aeabi_cdcmple</name>
         <load_address>0x4c0e</load_address>
         <run_address>0x4c0e</run_address>
         <size>0x86</size>
         <input_file_ref idref="fl-e9"/>
      </object_component>
      <object_component id="oc-409">
         <name>.text:__aeabi_cdrcmple</name>
         <load_address>0x4c94</load_address>
         <run_address>0x4c94</run_address>
         <size>0x86</size>
         <input_file_ref idref="fl-e9"/>
      </object_component>
      <object_component id="oc-a6">
         <name>.text</name>
         <load_address>0x4d1a</load_address>
         <run_address>0x4d1a</run_address>
         <size>0x7a</size>
         <input_file_ref idref="fl-d7"/>
      </object_component>
      <object_component id="oc-2d5">
         <name>.text:__TI_closefile</name>
         <load_address>0x4d94</load_address>
         <run_address>0x4d94</run_address>
         <size>0x74</size>
         <input_file_ref idref="fl-e5"/>
      </object_component>
      <object_component id="oc-4c2">
         <name>.text:split</name>
         <load_address>0x4e08</load_address>
         <run_address>0x4e08</run_address>
         <size>0x70</size>
         <input_file_ref idref="fl-de"/>
      </object_component>
      <object_component id="oc-429">
         <name>.text:_mcpy</name>
         <load_address>0x4e78</load_address>
         <run_address>0x4e78</run_address>
         <size>0x6e</size>
         <input_file_ref idref="fl-e4"/>
      </object_component>
      <object_component id="oc-3ad">
         <name>.text:HOSTrename</name>
         <load_address>0x4ee8</load_address>
         <run_address>0x4ee8</run_address>
         <size>0x6c</size>
         <input_file_ref idref="fl-107"/>
      </object_component>
      <object_component id="oc-3a1">
         <name>.text:HOSTlseek</name>
         <load_address>0x4f54</load_address>
         <run_address>0x4f54</run_address>
         <size>0x68</size>
         <input_file_ref idref="fl-104"/>
      </object_component>
      <object_component id="oc-17">
         <name>.text:decompress:lzss:__TI_decompress_lzss</name>
         <load_address>0x4fbc</load_address>
         <run_address>0x4fbc</run_address>
         <size>0x68</size>
         <input_file_ref idref="fl-da"/>
      </object_component>
      <object_component id="oc-43e">
         <name>.text:frexp</name>
         <load_address>0x5024</load_address>
         <run_address>0x5024</run_address>
         <size>0x64</size>
         <input_file_ref idref="fl-ff"/>
      </object_component>
      <object_component id="oc-389">
         <name>.text:HOSTopen</name>
         <load_address>0x5088</load_address>
         <run_address>0x5088</run_address>
         <size>0x60</size>
         <input_file_ref idref="fl-105"/>
      </object_component>
      <object_component id="oc-3d3">
         <name>.text:close</name>
         <load_address>0x50e8</load_address>
         <run_address>0x50e8</run_address>
         <size>0x5c</size>
         <input_file_ref idref="fl-fc"/>
      </object_component>
      <object_component id="oc-395">
         <name>.text:HOSTread</name>
         <load_address>0x5144</load_address>
         <run_address>0x5144</run_address>
         <size>0x58</size>
         <input_file_ref idref="fl-106"/>
      </object_component>
      <object_component id="oc-39b">
         <name>.text:HOSTwrite</name>
         <load_address>0x519c</load_address>
         <run_address>0x519c</run_address>
         <size>0x58</size>
         <input_file_ref idref="fl-109"/>
      </object_component>
      <object_component id="oc-31b">
         <name>.text:_pconv_f</name>
         <load_address>0x51f4</load_address>
         <run_address>0x51f4</run_address>
         <size>0x56</size>
         <input_file_ref idref="fl-e4"/>
      </object_component>
      <object_component id="oc-14a">
         <name>.text</name>
         <load_address>0x524c</load_address>
         <run_address>0x524c</run_address>
         <size>0x54</size>
         <input_file_ref idref="fl-8"/>
      </object_component>
      <object_component id="oc-413">
         <name>.text:__TI_ltoa</name>
         <load_address>0x52a0</load_address>
         <run_address>0x52a0</run_address>
         <size>0x54</size>
         <input_file_ref idref="fl-f0"/>
      </object_component>
      <object_component id="oc-423">
         <name>.text:_ecpy</name>
         <load_address>0x52f4</load_address>
         <run_address>0x52f4</run_address>
         <size>0x52</size>
         <input_file_ref idref="fl-e4"/>
      </object_component>
      <object_component id="oc-3cd">
         <name>.text:__TI_doflush</name>
         <load_address>0x5346</load_address>
         <run_address>0x5346</run_address>
         <size>0x4c</size>
         <input_file_ref idref="fl-e6"/>
      </object_component>
      <object_component id="oc-304">
         <name>.text:atoi</name>
         <load_address>0x5394</load_address>
         <run_address>0x5394</run_address>
         <size>0x4c</size>
         <input_file_ref idref="fl-f2"/>
      </object_component>
      <object_component id="oc-156">
         <name>.text:snprintf</name>
         <load_address>0x53e0</load_address>
         <run_address>0x53e0</run_address>
         <size>0x4c</size>
         <input_file_ref idref="fl-ce"/>
      </object_component>
      <object_component id="oc-197">
         <name>.text:exit</name>
         <load_address>0x542c</load_address>
         <run_address>0x542c</run_address>
         <size>0x48</size>
         <input_file_ref idref="fl-db"/>
      </object_component>
      <object_component id="oc-40e">
         <name>.text</name>
         <load_address>0x5474</load_address>
         <run_address>0x5474</run_address>
         <size>0x48</size>
         <input_file_ref idref="fl-ea"/>
      </object_component>
      <object_component id="oc-38f">
         <name>.text:HOSTclose</name>
         <load_address>0x54bc</load_address>
         <run_address>0x54bc</run_address>
         <size>0x44</size>
         <input_file_ref idref="fl-103"/>
      </object_component>
      <object_component id="oc-3a7">
         <name>.text:HOSTunlink</name>
         <load_address>0x5500</load_address>
         <run_address>0x5500</run_address>
         <size>0x44</size>
         <input_file_ref idref="fl-108"/>
      </object_component>
      <object_component id="oc-19d">
         <name>.text:__TI_auto_init_nobinit_nopinit:__TI_auto_init_nobinit_nopinit</name>
         <load_address>0x5544</load_address>
         <run_address>0x5544</run_address>
         <size>0x44</size>
         <input_file_ref idref="fl-ed"/>
      </object_component>
      <object_component id="oc-4a3">
         <name>.text:getdevice</name>
         <load_address>0x5588</load_address>
         <run_address>0x5588</run_address>
         <size>0x44</size>
         <input_file_ref idref="fl-e7"/>
      </object_component>
      <object_component id="oc-171">
         <name>.text</name>
         <load_address>0x55cc</load_address>
         <run_address>0x55cc</run_address>
         <size>0x44</size>
         <input_file_ref idref="fl-d4"/>
      </object_component>
      <object_component id="oc-150">
         <name>.text:sprintf</name>
         <load_address>0x5610</load_address>
         <run_address>0x5610</run_address>
         <size>0x40</size>
         <input_file_ref idref="fl-cf"/>
      </object_component>
      <object_component id="oc-436">
         <name>.text:_fcpy</name>
         <load_address>0x5650</load_address>
         <run_address>0x5650</run_address>
         <size>0x3e</size>
         <input_file_ref idref="fl-e4"/>
      </object_component>
      <object_component id="oc-480">
         <name>.text:__TI_writemsg</name>
         <load_address>0x5690</load_address>
         <run_address>0x5690</run_address>
         <size>0x38</size>
         <input_file_ref idref="fl-10a"/>
      </object_component>
      <object_component id="oc-2bd">
         <name>.text:strncpy</name>
         <load_address>0x56c8</load_address>
         <run_address>0x56c8</run_address>
         <size>0x36</size>
         <input_file_ref idref="fl-f8"/>
      </object_component>
      <object_component id="oc-2e8">
         <name>.text:__TI_cleanup</name>
         <load_address>0x5700</load_address>
         <run_address>0x5700</run_address>
         <size>0x34</size>
         <input_file_ref idref="fl-d0"/>
      </object_component>
      <object_component id="oc-486">
         <name>.text:__TI_readmsg</name>
         <load_address>0x5734</load_address>
         <run_address>0x5734</run_address>
         <size>0x34</size>
         <input_file_ref idref="fl-10a"/>
      </object_component>
      <object_component id="oc-58">
         <name>.text:_c_int00_noargs:_c_int00_noargs</name>
         <load_address>0x5768</load_address>
         <run_address>0x5768</run_address>
         <size>0x34</size>
         <input_file_ref idref="fl-e1"/>
      </object_component>
      <object_component id="oc-205">
         <name>.text:freopen</name>
         <load_address>0x579c</load_address>
         <run_address>0x579c</run_address>
         <size>0x34</size>
         <input_file_ref idref="fl-d0"/>
      </object_component>
      <object_component id="oc-25c">
         <name>.text:_outs</name>
         <load_address>0x57d0</load_address>
         <run_address>0x57d0</run_address>
         <size>0x30</size>
         <input_file_ref idref="fl-ce"/>
      </object_component>
      <object_component id="oc-2b7">
         <name>.text:finddevice</name>
         <load_address>0x5800</load_address>
         <run_address>0x5800</run_address>
         <size>0x30</size>
         <input_file_ref idref="fl-e7"/>
      </object_component>
      <object_component id="oc-419">
         <name>.text</name>
         <load_address>0x5830</load_address>
         <run_address>0x5830</run_address>
         <size>0x2e</size>
         <input_file_ref idref="fl-eb"/>
      </object_component>
      <object_component id="oc-3d9">
         <name>.text:unlink</name>
         <load_address>0x5860</load_address>
         <run_address>0x5860</run_address>
         <size>0x2c</size>
         <input_file_ref idref="fl-102"/>
      </object_component>
      <object_component id="oc-3e8">
         <name>.text:free_list_insert</name>
         <load_address>0x588c</load_address>
         <run_address>0x588c</run_address>
         <size>0x28</size>
         <input_file_ref idref="fl-de"/>
      </object_component>
      <object_component id="oc-4af">
         <name>.text:write</name>
         <load_address>0x58b4</load_address>
         <run_address>0x58b4</run_address>
         <size>0x28</size>
         <input_file_ref idref="fl-f9"/>
      </object_component>
      <object_component id="oc-123">
         <name>.text</name>
         <load_address>0x58dc</load_address>
         <run_address>0x58dc</run_address>
         <size>0x24</size>
         <input_file_ref idref="fl-5"/>
      </object_component>
      <object_component id="oc-162">
         <name>.text</name>
         <load_address>0x5900</load_address>
         <run_address>0x5900</run_address>
         <size>0x20</size>
         <input_file_ref idref="fl-d6"/>
      </object_component>
      <object_component id="oc-10b">
         <name>.text:strcat</name>
         <load_address>0x5920</load_address>
         <run_address>0x5920</run_address>
         <size>0x1e</size>
         <input_file_ref idref="fl-df"/>
      </object_component>
      <object_component id="oc-3e2">
         <name>.text:free_list_remove</name>
         <load_address>0x5940</load_address>
         <run_address>0x5940</run_address>
         <size>0x1c</size>
         <input_file_ref idref="fl-de"/>
      </object_component>
      <object_component id="oc-32d">
         <name>.text:memccpy</name>
         <load_address>0x595c</load_address>
         <run_address>0x595c</run_address>
         <size>0x1c</size>
         <input_file_ref idref="fl-f4"/>
      </object_component>
      <object_component id="oc-4e7">
         <name>.text:copysign</name>
         <load_address>0x5978</load_address>
         <run_address>0x5978</run_address>
         <size>0x1a</size>
         <input_file_ref idref="fl-10b"/>
      </object_component>
      <object_component id="oc-262">
         <name>.text:_outc</name>
         <load_address>0x5992</load_address>
         <run_address>0x5992</run_address>
         <size>0x18</size>
         <input_file_ref idref="fl-ce"/>
      </object_component>
      <object_component id="oc-249">
         <name>.text:_outs</name>
         <load_address>0x59aa</load_address>
         <run_address>0x59aa</run_address>
         <size>0x18</size>
         <input_file_ref idref="fl-cf"/>
      </object_component>
      <object_component id="oc-37f">
         <name>.text:strcmp</name>
         <load_address>0x59c2</load_address>
         <run_address>0x59c2</run_address>
         <size>0x18</size>
         <input_file_ref idref="fl-f6"/>
      </object_component>
      <object_component id="oc-44a">
         <name>.text:strchr</name>
         <load_address>0x59da</load_address>
         <run_address>0x59da</run_address>
         <size>0x16</size>
         <input_file_ref idref="fl-f5"/>
      </object_component>
      <object_component id="oc-179">
         <name>.text:strcpy</name>
         <load_address>0x59f0</load_address>
         <run_address>0x59f0</run_address>
         <size>0x14</size>
         <input_file_ref idref="fl-e0"/>
      </object_component>
      <object_component id="oc-2fe">
         <name>.text:strlen</name>
         <load_address>0x5a04</load_address>
         <run_address>0x5a04</run_address>
         <size>0x14</size>
         <input_file_ref idref="fl-f7"/>
      </object_component>
      <object_component id="oc-333">
         <name>.text:wcslen</name>
         <load_address>0x5a18</load_address>
         <run_address>0x5a18</run_address>
         <size>0x12</size>
         <input_file_ref idref="fl-fe"/>
      </object_component>
      <object_component id="oc-1d">
         <name>.text:decompress:none:__TI_decompress_none</name>
         <load_address>0x5a2a</load_address>
         <run_address>0x5a2a</run_address>
         <size>0xe</size>
         <input_file_ref idref="fl-d9"/>
      </object_component>
      <object_component id="oc-6a">
         <name>.text</name>
         <load_address>0x5a38</load_address>
         <run_address>0x5a38</run_address>
         <size>0xe</size>
         <input_file_ref idref="fl-13"/>
      </object_component>
      <object_component id="oc-4c">
         <name>.text:decompress:ZI:__TI_zero_init</name>
         <load_address>0x5a46</load_address>
         <run_address>0x5a46</run_address>
         <size>0xc</size>
         <input_file_ref idref="fl-d8"/>
      </object_component>
      <object_component id="oc-24f">
         <name>.text:_outc</name>
         <load_address>0x5a52</load_address>
         <run_address>0x5a52</run_address>
         <size>0xa</size>
         <input_file_ref idref="fl-cf"/>
      </object_component>
      <object_component id="oc-339">
         <name>.text:__aeabi_errno_addr</name>
         <load_address>0x5a5c</load_address>
         <run_address>0x5a5c</run_address>
         <size>0x8</size>
         <input_file_ref idref="fl-fd"/>
      </object_component>
      <object_component id="oc-2e2">
         <name>.text:malloc</name>
         <load_address>0x5a64</load_address>
         <run_address>0x5a64</run_address>
         <size>0x8</size>
         <input_file_ref idref="fl-de"/>
      </object_component>
      <object_component id="oc-ac">
         <name>.text:_system_pre_init</name>
         <load_address>0x5a6c</load_address>
         <run_address>0x5a6c</run_address>
         <size>0x4</size>
         <input_file_ref idref="fl-ee"/>
      </object_component>
      <object_component id="oc-191">
         <name>.text:abort:abort</name>
         <load_address>0x5a70</load_address>
         <run_address>0x5a70</run_address>
         <size>0x4</size>
         <input_file_ref idref="fl-db"/>
      </object_component>
      <object_component id="oc-3fd">
         <name>.const:.string:_ctypes_</name>
         <load_address>0x5a74</load_address>
         <run_address>0x5a74</run_address>
         <size>0x101</size>
         <input_file_ref idref="fl-f3"/>
      </object_component>
      <object_component id="oc-182">
         <name>.const:fsm</name>
         <load_address>0x5b78</load_address>
         <run_address>0x5b78</run_address>
         <size>0x48</size>
         <input_file_ref idref="fl-a"/>
      </object_component>
      <object_component id="oc-274">
         <name>.const:$P$T0$1</name>
         <load_address>0x5bc0</load_address>
         <run_address>0x5bc0</run_address>
         <size>0x20</size>
         <input_file_ref idref="fl-e"/>
      </object_component>
      <object_component id="oc-571">
         <name>.cinit..data.load</name>
         <load_address>0x5be0</load_address>
         <run_address>0x5be0</run_address>
         <size>0x7d</size>
      </object_component>
      <object_component id="oc-56f">
         <name>__TI_handler_table</name>
         <load_address>0x5c60</load_address>
         <run_address>0x5c60</run_address>
         <size>0xc</size>
      </object_component>
      <object_component id="oc-572">
         <name>.cinit..bss.load</name>
         <load_address>0x5c70</load_address>
         <run_address>0x5c70</run_address>
         <size>0x8</size>
      </object_component>
      <object_component id="oc-570">
         <name>__TI_cinit_table</name>
         <load_address>0x5c78</load_address>
         <run_address>0x5c78</run_address>
         <size>0x10</size>
      </object_component>
      <object_component id="oc-543">
         <name>.binit</name>
         <load_address>0x0</load_address>
         <run_address>0x0</run_address>
         <size>0x0</size>
      </object_component>
      <object_component id="oc-21a">
         <name>.data</name>
         <load_address>0x20003b18</load_address>
         <run_address>0x20003b18</run_address>
         <size>0x18</size>
         <input_file_ref idref="fl-4"/>
      </object_component>
      <object_component id="oc-176">
         <name>.data:bumperArr</name>
         <load_address>0x20003b7c</load_address>
         <run_address>0x20003b7c</run_address>
         <size>0x6</size>
         <input_file_ref idref="fl-a"/>
      </object_component>
      <object_component id="oc-146">
         <name>.data</name>
         <load_address>0x20003b30</load_address>
         <run_address>0x20003b30</run_address>
         <size>0x18</size>
         <input_file_ref idref="fl-a"/>
      </object_component>
      <object_component id="oc-d4">
         <name>.data</name>
         <load_address>0x20003b74</load_address>
         <run_address>0x20003b74</run_address>
         <size>0x8</size>
         <input_file_ref idref="fl-10"/>
      </object_component>
      <object_component id="oc-1cf">
         <name>.data</name>
         <load_address>0x20003b94</load_address>
         <run_address>0x20003b94</run_address>
         <size>0x4</size>
         <input_file_ref idref="fl-14"/>
      </object_component>
      <object_component id="oc-2cf">
         <name>.data</name>
         <load_address>0x20003b8c</load_address>
         <run_address>0x20003b8c</run_address>
         <size>0x4</size>
         <input_file_ref idref="fl-d0"/>
      </object_component>
      <object_component id="oc-284">
         <name>.data:$O1$$</name>
         <load_address>0x20003b58</load_address>
         <run_address>0x20003b58</run_address>
         <size>0xc</size>
         <input_file_ref idref="fl-db"/>
      </object_component>
      <object_component id="oc-287">
         <name>.data:$O1$$</name>
         <load_address>0x20003b64</load_address>
         <run_address>0x20003b64</run_address>
         <size>0x8</size>
         <input_file_ref idref="fl-dc"/>
      </object_component>
      <object_component id="oc-211">
         <name>.data:_ftable</name>
         <load_address>0x20003960</load_address>
         <run_address>0x20003960</run_address>
         <size>0xf0</size>
         <input_file_ref idref="fl-dd"/>
      </object_component>
      <object_component id="oc-2d0">
         <name>.data</name>
         <load_address>0x20003b48</load_address>
         <run_address>0x20003b48</run_address>
         <size>0x10</size>
         <input_file_ref idref="fl-dd"/>
      </object_component>
      <object_component id="oc-4bd">
         <name>.data:$O1$$</name>
         <load_address>0x20003b6c</load_address>
         <run_address>0x20003b6c</run_address>
         <size>0x8</size>
         <input_file_ref idref="fl-de"/>
      </object_component>
      <object_component id="oc-4a9">
         <name>.data</name>
         <load_address>0x20003b90</load_address>
         <run_address>0x20003b90</run_address>
         <size>0x4</size>
         <input_file_ref idref="fl-e2"/>
      </object_component>
      <object_component id="oc-2c3">
         <name>.data</name>
         <load_address>0x20003b84</load_address>
         <run_address>0x20003b84</run_address>
         <size>0x4</size>
         <input_file_ref idref="fl-e3"/>
      </object_component>
      <object_component id="oc-2c4">
         <name>.data:_device</name>
         <load_address>0x20003a50</load_address>
         <run_address>0x20003a50</run_address>
         <size>0x78</size>
         <input_file_ref idref="fl-fa"/>
      </object_component>
      <object_component id="oc-4aa">
         <name>.data:_stream</name>
         <load_address>0x20003ac8</load_address>
         <run_address>0x20003ac8</run_address>
         <size>0x50</size>
         <input_file_ref idref="fl-fa"/>
      </object_component>
      <object_component id="oc-45a">
         <name>.data</name>
         <load_address>0x20003b88</load_address>
         <run_address>0x20003b88</run_address>
         <size>0x4</size>
         <input_file_ref idref="fl-fd"/>
      </object_component>
      <object_component id="oc-13c">
         <name>.bss</name>
         <uninitialized>true</uninitialized>
         <run_address>0x20003554</run_address>
         <size>0x2</size>
         <input_file_ref idref="fl-a"/>
      </object_component>
      <object_component id="oc-13b">
         <name>.bss:b$1</name>
         <uninitialized>true</uninitialized>
         <run_address>0x200034e4</run_address>
         <size>0xc</size>
         <input_file_ref idref="fl-a"/>
      </object_component>
      <object_component id="oc-505">
         <name>.bss:_CIOBUF_</name>
         <uninitialized>true</uninitialized>
         <run_address>0x20003200</run_address>
         <size>0x120</size>
         <input_file_ref idref="fl-10a"/>
      </object_component>
      <object_component id="oc-e4">
         <name>.common:Port4Task</name>
         <uninitialized>true</uninitialized>
         <run_address>0x20003530</run_address>
         <size>0x4</size>
      </object_component>
      <object_component id="oc-e2">
         <name>.common:Messageindexc</name>
         <uninitialized>true</uninitialized>
         <run_address>0x20003528</run_address>
         <size>0x4</size>
      </object_component>
      <object_component id="oc-df">
         <name>.common:Messagec</name>
         <uninitialized>true</uninitialized>
         <run_address>0x200034f8</run_address>
         <size>0x8</size>
      </object_component>
      <object_component id="oc-1e8">
         <name>.common:TxFifo0</name>
         <uninitialized>true</uninitialized>
         <run_address>0x20003442</run_address>
         <size>0x82</size>
      </object_component>
      <object_component id="oc-1ec">
         <name>.common:RxFifo0</name>
         <uninitialized>true</uninitialized>
         <run_address>0x200033c0</run_address>
         <size>0x82</size>
      </object_component>
      <object_component id="oc-1eb">
         <name>.common:TxHistogram</name>
         <uninitialized>true</uninitialized>
         <run_address>0x20003000</run_address>
         <size>0x200</size>
      </object_component>
      <object_component id="oc-228">
         <name>.common:Size</name>
         <uninitialized>true</uninitialized>
         <run_address>0x20003534</run_address>
         <size>0x4</size>
      </object_component>
      <object_component id="oc-22d">
         <name>.common:x</name>
         <uninitialized>true</uninitialized>
         <run_address>0x20000000</run_address>
         <size>0x1000</size>
      </object_component>
      <object_component id="oc-22b">
         <name>.common:I1</name>
         <uninitialized>true</uninitialized>
         <run_address>0x2000350c</run_address>
         <size>0x4</size>
      </object_component>
      <object_component id="oc-22c">
         <name>.common:LPFSum</name>
         <uninitialized>true</uninitialized>
         <run_address>0x20003518</run_address>
         <size>0x4</size>
      </object_component>
      <object_component id="oc-22e">
         <name>.common:Size2</name>
         <uninitialized>true</uninitialized>
         <run_address>0x20003538</run_address>
         <size>0x4</size>
      </object_component>
      <object_component id="oc-231">
         <name>.common:x2</name>
         <uninitialized>true</uninitialized>
         <run_address>0x20001000</run_address>
         <size>0x1000</size>
      </object_component>
      <object_component id="oc-22f">
         <name>.common:I2</name>
         <uninitialized>true</uninitialized>
         <run_address>0x20003510</run_address>
         <size>0x4</size>
      </object_component>
      <object_component id="oc-230">
         <name>.common:LPFSum2</name>
         <uninitialized>true</uninitialized>
         <run_address>0x2000351c</run_address>
         <size>0x4</size>
      </object_component>
      <object_component id="oc-232">
         <name>.common:Size3</name>
         <uninitialized>true</uninitialized>
         <run_address>0x2000353c</run_address>
         <size>0x4</size>
      </object_component>
      <object_component id="oc-235">
         <name>.common:x3</name>
         <uninitialized>true</uninitialized>
         <run_address>0x20002000</run_address>
         <size>0x1000</size>
      </object_component>
      <object_component id="oc-233">
         <name>.common:I3</name>
         <uninitialized>true</uninitialized>
         <run_address>0x20003514</run_address>
         <size>0x4</size>
      </object_component>
      <object_component id="oc-234">
         <name>.common:LPFSum3</name>
         <uninitialized>true</uninitialized>
         <run_address>0x20003520</run_address>
         <size>0x4</size>
      </object_component>
      <object_component id="oc-17f">
         <name>.common:bump_data</name>
         <uninitialized>true</uninitialized>
         <run_address>0x2000355a</run_address>
         <size>0x1</size>
      </object_component>
      <object_component id="oc-180">
         <name>.common:bumperBuf</name>
         <uninitialized>true</uninitialized>
         <run_address>0x200034c4</run_address>
         <size>0x20</size>
      </object_component>
      <object_component id="oc-144">
         <name>.common:ADCflag</name>
         <uninitialized>true</uninitialized>
         <run_address>0x20003508</run_address>
         <size>0x4</size>
      </object_component>
      <object_component id="oc-13f">
         <name>.common:nr</name>
         <uninitialized>true</uninitialized>
         <run_address>0x20003550</run_address>
         <size>0x4</size>
      </object_component>
      <object_component id="oc-142">
         <name>.common:nc</name>
         <uninitialized>true</uninitialized>
         <run_address>0x20003548</run_address>
         <size>0x4</size>
      </object_component>
      <object_component id="oc-143">
         <name>.common:nl</name>
         <uninitialized>true</uninitialized>
         <run_address>0x2000354c</run_address>
         <size>0x4</size>
      </object_component>
      <object_component id="oc-145">
         <name>.common:Period0</name>
         <uninitialized>true</uninitialized>
         <run_address>0x20003556</run_address>
         <size>0x2</size>
      </object_component>
      <object_component id="oc-149">
         <name>.common:Period2</name>
         <uninitialized>true</uninitialized>
         <run_address>0x20003558</run_address>
         <size>0x2</size>
      </object_component>
      <object_component id="oc-181">
         <name>.common:Spt</name>
         <uninitialized>true</uninitialized>
         <run_address>0x20003540</run_address>
         <size>0x4</size>
      </object_component>
      <object_component id="oc-185">
         <name>.common:OUTPUT</name>
         <uninitialized>true</uninitialized>
         <run_address>0x2000352c</run_address>
         <size>0x4</size>
      </object_component>
      <object_component id="oc-cb">
         <name>.common:TimerA1Task</name>
         <uninitialized>true</uninitialized>
         <run_address>0x20003544</run_address>
         <size>0x4</size>
      </object_component>
      <object_component id="oc-1f8">
         <name>.common:Messageindexb</name>
         <uninitialized>true</uninitialized>
         <run_address>0x20003524</run_address>
         <size>0x4</size>
      </object_component>
      <object_component id="oc-1f5">
         <name>.common:Messageb</name>
         <uninitialized>true</uninitialized>
         <run_address>0x200034f0</run_address>
         <size>0x8</size>
      </object_component>
      <object_component id="oc-3df">
         <name>.common:__TI_tmpnams</name>
         <uninitialized>true</uninitialized>
         <run_address>0x20003320</run_address>
         <size>0xa0</size>
      </object_component>
      <object_component id="oc-48c">
         <name>.common:parmbuf</name>
         <uninitialized>true</uninitialized>
         <run_address>0x20003500</run_address>
         <size>0x8</size>
      </object_component>
      <object_component id="oc-29">
         <name>.sysmem</name>
         <uninitialized>true</uninitialized>
         <run_address>0x20003560</run_address>
         <size>0x10</size>
         <input_file_ref idref="fl-de"/>
      </object_component>
      <object_component id="oc-575">
         <name>.sysmem</name>
         <uninitialized>true</uninitialized>
         <run_address>0x20003560</run_address>
         <size>0x0</size>
      </object_component>
      <object_component id="oc-2c">
         <name>.stack</name>
         <uninitialized>true</uninitialized>
         <run_address>0x2000fe00</run_address>
         <size>0x4</size>
         <input_file_ref idref="fl-e1"/>
      </object_component>
      <object_component id="oc-574">
         <name>.stack</name>
         <uninitialized>true</uninitialized>
         <run_address>0x2000fe00</run_address>
         <size>0x0</size>
      </object_component>
      <object_component id="oc-1f2">
         <name>.debug_info</name>
         <load_address>0x0</load_address>
         <run_address>0x0</run_address>
         <size>0x5c3</size>
         <input_file_ref idref="fl-2"/>
      </object_component>
      <object_component id="oc-130">
         <name>.debug_info</name>
         <load_address>0x5c3</load_address>
         <run_address>0x5c3</run_address>
         <size>0x5e6</size>
         <input_file_ref idref="fl-2"/>
      </object_component>
      <object_component id="oc-1d5">
         <name>.debug_info</name>
         <load_address>0xba9</load_address>
         <run_address>0xba9</run_address>
         <size>0x37e2</size>
         <input_file_ref idref="fl-2"/>
      </object_component>
      <object_component id="oc-ea">
         <name>.debug_info</name>
         <load_address>0x438b</load_address>
         <run_address>0x438b</run_address>
         <size>0x26b</size>
         <input_file_ref idref="fl-2"/>
      </object_component>
      <object_component id="oc-1da">
         <name>.debug_info</name>
         <load_address>0x45f6</load_address>
         <run_address>0x45f6</run_address>
         <size>0x1055</size>
         <input_file_ref idref="fl-2"/>
      </object_component>
      <object_component id="oc-35">
         <name>.debug_info</name>
         <load_address>0x564b</load_address>
         <run_address>0x564b</run_address>
         <size>0x84</size>
         <input_file_ref idref="fl-2"/>
      </object_component>
      <object_component id="oc-1df">
         <name>.debug_info</name>
         <load_address>0x56cf</load_address>
         <run_address>0x56cf</run_address>
         <size>0x2a4</size>
         <input_file_ref idref="fl-2"/>
      </object_component>
      <object_component id="oc-cf">
         <name>.debug_info</name>
         <load_address>0x5973</load_address>
         <run_address>0x5973</run_address>
         <size>0xbb</size>
         <input_file_ref idref="fl-2"/>
      </object_component>
      <object_component id="oc-e5">
         <name>.debug_info</name>
         <load_address>0x5a2e</load_address>
         <run_address>0x5a2e</run_address>
         <size>0x5f4</size>
         <input_file_ref idref="fl-3"/>
      </object_component>
      <object_component id="oc-83">
         <name>.debug_info</name>
         <load_address>0x6022</load_address>
         <run_address>0x6022</run_address>
         <size>0x4c0</size>
         <input_file_ref idref="fl-3"/>
      </object_component>
      <object_component id="oc-21b">
         <name>.debug_info</name>
         <load_address>0x64e2</load_address>
         <run_address>0x64e2</run_address>
         <size>0x219</size>
         <input_file_ref idref="fl-4"/>
      </object_component>
      <object_component id="oc-11a">
         <name>.debug_info</name>
         <load_address>0x66fb</load_address>
         <run_address>0x66fb</run_address>
         <size>0x6b7</size>
         <input_file_ref idref="fl-4"/>
      </object_component>
      <object_component id="oc-125">
         <name>.debug_info</name>
         <load_address>0x6db2</load_address>
         <run_address>0x6db2</run_address>
         <size>0x678</size>
         <input_file_ref idref="fl-5"/>
      </object_component>
      <object_component id="oc-e0">
         <name>.debug_info</name>
         <load_address>0x742a</load_address>
         <run_address>0x742a</run_address>
         <size>0x70f</size>
         <input_file_ref idref="fl-6"/>
      </object_component>
      <object_component id="oc-7d">
         <name>.debug_info</name>
         <load_address>0x7b39</load_address>
         <run_address>0x7b39</run_address>
         <size>0x1b80</size>
         <input_file_ref idref="fl-6"/>
      </object_component>
      <object_component id="oc-1e9">
         <name>.debug_info</name>
         <load_address>0x96b9</load_address>
         <run_address>0x96b9</run_address>
         <size>0x379</size>
         <input_file_ref idref="fl-7"/>
      </object_component>
      <object_component id="oc-db">
         <name>.debug_info</name>
         <load_address>0x9a32</load_address>
         <run_address>0x9a32</run_address>
         <size>0xa44</size>
         <input_file_ref idref="fl-7"/>
      </object_component>
      <object_component id="oc-2a7">
         <name>.debug_info</name>
         <load_address>0xa476</load_address>
         <run_address>0xa476</run_address>
         <size>0x76</size>
         <input_file_ref idref="fl-7"/>
      </object_component>
      <object_component id="oc-14c">
         <name>.debug_info</name>
         <load_address>0xa4ec</load_address>
         <run_address>0xa4ec</run_address>
         <size>0x50c</size>
         <input_file_ref idref="fl-8"/>
      </object_component>
      <object_component id="oc-229">
         <name>.debug_info</name>
         <load_address>0xa9f8</load_address>
         <run_address>0xa9f8</run_address>
         <size>0x73a</size>
         <input_file_ref idref="fl-9"/>
      </object_component>
      <object_component id="oc-137">
         <name>.debug_info</name>
         <load_address>0xb132</load_address>
         <run_address>0xb132</run_address>
         <size>0x8b8</size>
         <input_file_ref idref="fl-9"/>
      </object_component>
      <object_component id="oc-140">
         <name>.debug_info</name>
         <load_address>0xb9ea</load_address>
         <run_address>0xb9ea</run_address>
         <size>0xe2e</size>
         <input_file_ref idref="fl-a"/>
      </object_component>
      <object_component id="oc-13d">
         <name>.debug_info</name>
         <load_address>0xc818</load_address>
         <run_address>0xc818</run_address>
         <size>0x146</size>
         <input_file_ref idref="fl-a"/>
      </object_component>
      <object_component id="oc-177">
         <name>.debug_info</name>
         <load_address>0xc95e</load_address>
         <run_address>0xc95e</run_address>
         <size>0x117</size>
         <input_file_ref idref="fl-a"/>
      </object_component>
      <object_component id="oc-147">
         <name>.debug_info</name>
         <load_address>0xca75</load_address>
         <run_address>0xca75</run_address>
         <size>0x1a4</size>
         <input_file_ref idref="fl-a"/>
      </object_component>
      <object_component id="oc-183">
         <name>.debug_info</name>
         <load_address>0xcc19</load_address>
         <run_address>0xcc19</run_address>
         <size>0x10b</size>
         <input_file_ref idref="fl-a"/>
      </object_component>
      <object_component id="oc-b4">
         <name>.debug_info</name>
         <load_address>0xcd24</load_address>
         <run_address>0xcd24</run_address>
         <size>0x1752</size>
         <input_file_ref idref="fl-a"/>
      </object_component>
      <object_component id="oc-18c">
         <name>.debug_info</name>
         <load_address>0xe476</load_address>
         <run_address>0xe476</run_address>
         <size>0x9f</size>
         <input_file_ref idref="fl-a"/>
      </object_component>
      <object_component id="oc-187">
         <name>.debug_info</name>
         <load_address>0xe515</load_address>
         <run_address>0xe515</run_address>
         <size>0x8b</size>
         <input_file_ref idref="fl-a"/>
      </object_component>
      <object_component id="oc-102">
         <name>.debug_info</name>
         <load_address>0xe5a0</load_address>
         <run_address>0xe5a0</run_address>
         <size>0x2c</size>
         <input_file_ref idref="fl-a"/>
      </object_component>
      <object_component id="oc-23b">
         <name>.debug_info</name>
         <load_address>0xe5cc</load_address>
         <run_address>0xe5cc</run_address>
         <size>0x35</size>
         <input_file_ref idref="fl-a"/>
      </object_component>
      <object_component id="oc-12b">
         <name>.debug_info</name>
         <load_address>0xe601</load_address>
         <run_address>0xe601</run_address>
         <size>0x5cb</size>
         <input_file_ref idref="fl-b"/>
      </object_component>
      <object_component id="oc-11f">
         <name>.debug_info</name>
         <load_address>0xebcc</load_address>
         <run_address>0xebcc</run_address>
         <size>0x998</size>
         <input_file_ref idref="fl-c"/>
      </object_component>
      <object_component id="oc-220">
         <name>.debug_info</name>
         <load_address>0xf564</load_address>
         <run_address>0xf564</run_address>
         <size>0x4f3</size>
         <input_file_ref idref="fl-d"/>
      </object_component>
      <object_component id="oc-278">
         <name>.debug_info</name>
         <load_address>0xfa57</load_address>
         <run_address>0xfa57</run_address>
         <size>0x612</size>
         <input_file_ref idref="fl-e"/>
      </object_component>
      <object_component id="oc-275">
         <name>.debug_info</name>
         <load_address>0x10069</load_address>
         <run_address>0x10069</run_address>
         <size>0x169</size>
         <input_file_ref idref="fl-e"/>
      </object_component>
      <object_component id="oc-15d">
         <name>.debug_info</name>
         <load_address>0x101d2</load_address>
         <run_address>0x101d2</run_address>
         <size>0xf57</size>
         <input_file_ref idref="fl-e"/>
      </object_component>
      <object_component id="oc-357">
         <name>.debug_info</name>
         <load_address>0x11129</load_address>
         <run_address>0x11129</run_address>
         <size>0x37e2</size>
         <input_file_ref idref="fl-e"/>
      </object_component>
      <object_component id="oc-d8">
         <name>.debug_info</name>
         <load_address>0x1490b</load_address>
         <run_address>0x1490b</run_address>
         <size>0x5d9</size>
         <input_file_ref idref="fl-10"/>
      </object_component>
      <object_component id="oc-d5">
         <name>.debug_info</name>
         <load_address>0x14ee4</load_address>
         <run_address>0x14ee4</run_address>
         <size>0x1a1</size>
         <input_file_ref idref="fl-10"/>
      </object_component>
      <object_component id="oc-78">
         <name>.debug_info</name>
         <load_address>0x15085</load_address>
         <run_address>0x15085</run_address>
         <size>0x62c</size>
         <input_file_ref idref="fl-10"/>
      </object_component>
      <object_component id="oc-cc">
         <name>.debug_info</name>
         <load_address>0x156b1</load_address>
         <run_address>0x156b1</run_address>
         <size>0x5ee</size>
         <input_file_ref idref="fl-11"/>
      </object_component>
      <object_component id="oc-71">
         <name>.debug_info</name>
         <load_address>0x15c9f</load_address>
         <run_address>0x15c9f</run_address>
         <size>0x4b5</size>
         <input_file_ref idref="fl-11"/>
      </object_component>
      <object_component id="oc-1f6">
         <name>.debug_info</name>
         <load_address>0x16154</load_address>
         <run_address>0x16154</run_address>
         <size>0x80a</size>
         <input_file_ref idref="fl-12"/>
      </object_component>
      <object_component id="oc-113">
         <name>.debug_info</name>
         <load_address>0x1695e</load_address>
         <run_address>0x1695e</run_address>
         <size>0x26ed</size>
         <input_file_ref idref="fl-12"/>
      </object_component>
      <object_component id="oc-2b2">
         <name>.debug_info</name>
         <load_address>0x1904b</load_address>
         <run_address>0x1904b</run_address>
         <size>0xcc</size>
         <input_file_ref idref="fl-12"/>
      </object_component>
      <object_component id="oc-215">
         <name>.debug_info</name>
         <load_address>0x19117</load_address>
         <run_address>0x19117</run_address>
         <size>0x2c</size>
         <input_file_ref idref="fl-12"/>
      </object_component>
      <object_component id="oc-257">
         <name>.debug_info</name>
         <load_address>0x19143</load_address>
         <run_address>0x19143</run_address>
         <size>0x2c</size>
         <input_file_ref idref="fl-12"/>
      </object_component>
      <object_component id="oc-8a">
         <name>.debug_info</name>
         <load_address>0x1916f</load_address>
         <run_address>0x1916f</run_address>
         <size>0x303</size>
         <input_file_ref idref="fl-13"/>
      </object_component>
      <object_component id="oc-27">
         <name>.debug_info</name>
         <load_address>0x19472</load_address>
         <run_address>0x19472</run_address>
         <size>0x12f</size>
         <input_file_ref idref="fl-13"/>
      </object_component>
      <object_component id="oc-6b">
         <name>.debug_info</name>
         <load_address>0x195a1</load_address>
         <run_address>0x195a1</run_address>
         <size>0x1f6</size>
         <input_file_ref idref="fl-13"/>
      </object_component>
      <object_component id="oc-1d0">
         <name>.debug_info</name>
         <load_address>0x19797</load_address>
         <run_address>0x19797</run_address>
         <size>0x128</size>
         <input_file_ref idref="fl-14"/>
      </object_component>
      <object_component id="oc-c5">
         <name>.debug_info</name>
         <load_address>0x198bf</load_address>
         <run_address>0x198bf</run_address>
         <size>0x29a</size>
         <input_file_ref idref="fl-14"/>
      </object_component>
      <object_component id="oc-269">
         <name>.debug_info</name>
         <load_address>0x19b59</load_address>
         <run_address>0x19b59</run_address>
         <size>0x33a</size>
         <input_file_ref idref="fl-ce"/>
      </object_component>
      <object_component id="oc-157">
         <name>.debug_info</name>
         <load_address>0x19e93</load_address>
         <run_address>0x19e93</run_address>
         <size>0x1ee</size>
         <input_file_ref idref="fl-ce"/>
      </object_component>
      <object_component id="oc-25f">
         <name>.debug_info</name>
         <load_address>0x1a081</load_address>
         <run_address>0x1a081</run_address>
         <size>0x1c3</size>
         <input_file_ref idref="fl-ce"/>
      </object_component>
      <object_component id="oc-263">
         <name>.debug_info</name>
         <load_address>0x1a244</load_address>
         <run_address>0x1a244</run_address>
         <size>0x176</size>
         <input_file_ref idref="fl-ce"/>
      </object_component>
      <object_component id="oc-26a">
         <name>.debug_info</name>
         <load_address>0x1a3ba</load_address>
         <run_address>0x1a3ba</run_address>
         <size>0x2c</size>
         <input_file_ref idref="fl-ce"/>
      </object_component>
      <object_component id="oc-26f">
         <name>.debug_info</name>
         <load_address>0x1a3e6</load_address>
         <run_address>0x1a3e6</run_address>
         <size>0x69</size>
         <input_file_ref idref="fl-ce"/>
      </object_component>
      <object_component id="oc-256">
         <name>.debug_info</name>
         <load_address>0x1a44f</load_address>
         <run_address>0x1a44f</run_address>
         <size>0x333</size>
         <input_file_ref idref="fl-cf"/>
      </object_component>
      <object_component id="oc-151">
         <name>.debug_info</name>
         <load_address>0x1a782</load_address>
         <run_address>0x1a782</run_address>
         <size>0x1d1</size>
         <input_file_ref idref="fl-cf"/>
      </object_component>
      <object_component id="oc-24a">
         <name>.debug_info</name>
         <load_address>0x1a953</load_address>
         <run_address>0x1a953</run_address>
         <size>0x18d</size>
         <input_file_ref idref="fl-cf"/>
      </object_component>
      <object_component id="oc-250">
         <name>.debug_info</name>
         <load_address>0x1aae0</load_address>
         <run_address>0x1aae0</run_address>
         <size>0x16d</size>
         <input_file_ref idref="fl-cf"/>
      </object_component>
      <object_component id="oc-2d4">
         <name>.debug_info</name>
         <load_address>0x1ac4d</load_address>
         <run_address>0x1ac4d</run_address>
         <size>0x3f5</size>
         <input_file_ref idref="fl-d0"/>
      </object_component>
      <object_component id="oc-2ca">
         <name>.debug_info</name>
         <load_address>0x1b042</load_address>
         <run_address>0x1b042</run_address>
         <size>0x20e</size>
         <input_file_ref idref="fl-d0"/>
      </object_component>
      <object_component id="oc-2e9">
         <name>.debug_info</name>
         <load_address>0x1b250</load_address>
         <run_address>0x1b250</run_address>
         <size>0x176</size>
         <input_file_ref idref="fl-d0"/>
      </object_component>
      <object_component id="oc-206">
         <name>.debug_info</name>
         <load_address>0x1b3c6</load_address>
         <run_address>0x1b3c6</run_address>
         <size>0x1e4</size>
         <input_file_ref idref="fl-d0"/>
      </object_component>
      <object_component id="oc-201">
         <name>.debug_info</name>
         <load_address>0x1b5aa</load_address>
         <run_address>0x1b5aa</run_address>
         <size>0x1cd</size>
         <input_file_ref idref="fl-d0"/>
      </object_component>
      <object_component id="oc-f1">
         <name>.debug_info</name>
         <load_address>0x1b777</load_address>
         <run_address>0x1b777</run_address>
         <size>0x2c</size>
         <input_file_ref idref="fl-d0"/>
      </object_component>
      <object_component id="oc-3c8">
         <name>.debug_info</name>
         <load_address>0x1b7a3</load_address>
         <run_address>0x1b7a3</run_address>
         <size>0xb2</size>
         <input_file_ref idref="fl-d0"/>
      </object_component>
      <object_component id="oc-2ef">
         <name>.debug_info</name>
         <load_address>0x1b855</load_address>
         <run_address>0x1b855</run_address>
         <size>0x374</size>
         <input_file_ref idref="fl-d1"/>
      </object_component>
      <object_component id="oc-20d">
         <name>.debug_info</name>
         <load_address>0x1bbc9</load_address>
         <run_address>0x1bbc9</run_address>
         <size>0x20b</size>
         <input_file_ref idref="fl-d1"/>
      </object_component>
      <object_component id="oc-2f0">
         <name>.debug_info</name>
         <load_address>0x1bdd4</load_address>
         <run_address>0x1bdd4</run_address>
         <size>0xbf</size>
         <input_file_ref idref="fl-d1"/>
      </object_component>
      <object_component id="oc-16d">
         <name>.debug_info</name>
         <load_address>0x1be93</load_address>
         <run_address>0x1be93</run_address>
         <size>0x13a</size>
         <input_file_ref idref="fl-d2"/>
      </object_component>
      <object_component id="oc-168">
         <name>.debug_info</name>
         <load_address>0x1bfcd</load_address>
         <run_address>0x1bfcd</run_address>
         <size>0x13a</size>
         <input_file_ref idref="fl-d3"/>
      </object_component>
      <object_component id="oc-174">
         <name>.debug_info</name>
         <load_address>0x1c107</load_address>
         <run_address>0x1c107</run_address>
         <size>0x139</size>
         <input_file_ref idref="fl-d4"/>
      </object_component>
      <object_component id="oc-3c">
         <name>.debug_info</name>
         <load_address>0x1c240</load_address>
         <run_address>0x1c240</run_address>
         <size>0x119</size>
         <input_file_ref idref="fl-d5"/>
      </object_component>
      <object_component id="oc-163">
         <name>.debug_info</name>
         <load_address>0x1c359</load_address>
         <run_address>0x1c359</run_address>
         <size>0x12e</size>
         <input_file_ref idref="fl-d6"/>
      </object_component>
      <object_component id="oc-a7">
         <name>.debug_info</name>
         <load_address>0x1c487</load_address>
         <run_address>0x1c487</run_address>
         <size>0x147</size>
         <input_file_ref idref="fl-d7"/>
      </object_component>
[...]
      </symbol>
      <symbol id="sm-637">
         <name>__aeabi_memset</name>
         <value>0x4d1d</value>
         <object_component_ref idref="oc-a6"/>
      </symbol>
      <symbol id="sm-638">
         <name>memset</name>
         <value>0x4d23</value>
         <object_component_ref idref="oc-a6"/>
      </symbol>
      <symbol id="sm-639">
         <name>__aeabi_memset8</name>
         <value>0x4d1d</value>
         <object_component_ref idref="oc-a6"/>
      </symbol>
      <symbol id="sm-63a">
         <name>__aeabi_memset4</name>
         <value>0x4d1d</value>
         <object_component_ref idref="oc-a6"/>
      </symbol>
      <symbol id="sm-63b">
         <name>__aeabi_memclr8</name>
         <value>0x4d1b</value>
         <object_component_ref idref="oc-a6"/>
      </symbol>
      <symbol id="sm-63c">
         <name>__aeabi_memclr4</name>
         <value>0x4d1b</value>
         <object_component_ref idref="oc-a6"/>
      </symbol>
      <symbol id="sm-63d">
         <name>__aeabi_memclr</name>
         <value>0x4d1b</value>
         <object_component_ref idref="oc-a6"/>
      </symbol>
      <symbol id="sm-64f">
         <name>__TI_zero_init</name>
         <value>0x5a47</value>
         <object_component_ref idref="oc-4c"/>
      </symbol>
      <symbol id="sm-666">
         <name>__TI_decompress_none</name>
         <value>0x5a2b</value>
         <object_component_ref idref="oc-1d"/>
      </symbol>
      <symbol id="sm-689">
         <name>__TI_decompress_lzss</name>
         <value>0x4fbd</value>
         <object_component_ref idref="oc-17"/>
      </symbol>
      <symbol id="sm-6af">
         <name>C$$EXIT</name>
         <value>0x5a71</value>
         <object_component_ref idref="oc-191"/>
      </symbol>
      <symbol id="sm-6b0">
         <name>abort</name>
         <value>0x5a71</value>
         <object_component_ref idref="oc-191"/>
      </symbol>
      <symbol id="sm-6b1">
         <name>__TI_dtors_ptr</name>
         <value>0x20003b5c</value>
         <object_component_ref idref="oc-284"/>
      </symbol>
      <symbol id="sm-6b2">
         <name>__TI_cleanup_ptr</name>
         <value>0x20003b58</value>
         <object_component_ref idref="oc-284"/>
      </symbol>
      <symbol id="sm-6b3">
         <name>__TI_enable_exit_profile_output</name>
         <value>0x20003b60</value>
         <object_component_ref idref="oc-284"/>
      </symbol>
      <symbol id="sm-6b4">
         <name>exit</name>
         <value>0x542d</value>
         <object_component_ref idref="oc-197"/>
      </symbol>
      <symbol id="sm-6c9">
         <name>_nop</name>
         <value>0x1907</value>
         <object_component_ref idref="oc-360"/>
      </symbol>
      <symbol id="sm-6ca">
         <name>_lock</name>
         <value>0x20003b64</value>
         <object_component_ref idref="oc-287"/>
      </symbol>
      <symbol id="sm-6cb">
         <name>_unlock</name>
         <value>0x20003b68</value>
         <object_component_ref idref="oc-287"/>
      </symbol>
      <symbol id="sm-6e0">
         <name>__TI_tmpnams</name>
         <value>0x20003320</value>
      </symbol>
      <symbol id="sm-6e1">
         <name>__aeabi_stdout</name>
         <value>0x20003b50</value>
         <object_component_ref idref="oc-2d0"/>
      </symbol>
      <symbol id="sm-6e2">
         <name>__aeabi_stderr</name>
         <value>0x20003b54</value>
         <object_component_ref idref="oc-2d0"/>
      </symbol>
      <symbol id="sm-6e3">
         <name>__aeabi_stdin</name>
         <value>0x20003b4c</value>
         <object_component_ref idref="oc-2d0"/>
      </symbol>
      <symbol id="sm-6e4">
         <name>_ftable</name>
         <value>0x20003960</value>
         <object_component_ref idref="oc-211"/>
      </symbol>
      <symbol id="sm-6e5">
         <name>__TI_ft_end</name>
         <value>0x20003b48</value>
         <object_component_ref idref="oc-2d0"/>
      </symbol>
      <symbol id="sm-769">
         <name>_sys_memory</name>
         <value>0x20003560</value>
         <object_component_ref idref="oc-29"/>
      </symbol>
      <symbol id="sm-76a">
         <name>free</name>
         <value>0x45b1</value>
         <object_component_ref idref="oc-2dc"/>
      </symbol>
      <symbol id="sm-76b">
         <name>memalign</name>
         <value>0x40e1</value>
         <object_component_ref idref="oc-3ef"/>
      </symbol>
      <symbol id="sm-76c">
         <name>malloc</name>
         <value>0x5a65</value>
         <object_component_ref idref="oc-2e2"/>
      </symbol>
      <symbol id="sm-76d">
         <name>aligned_alloc</name>
         <value>0x40e1</value>
         <object_component_ref idref="oc-3ef"/>
      </symbol>
      <symbol id="sm-77d">
         <name>strcat</name>
         <value>0x5921</value>
         <object_component_ref idref="oc-10b"/>
      </symbol>
      <symbol id="sm-78b">
         <name>strcpy</name>
         <value>0x59f1</value>
         <object_component_ref idref="oc-179"/>
      </symbol>
      <symbol id="sm-79e">
         <name>__stack</name>
         <value>0x2000fe00</value>
         <object_component_ref idref="oc-2c"/>
      </symbol>
      <symbol id="sm-79f">
         <name>_c_int00_noargs</name>
         <value>0x5769</value>
         <object_component_ref idref="oc-58"/>
      </symbol>
      <symbol id="sm-7c1">
         <name>open</name>
         <value>0x4771</value>
         <object_component_ref idref="oc-3bd"/>
      </symbol>
      <symbol id="sm-7e1">
         <name>add_device</name>
         <value>0x482d</value>
         <object_component_ref idref="oc-1f9"/>
      </symbol>
      <symbol id="sm-946">
         <name>__TI_printfi</name>
         <value>0xeb9</value>
         <object_component_ref idref="oc-243"/>
      </symbol>
      <symbol id="sm-95b">
         <name>__TI_closefile</name>
         <value>0x4d95</value>
         <object_component_ref idref="oc-2d5"/>
      </symbol>
      <symbol id="sm-96b">
         <name>__TI_doflush</name>
         <value>0x5347</value>
         <object_component_ref idref="oc-3cd"/>
      </symbol>
      <symbol id="sm-989">
         <name>finddevice</name>
         <value>0x5801</value>
         <object_component_ref idref="oc-2b7"/>
      </symbol>
      <symbol id="sm-98a">
         <name>getdevice</name>
         <value>0x5589</value>
         <object_component_ref idref="oc-4a3"/>
      </symbol>
      <symbol id="sm-9a1">
         <name>__aeabi_dsub</name>
         <value>0x3559</value>
         <object_component_ref idref="oc-41e"/>
      </symbol>
      <symbol id="sm-9a2">
         <name>__aeabi_dadd</name>
         <value>0x3563</value>
         <object_component_ref idref="oc-41e"/>
      </symbol>
      <symbol id="sm-9c4">
         <name>__aeabi_cdcmpeq</name>
         <value>0x4c0f</value>
         <object_component_ref idref="oc-310"/>
      </symbol>
      <symbol id="sm-9c5">
         <name>__aeabi_cdcmple</name>
         <value>0x4c0f</value>
         <object_component_ref idref="oc-310"/>
      </symbol>
      <symbol id="sm-9c6">
         <name>__aeabi_cdrcmple</name>
         <value>0x4c95</value>
         <object_component_ref idref="oc-409"/>
      </symbol>
      <symbol id="sm-9d0">
         <name>__aeabi_d2iz</name>
         <value>0x5475</value>
         <object_component_ref idref="oc-40e"/>
      </symbol>
      <symbol id="sm-9da">
         <name>__aeabi_i2d</name>
         <value>0x5831</value>
         <object_component_ref idref="oc-419"/>
      </symbol>
      <symbol id="sm-9e7">
         <name>__aeabi_uldivmod</name>
         <value>0x4b79</value>
         <object_component_ref idref="oc-402"/>
      </symbol>
      <symbol id="sm-a0f">
         <name>__TI_auto_init_nobinit_nopinit</name>
         <value>0x5545</value>
         <object_component_ref idref="oc-19d"/>
      </symbol>
      <symbol id="sm-a19">
         <name>_system_pre_init</name>
         <value>0x5a6d</value>
         <object_component_ref idref="oc-ac"/>
      </symbol>
      <symbol id="sm-a29">
         <name>__TI_ltoa</name>
         <value>0x52a1</value>
         <object_component_ref idref="oc-413"/>
      </symbol>
      <symbol id="sm-a40">
         <name>atoi</name>
         <value>0x5395</value>
         <object_component_ref idref="oc-304"/>
      </symbol>
      <symbol id="sm-a4b">
         <name>_ctypes_</name>
         <value>0x5a74</value>
         <object_component_ref idref="oc-3fd"/>
      </symbol>
      <symbol id="sm-a5b">
         <name>memccpy</name>
         <value>0x595d</value>
         <object_component_ref idref="oc-32d"/>
      </symbol>
      <symbol id="sm-a6b">
         <name>strchr</name>
         <value>0x59db</value>
         <object_component_ref idref="oc-44a"/>
      </symbol>
      <symbol id="sm-a7a">
         <name>strcmp</name>
         <value>0x59c3</value>
         <object_component_ref idref="oc-37f"/>
      </symbol>
      <symbol id="sm-a88">
         <name>strlen</name>
         <value>0x5a05</value>
         <object_component_ref idref="oc-2fe"/>
      </symbol>
      <symbol id="sm-a98">
         <name>strncpy</name>
         <value>0x56c9</value>
         <object_component_ref idref="oc-2bd"/>
      </symbol>
      <symbol id="sm-aa8">
         <name>write</name>
         <value>0x58b5</value>
         <object_component_ref idref="oc-4af"/>
      </symbol>
      <symbol id="sm-ab9">
         <name>_stream</name>
         <value>0x20003ac8</value>
         <object_component_ref idref="oc-4aa"/>
      </symbol>
      <symbol id="sm-aba">
         <name>_device</name>
         <value>0x20003a50</value>
         <object_component_ref idref="oc-2c4"/>
      </symbol>
      <symbol id="sm-acf">
         <name>close</name>
         <value>0x50e9</value>
         <object_component_ref idref="oc-3d3"/>
      </symbol>
      <symbol id="sm-ae5">
         <name>__aeabi_errno_addr</name>
         <value>0x5a5d</value>
         <object_component_ref idref="oc-339"/>
      </symbol>
      <symbol id="sm-ae6">
         <name>errno</name>
         <value>0x20003b88</value>
         <object_component_ref idref="oc-45a"/>
      </symbol>
      <symbol id="sm-aff">
         <name>wcslen</name>
         <value>0x5a19</value>
         <object_component_ref idref="oc-333"/>
      </symbol>
      <symbol id="sm-b1f">
         <name>frexpl</name>
         <value>0x5025</value>
         <object_component_ref idref="oc-43e"/>
      </symbol>
      <symbol id="sm-b20">
         <name>frexp</name>
         <value>0x5025</value>
         <object_component_ref idref="oc-43e"/>
      </symbol>
      <symbol id="sm-b3d">
         <name>scalbn</name>
         <value>0x3ecd</value>
         <object_component_ref idref="oc-444"/>
      </symbol>
      <symbol id="sm-b3e">
         <name>scalbnl</name>
         <value>0x3ecd</value>
         <object_component_ref idref="oc-444"/>
      </symbol>
      <symbol id="sm-b3f">
         <name>ldexpl</name>
         <value>0x3ecd</value>
         <object_component_ref idref="oc-444"/>
      </symbol>
      <symbol id="sm-b40">
         <name>ldexp</name>
         <value>0x3ecd</value>
         <object_component_ref idref="oc-444"/>
      </symbol>
      <symbol id="sm-b4a">
         <name>__aeabi_idiv0</name>
         <value>0x257f</value>
         <object_component_ref idref="oc-4d0"/>
      </symbol>
      <symbol id="sm-b4b">
         <name>__aeabi_ldiv0</name>
         <value>0x257f</value>
         <object_component_ref idref="oc-4d0"/>
      </symbol>
      <symbol id="sm-b5b">
         <name>unlink</name>
         <value>0x5861</value>
         <object_component_ref idref="oc-3d9"/>
      </symbol>
      <symbol id="sm-b6c">
         <name>HOSTclose</name>
         <value>0x54bd</value>
         <object_component_ref idref="oc-38f"/>
      </symbol>
      <symbol id="sm-b7d">
         <name>HOSTlseek</name>
         <value>0x4f55</value>
         <object_component_ref idref="oc-3a1"/>
      </symbol>
      <symbol id="sm-b8f">
         <name>parmbuf</name>
         <value>0x20003500</value>
      </symbol>
      <symbol id="sm-b90">
         <name>HOSTopen</name>
         <value>0x5089</value>
         <object_component_ref idref="oc-389"/>
      </symbol>
      <symbol id="sm-ba1">
         <name>HOSTread</name>
         <value>0x5145</value>
         <object_component_ref idref="oc-395"/>
      </symbol>
      <symbol id="sm-bb2">
         <name>HOSTrename</name>
         <value>0x4ee9</value>
         <object_component_ref idref="oc-3ad"/>
      </symbol>
      <symbol id="sm-bc3">
         <name>HOSTunlink</name>
         <value>0x5501</value>
         <object_component_ref idref="oc-3a7"/>
      </symbol>
      <symbol id="sm-bd4">
         <name>HOSTwrite</name>
         <value>0x519d</value>
         <object_component_ref idref="oc-39b"/>
      </symbol>
      <symbol id="sm-bf8">
         <name>__TI_readmsg</name>
         <value>0x5735</value>
         <object_component_ref idref="oc-486"/>
      </symbol>
      <symbol id="sm-bf9">
         <name>C$$IO$$</name>
         <value>0x56bf</value>
         <object_component_ref idref="oc-480"/>
      </symbol>
      <symbol id="sm-bfa">
         <name>__CIOBUF_</name>
         <value>0x20003200</value>
         <object_component_ref idref="oc-505"/>
      </symbol>
      <symbol id="sm-bfb">
         <name>__TI_writemsg</name>
         <value>0x5691</value>
         <object_component_ref idref="oc-480"/>
      </symbol>
      <symbol id="sm-c05">
         <name>copysign</name>
         <value>0x5979</value>
         <object_component_ref idref="oc-4e7"/>
      </symbol>
      <symbol id="sm-c06">
         <name>copysignl</name>
         <value>0x5979</value>
         <object_component_ref idref="oc-4e7"/>
      </symbol>
      <symbol id="sm-c07">
         <name>__TI_static_base__</name>
         <value>0x0</value>
      </symbol>
      <symbol id="sm-c0a">
         <name>__mpu_init</name>
         <value>0x0</value>
      </symbol>
      <symbol id="sm-c0b">
         <name>_system_post_cinit</name>
         <value>0x0</value>
      </symbol>
      <symbol id="sm-c0c">
         <name>NMI_Handler</name>
         <value>0x5a45</value>
      </symbol>
      <symbol id="sm-c0d">
         <name>HardFault_Handler</name>
         <value>0x5a45</value>
      </symbol>
      <symbol id="sm-c0e">
         <name>MemManage_Handler</name>
         <value>0x5a45</value>
      </symbol>
      <symbol id="sm-c0f">
         <name>BusFault_Handler</name>
         <value>0x5a45</value>
      </symbol>
      <symbol id="sm-c10">
         <name>UsageFault_Handler</name>
         <value>0x5a45</value>
      </symbol>
      <symbol id="sm-c11">
         <name>SVC_Handler</name>
         <value>0x5a45</value>
      </symbol>
      <symbol id="sm-c12">
         <name>DebugMon_Handler</name>
         <value>0x5a45</value>
      </symbol>
      <symbol id="sm-c13">
         <name>PendSV_Handler</name>
         <value>0x5a45</value>
      </symbol>
      <symbol id="sm-c14">
         <name>SysTick_Handler</name>
         <value>0x5a45</value>
      </symbol>
      <symbol id="sm-c15">
         <name>PSS_IRQHandler</name>
         <value>0x5a45</value>
      </symbol>
      <symbol id="sm-c16">
         <name>CS_IRQHandler</name>
         <value>0x5a45</value>
      </symbol>
      <symbol id="sm-c17">
         <name>PCM_IRQHandler</name>
         <value>0x5a45</value>
      </symbol>
      <symbol id="sm-c18">
         <name>WDT_A_IRQHandler</name>
         <value>0x5a45</value>
      </symbol>
      <symbol id="sm-c19">
         <name>FPU_IRQHandler</name>
         <value>0x5a45</value>
      </symbol>
      <symbol id="sm-c1a">
         <name>FLCTL_IRQHandler</name>
         <value>0x5a45</value>
      </symbol>
      <symbol id="sm-c1b">
         <name>COMP_E0_IRQHandler</name>
         <value>0x5a45</value>
      </symbol>
      <symbol id="sm-c1c">
         <name>COMP_E1_IRQHandler</name>
         <value>0x5a45</value>
      </symbol>
      <symbol id="sm-c1d">
         <name>TA0_0_IRQHandler</name>
         <value>0x5a45</value>
      </symbol>
      <symbol id="sm-c1e">
         <name>TA0_N_IRQHandler</name>
         <value>0x5a45</value>
      </symbol>
      <symbol id="sm-c1f">
         <name>TA1_0_IRQHandler</name>
         <value>0x4a0b</value>
      </symbol>
      <symbol id="sm-c20">
         <name>TA1_N_IRQHandler</name>
         <value>0x5a45</value>
      </symbol>
      <symbol id="sm-c21">
         <name>TA2_0_IRQHandler</name>
         <value>0x5a45</value>
      </symbol>
      <symbol id="sm-c22">
         <name>TA2_N_IRQHandler</name>
         <value>0x5a45</value>
      </symbol>
      <symbol id="sm-c23">
         <name>TA3_0_IRQHandler</name>
         <value>0x406f</value>
      </symbol>
      <symbol id="sm-c24">
         <name>TA3_N_IRQHandler</name>
         <value>0x4089</value>
      </symbol>
      <symbol id="sm-c25">
         <name>EUSCIA0_IRQHandler</name>
         <value>0x2057</value>
      </symbol>
      <symbol id="sm-c26">
         <name>EUSCIA1_IRQHandler</name>
         <value>0x5a45</value>
      </symbol>
      <symbol id="sm-c27">
         <name>EUSCIA2_IRQHandler</name>
         <value>0x5a45</value>
      </symbol>
      <symbol id="sm-c28">
         <name>EUSCIA3_IRQHandler</name>
         <value>0x5a45</value>
      </symbol>
      <symbol id="sm-c29">
         <name>EUSCIB0_IRQHandler</name>
         <value>0x5a45</value>
      </symbol>
      <symbol id="sm-c2a">
         <name>EUSCIB1_IRQHandler</name>
         <value>0x5a45</value>
      </symbol>
      <symbol id="sm-c2b">
         <name>EUSCIB2_IRQHandler</name>
         <value>0x5a45</value>
      </symbol>
      <symbol id="sm-c2c">
         <name>EUSCIB3_IRQHandler</name>
         <value>0x5a45</value>
      </symbol>
      <symbol id="sm-c2d">
         <name>ADC14_IRQHandler</name>
         <value>0x5a45</value>
      </symbol>
      <symbol id="sm-c2e">
         <name>T32_INT1_IRQHandler</name>
         <value>0x5a45</value>
      </symbol>
      <symbol id="sm-c2f">
         <name>T32_INT2_IRQHandler</name>
         <value>0x5a45</value>
      </symbol>
      <symbol id="sm-c30">
         <name>T32_INTC_IRQHandler</name>
         <value>0x5a45</value>
      </symbol>
      <symbol id="sm-c31">
         <name>AES256_IRQHandler</name>
         <value>0x5a45</value>
      </symbol>
      <symbol id="sm-c32">
         <name>RTC_C_IRQHandler</name>
         <value>0x5a45</value>
      </symbol>
      <symbol id="sm-c33">
         <name>DMA_ERR_IRQHandler</name>
         <value>0x5a45</value>
      </symbol>
      <symbol id="sm-c34">
         <name>DMA_INT3_IRQHandler</name>
         <value>0x5a45</value>
      </symbol>
      <symbol id="sm-c35">
         <name>DMA_INT2_IRQHandler</name>
         <value>0x5a45</value>
      </symbol>
      <symbol id="sm-c36">
         <name>DMA_INT1_IRQHandler</name>
         <value>0x5a45</value>
      </symbol>
      <symbol id="sm-c37">
         <name>DMA_INT0_IRQHandler</name>
         <value>0x5a45</value>
      </symbol>
      <symbol id="sm-c38">
         <name>PORT1_IRQHandler</name>
         <value>0x5a45</value>
      </symbol>
      <symbol id="sm-c39">
         <name>PORT2_IRQHandler</name>
         <value>0x5a45</value>
      </symbol>
      <symbol id="sm-c3a">
         <name>PORT3_IRQHandler</name>
         <value>0x5a45</value>
      </symbol>
      <symbol id="sm-c3b">
         <name>PORT4_IRQHandler</name>
         <value>0x4487</value>
      </symbol>
      <symbol id="sm-c3c">
         <name>PORT5_IRQHandler</name>
         <value>0x5a45</value>
      </symbol>
      <symbol id="sm-c3d">
         <name>PORT6_IRQHandler</name>
         <value>0x5a45</value>
      </symbol>
      <symbol id="sm-c3e">
         <name>remove</name>
         <value>0x5861</value>
      </symbol>
   </symbol_table>
   <title>Link successful</title>
</link_info>
