<?xml version="1.0"?>
<link_info>
   <banner>TI ARM Linker PC v16.9.6.LTS</banner>
   <copyright>Copyright (c) 1996-2017 Texas Instruments Incorporated</copyright>
   <link_time>0x652e2b35</link_time>
   <link_errors>0x0</link_errors>
   <output_file>Lab3_TimerCompare_Motor.out</output_file>
   <entry_point>
      <name>_c_int00</name>
      <address>0x1409</address>
   </entry_point>
   <input_file_list>
      <input_file id="fl-2">
         <path>.\</path>
         <kind>object</kind>
         <file>Bump.obj</file>
         <name>Bump.obj</name>
      </input_file>
      <input_file id="fl-3">
         <path>.\</path>
         <kind>object</kind>
         <file>Clock.obj</file>
         <name>Clock.obj</name>
      </input_file>
      <input_file id="fl-4">
         <path>.\</path>
         <kind>object</kind>
         <file>CortexM.obj</file>
         <name>CortexM.obj</name>
      </input_file>
      <input_file id="fl-5">
         <path>.\</path>
         <kind>object</kind>
         <file>Lab3_Timersmain.obj</file>
         <name>Lab3_Timersmain.obj</name>
      </input_file>
      <input_file id="fl-6">
         <path>.\</path>
         <kind>object</kind>
         <file>LaunchPad.obj</file>
         <name>LaunchPad.obj</name>
      </input_file>
      <input_file id="fl-7">
         <path>.\</path>
         <kind>object</kind>
         <file>Motor.obj</file>
         <name>Motor.obj</name>
      </input_file>
      <input_file id="fl-8">
         <path>.\</path>
         <kind>object</kind>
         <file>PWM.obj</file>
         <name>PWM.obj</name>
      </input_file>
      <input_file id="fl-9">
         <path>.\</path>
         <kind>object</kind>
         <file>Reflectance.obj</file>
         <name>Reflectance.obj</name>
      </input_file>
      <input_file id="fl-a">
         <path>.\</path>
         <kind>object</kind>
         <file>TExaS.obj</file>
         <name>TExaS.obj</name>
      </input_file>
      <input_file id="fl-b">
         <path>.\</path>
         <kind>object</kind>
         <file>TimerA1.obj</file>
         <name>TimerA1.obj</name>
      </input_file>
      <input_file id="fl-c">
         <path>.\</path>
         <kind>object</kind>
         <file>startup_msp432p401r_ccs.obj</file>
         <name>startup_msp432p401r_ccs.obj</name>
      </input_file>
      <input_file id="fl-d">
         <path>.\</path>
         <kind>object</kind>
         <file>system_msp432p401r.obj</file>
         <name>system_msp432p401r.obj</name>
      </input_file>
      <input_file id="fl-11">
         <kind>object</kind>
         <file>&lt;internal&gt;</file>
         <name>&lt;internal&gt;</name>
      </input_file>
      <input_file id="fl-c7">
         <path>C:\ti\ccsv7\tools\compiler\ti-cgt-arm_16.9.6.LTS\lib\</path>
         <kind>archive</kind>
         <file>rtsv7M4_T_le_v4SPD16_eabi.lib</file>
         <name>boot.obj</name>
      </input_file>
      <input_file id="fl-c8">
         <path>C:\ti\ccsv7\tools\compiler\ti-cgt-arm_16.9.6.LTS\lib\</path>
         <kind>archive</kind>
         <file>rtsv7M4_T_le_v4SPD16_eabi.lib</file>
         <name>copy_decompress_lzss.obj</name>
      </input_file>
      <input_file id="fl-c9">
         <path>C:\ti\ccsv7\tools\compiler\ti-cgt-arm_16.9.6.LTS\lib\</path>
         <kind>archive</kind>
         <file>rtsv7M4_T_le_v4SPD16_eabi.lib</file>
         <name>copy_decompress_none.obj</name>
      </input_file>
      <input_file id="fl-ca">
         <path>C:\ti\ccsv7\tools\compiler\ti-cgt-arm_16.9.6.LTS\lib\</path>
         <kind>archive</kind>
         <file>rtsv7M4_T_le_v4SPD16_eabi.lib</file>
         <name>copy_zero_init.obj</name>
      </input_file>
      <input_file id="fl-cb">
         <path>C:\ti\ccsv7\tools\compiler\ti-cgt-arm_16.9.6.LTS\lib\</path>
         <kind>archive</kind>
         <file>rtsv7M4_T_le_v4SPD16_eabi.lib</file>
         <name>exit.obj</name>
      </input_file>
      <input_file id="fl-cc">
         <path>C:\ti\ccsv7\tools\compiler\ti-cgt-arm_16.9.6.LTS\lib\</path>
         <kind>archive</kind>
         <file>rtsv7M4_T_le_v4SPD16_eabi.lib</file>
         <name>memcpy_t2.obj</name>
      </input_file>
      <input_file id="fl-cd">
         <path>C:\ti\ccsv7\tools\compiler\ti-cgt-arm_16.9.6.LTS\lib\</path>
         <kind>archive</kind>
         <file>rtsv7M4_T_le_v4SPD16_eabi.lib</file>
         <name>memset_t2.obj</name>
      </input_file>
      <input_file id="fl-ce">
         <path>C:\ti\ccsv7\tools\compiler\ti-cgt-arm_16.9.6.LTS\lib\</path>
         <kind>archive</kind>
         <file>rtsv7M4_T_le_v4SPD16_eabi.lib</file>
         <name>mpu_init.obj</name>
      </input_file>
      <input_file id="fl-cf">
         <path>C:\ti\ccsv7\tools\compiler\ti-cgt-arm_16.9.6.LTS\lib\</path>
         <kind>archive</kind>
         <file>rtsv7M4_T_le_v4SPD16_eabi.lib</file>
         <name>pre_init.obj</name>
      </input_file>
      <input_file id="fl-d0">
         <path>C:\ti\ccsv7\tools\compiler\ti-cgt-arm_16.9.6.LTS\lib\</path>
         <kind>archive</kind>
         <file>rtsv7M4_T_le_v4SPD16_eabi.lib</file>
         <name>stkdepth_vars.obj</name>
      </input_file>
      <input_file id="fl-d1">
         <path>C:\ti\ccsv7\tools\compiler\ti-cgt-arm_16.9.6.LTS\lib\</path>
         <kind>archive</kind>
         <file>rtsv7M4_T_le_v4SPD16_eabi.lib</file>
         <name>_lock.obj</name>
      </input_file>
      <input_file id="fl-d2">
         <path>C:\ti\ccsv7\tools\compiler\ti-cgt-arm_16.9.6.LTS\lib\</path>
         <kind>archive</kind>
         <file>rtsv7M4_T_le_v4SPD16_eabi.lib</file>
         <name>args_main.obj</name>
      </input_file>
      <input_file id="fl-d3">
         <path>C:\ti\ccsv7\tools\compiler\ti-cgt-arm_16.9.6.LTS\lib\</path>
         <kind>archive</kind>
         <file>rtsv7M4_T_le_v4SPD16_eabi.lib</file>
         <name>autoinit.obj</name>
      </input_file>
      <input_file id="fl-d4">
         <path>C:\ti\ccsv7\tools\compiler\ti-cgt-arm_16.9.6.LTS\lib\</path>
         <kind>archive</kind>
         <file>rtsv7M4_T_le_v4SPD16_eabi.lib</file>
         <name>cpy_tbl.obj</name>
      </input_file>
      <input_file id="fl-d5">
         <path>C:\ti\ccsv7\tools\compiler\ti-cgt-arm_16.9.6.LTS\lib\</path>
         <kind>archive</kind>
         <file>rtsv7M4_T_le_v4SPD16_eabi.lib</file>
         <name>startup.obj</name>
      </input_file>
   </input_file_list>
   <object_component_list>
      <object_component id="oc-2c">
         <name>.intvecs:retain</name>
         <load_address>0x0</load_address>
         <run_address>0x0</run_address>
         <size>0xe4</size>
         <input_file_ref idref="fl-c"/>
      </object_component>
      <object_component id="oc-81">
         <name>.text</name>
         <load_address>0xe4</load_address>
         <run_address>0xe4</run_address>
         <size>0x630</size>
         <input_file_ref idref="fl-a"/>
      </object_component>
      <object_component id="oc-c3">
         <name>.text</name>
         <load_address>0x714</load_address>
         <run_address>0x714</run_address>
         <size>0x32c</size>
         <input_file_ref idref="fl-d"/>
      </object_component>
      <object_component id="oc-e0">
         <name>.text</name>
         <load_address>0xa40</load_address>
         <run_address>0xa40</run_address>
         <size>0x1e0</size>
         <input_file_ref idref="fl-3"/>
      </object_component>
      <object_component id="oc-e6">
         <name>.text</name>
         <load_address>0xc20</load_address>
         <run_address>0xc20</run_address>
         <size>0x1b0</size>
         <input_file_ref idref="fl-7"/>
      </object_component>
      <object_component id="oc-f2">
         <name>.text</name>
         <load_address>0xdd0</load_address>
         <run_address>0xdd0</run_address>
         <size>0xf4</size>
         <input_file_ref idref="fl-6"/>
      </object_component>
      <object_component id="oc-87">
         <name>.text</name>
         <load_address>0xec4</load_address>
         <run_address>0xec4</run_address>
         <size>0xf0</size>
         <input_file_ref idref="fl-5"/>
      </object_component>
      <object_component id="oc-142">
         <name>.text</name>
         <load_address>0xfb4</load_address>
         <run_address>0xfb4</run_address>
         <size>0xec</size>
         <input_file_ref idref="fl-8"/>
      </object_component>
      <object_component id="oc-ec">
         <name>.text</name>
         <load_address>0x10a0</load_address>
         <run_address>0x10a0</run_address>
         <size>0xd0</size>
         <input_file_ref idref="fl-2"/>
      </object_component>
      <object_component id="oc-7b">
         <name>.text</name>
         <load_address>0x1170</load_address>
         <run_address>0x1170</run_address>
         <size>0xa8</size>
         <input_file_ref idref="fl-b"/>
      </object_component>
      <object_component id="oc-3b">
         <name>.text</name>
         <load_address>0x1218</load_address>
         <run_address>0x1218</run_address>
         <size>0x9c</size>
         <input_file_ref idref="fl-cc"/>
      </object_component>
      <object_component id="oc-47">
         <name>.text</name>
         <load_address>0x12b4</load_address>
         <run_address>0x12b4</run_address>
         <size>0x7a</size>
         <input_file_ref idref="fl-cd"/>
      </object_component>
      <object_component id="oc-53">
         <name>.text</name>
         <load_address>0x132e</load_address>
         <run_address>0x132e</run_address>
         <size>0x2</size>
         <input_file_ref idref="fl-ce"/>
      </object_component>
      <object_component id="oc-5f">
         <name>.text</name>
         <load_address>0x1330</load_address>
         <run_address>0x1330</run_address>
         <size>0x70</size>
         <input_file_ref idref="fl-d3"/>
      </object_component>
      <object_component id="oc-14">
         <name>.text:decompress:lzss</name>
         <load_address>0x13a0</load_address>
         <run_address>0x13a0</run_address>
         <size>0x68</size>
         <input_file_ref idref="fl-c8"/>
      </object_component>
      <object_component id="oc-26">
         <name>.text</name>
         <load_address>0x1408</load_address>
         <run_address>0x1408</run_address>
         <size>0x54</size>
         <input_file_ref idref="fl-c7"/>
      </object_component>
      <object_component id="oc-6b">
         <name>.text</name>
         <load_address>0x145c</load_address>
         <run_address>0x145c</run_address>
         <size>0x54</size>
         <input_file_ref idref="fl-cb"/>
      </object_component>
      <object_component id="oc-a8">
         <name>.text</name>
         <load_address>0x14b0</load_address>
         <run_address>0x14b0</run_address>
         <size>0x4c</size>
         <input_file_ref idref="fl-d4"/>
      </object_component>
      <object_component id="oc-f8">
         <name>.text</name>
         <load_address>0x14fc</load_address>
         <run_address>0x14fc</run_address>
         <size>0x24</size>
         <input_file_ref idref="fl-4"/>
      </object_component>
      <object_component id="oc-65">
         <name>.text</name>
         <load_address>0x1520</load_address>
         <run_address>0x1520</run_address>
         <size>0x18</size>
         <input_file_ref idref="fl-d2"/>
      </object_component>
      <object_component id="oc-11e">
         <name>.text</name>
         <load_address>0x1538</load_address>
         <run_address>0x1538</run_address>
         <size>0x14</size>
         <input_file_ref idref="fl-d1"/>
      </object_component>
      <object_component id="oc-1a">
         <name>.text:decompress:none</name>
         <load_address>0x154c</load_address>
         <run_address>0x154c</run_address>
         <size>0xe</size>
         <input_file_ref idref="fl-c9"/>
      </object_component>
      <object_component id="oc-75">
         <name>.text</name>
         <load_address>0x155a</load_address>
         <run_address>0x155a</run_address>
         <size>0xe</size>
         <input_file_ref idref="fl-c"/>
      </object_component>
      <object_component id="oc-20">
         <name>.text:decompress:ZI</name>
         <load_address>0x1568</load_address>
         <run_address>0x1568</run_address>
         <size>0xc</size>
         <input_file_ref idref="fl-ca"/>
      </object_component>
      <object_component id="oc-59">
         <name>.text</name>
         <load_address>0x1574</load_address>
         <run_address>0x1574</run_address>
         <size>0x4</size>
         <input_file_ref idref="fl-cf"/>
      </object_component>
      <object_component id="oc-ae">
         <name>.text</name>
         <load_address>0x1578</load_address>
         <run_address>0x1578</run_address>
         <size>0x2</size>
         <input_file_ref idref="fl-d5"/>
      </object_component>
      <object_component id="oc-18c">
         <name>.cinit..data.load</name>
         <load_address>0x1580</load_address>
         <run_address>0x1580</run_address>
         <size>0x17</size>
      </object_component>
      <object_component id="oc-18a">
         <name>__TI_handler_table</name>
         <load_address>0x1598</load_address>
         <run_address>0x1598</run_address>
         <size>0xc</size>
      </object_component>
      <object_component id="oc-18d">
         <name>.cinit..bss.load</name>
         <load_address>0x15a8</load_address>
         <run_address>0x15a8</run_address>
         <size>0x8</size>
      </object_component>
      <object_component id="oc-18b">
         <name>__TI_cinit_table</name>
         <load_address>0x15b0</load_address>
         <run_address>0x15b0</run_address>
         <size>0x10</size>
      </object_component>
      <object_component id="oc-167">
         <name>.binit</name>
         <load_address>0x0</load_address>
         <run_address>0x0</run_address>
         <size>0x0</size>
      </object_component>
      <object_component id="oc-13e">
         <name>.data</name>
         <load_address>0x20000000</load_address>
         <run_address>0x20000000</run_address>
         <size>0x18</size>
         <input_file_ref idref="fl-3"/>
      </object_component>
      <object_component id="oc-fe">
         <name>.data</name>
         <load_address>0x20000040</load_address>
         <run_address>0x20000040</run_address>
         <size>0x1</size>
         <input_file_ref idref="fl-5"/>
      </object_component>
      <object_component id="oc-d6">
         <name>.data</name>
         <load_address>0x20000024</load_address>
         <run_address>0x20000024</run_address>
         <size>0xc</size>
         <input_file_ref idref="fl-a"/>
      </object_component>
      <object_component id="oc-12a">
         <name>.data</name>
         <load_address>0x2000003c</load_address>
         <run_address>0x2000003c</run_address>
         <size>0x4</size>
         <input_file_ref idref="fl-d"/>
      </object_component>
      <object_component id="oc-b8">
         <name>.data:$O1$$</name>
         <load_address>0x20000018</load_address>
         <run_address>0x20000018</run_address>
         <size>0xc</size>
         <input_file_ref idref="fl-cb"/>
      </object_component>
      <object_component id="oc-71">
         <name>.data</name>
         <load_address>0x20000038</load_address>
         <run_address>0x20000038</run_address>
         <size>0x4</size>
         <input_file_ref idref="fl-d0"/>
      </object_component>
      <object_component id="oc-bb">
         <name>.data:$O1$$</name>
         <load_address>0x20000030</load_address>
         <run_address>0x20000030</run_address>
         <size>0x8</size>
         <input_file_ref idref="fl-d1"/>
      </object_component>
      <object_component id="oc-d3">
         <name>.common:LogicData</name>
         <uninitialized>true</uninitialized>
         <run_address>0x2000004c</run_address>
         <size>0x1</size>
      </object_component>
      <object_component id="oc-d9">
         <name>.common:PeriodicTask2</name>
         <uninitialized>true</uninitialized>
         <run_address>0x20000044</run_address>
         <size>0x4</size>
      </object_component>
      <object_component id="oc-ca">
         <name>.common:TimerA1Task</name>
         <uninitialized>true</uninitialized>
         <run_address>0x20000048</run_address>
         <size>0x4</size>
      </object_component>
      <object_component id="oc-2f">
         <name>.stack</name>
         <uninitialized>true</uninitialized>
         <run_address>0x2000fe00</run_address>
         <size>0x0</size>
         <input_file_ref idref="fl-c7"/>
      </object_component>
      <object_component id="oc-18e">
         <name>.stack</name>
         <uninitialized>true</uninitialized>
         <run_address>0x2000fe00</run_address>
         <size>0x0</size>
      </object_component>
      <object_component id="oc-15f">
         <name>.debug_info</name>
         <load_address>0x0</load_address>
         <run_address>0x0</run_address>
         <size>0x560</size>
         <input_file_ref idref="fl-2"/>
      </object_component>
      <object_component id="oc-ed">
         <name>.debug_info</name>
         <load_address>0x560</load_address>
         <run_address>0x560</run_address>
         <size>0x26a</size>
         <input_file_ref idref="fl-2"/>
      </object_component>
      <object_component id="oc-130">
         <name>.debug_info</name>
         <load_address>0x7ca</load_address>
         <run_address>0x7ca</run_address>
         <size>0x37e2</size>
         <input_file_ref idref="fl-2"/>
      </object_component>
      <object_component id="oc-135">
         <name>.debug_info</name>
         <load_address>0x3fac</load_address>
         <run_address>0x3fac</run_address>
         <size>0x1055</size>
         <input_file_ref idref="fl-2"/>
      </object_component>
      <object_component id="oc-36">
         <name>.debug_info</name>
         <load_address>0x5001</load_address>
         <run_address>0x5001</run_address>
         <size>0x84</size>
         <input_file_ref idref="fl-2"/>
      </object_component>
      <object_component id="oc-ce">
         <name>.debug_info</name>
         <load_address>0x5085</load_address>
         <run_address>0x5085</run_address>
         <size>0x18b</size>
         <input_file_ref idref="fl-2"/>
      </object_component>
      <object_component id="oc-13f">
         <name>.debug_info</name>
         <load_address>0x5210</load_address>
         <run_address>0x5210</run_address>
         <size>0x1cf</size>
         <input_file_ref idref="fl-3"/>
      </object_component>
      <object_component id="oc-e1">
         <name>.debug_info</name>
         <load_address>0x53df</load_address>
         <run_address>0x53df</run_address>
         <size>0x4dd</size>
         <input_file_ref idref="fl-3"/>
      </object_component>
      <object_component id="oc-fb">
         <name>.debug_info</name>
         <load_address>0x58bc</load_address>
         <run_address>0x58bc</run_address>
         <size>0x49e</size>
         <input_file_ref idref="fl-4"/>
      </object_component>
      <object_component id="oc-100">
         <name>.debug_info</name>
         <load_address>0x5d5a</load_address>
         <run_address>0x5d5a</run_address>
         <size>0x7d0</size>
         <input_file_ref idref="fl-5"/>
      </object_component>
      <object_component id="oc-88">
         <name>.debug_info</name>
         <load_address>0x652a</load_address>
         <run_address>0x652a</run_address>
         <size>0x408</size>
         <input_file_ref idref="fl-5"/>
      </object_component>
      <object_component id="oc-db">
         <name>.debug_info</name>
         <load_address>0x6932</load_address>
         <run_address>0x6932</run_address>
         <size>0xb4</size>
         <input_file_ref idref="fl-5"/>
      </object_component>
      <object_component id="oc-f4">
         <name>.debug_info</name>
         <load_address>0x69e6</load_address>
         <run_address>0x69e6</run_address>
         <size>0x441</size>
         <input_file_ref idref="fl-6"/>
      </object_component>
      <object_component id="oc-e7">
         <name>.debug_info</name>
         <load_address>0x6e27</load_address>
         <run_address>0x6e27</run_address>
         <size>0x76e</size>
         <input_file_ref idref="fl-7"/>
      </object_component>
      <object_component id="oc-143">
         <name>.debug_info</name>
         <load_address>0x7595</load_address>
         <run_address>0x7595</run_address>
         <size>0x3b9</size>
         <input_file_ref idref="fl-8"/>
      </object_component>
      <object_component id="oc-d4">
         <name>.debug_info</name>
         <load_address>0x794e</load_address>
         <run_address>0x794e</run_address>
         <size>0x5bc</size>
         <input_file_ref idref="fl-a"/>
      </object_component>
      <object_component id="oc-d7">
         <name>.debug_info</name>
         <load_address>0x7f0a</load_address>
         <run_address>0x7f0a</run_address>
         <size>0x1b2</size>
         <input_file_ref idref="fl-a"/>
      </object_component>
      <object_component id="oc-82">
         <name>.debug_info</name>
         <load_address>0x80bc</load_address>
         <run_address>0x80bc</run_address>
         <size>0x23d3</size>
         <input_file_ref idref="fl-a"/>
      </object_component>
      <object_component id="oc-cb">
         <name>.debug_info</name>
         <load_address>0xa48f</load_address>
         <run_address>0xa48f</run_address>
         <size>0x592</size>
         <input_file_ref idref="fl-b"/>
      </object_component>
      <object_component id="oc-7d">
         <name>.debug_info</name>
         <load_address>0xaa21</load_address>
         <run_address>0xaa21</run_address>
         <size>0x37b</size>
         <input_file_ref idref="fl-b"/>
      </object_component>
      <object_component id="oc-8f">
         <name>.debug_info</name>
         <load_address>0xad9c</load_address>
         <run_address>0xad9c</run_address>
         <size>0x2cf</size>
         <input_file_ref idref="fl-c"/>
      </object_component>
      <object_component id="oc-2d">
         <name>.debug_info</name>
         <load_address>0xb06b</load_address>
         <run_address>0xb06b</run_address>
         <size>0x10d</size>
         <input_file_ref idref="fl-c"/>
      </object_component>
      <object_component id="oc-76">
         <name>.debug_info</name>
         <load_address>0xb178</load_address>
         <run_address>0xb178</run_address>
         <size>0x1d4</size>
         <input_file_ref idref="fl-c"/>
      </object_component>
      <object_component id="oc-12b">
         <name>.debug_info</name>
         <load_address>0xb34c</load_address>
         <run_address>0xb34c</run_address>
         <size>0x106</size>
         <input_file_ref idref="fl-d"/>
      </object_component>
      <object_component id="oc-c5">
         <name>.debug_info</name>
         <load_address>0xb452</load_address>
         <run_address>0xb452</run_address>
         <size>0x278</size>
         <input_file_ref idref="fl-d"/>
      </object_component>
      <object_component id="oc-28">
         <name>.debug_info</name>
         <load_address>0xb6ca</load_address>
         <run_address>0xb6ca</run_address>
         <size>0x160</size>
         <input_file_ref idref="fl-c7"/>
      </object_component>
      <object_component id="oc-95">
         <name>.debug_info</name>
         <load_address>0xb82a</load_address>
         <run_address>0xb82a</run_address>
         <size>0x293</size>
         <input_file_ref idref="fl-c8"/>
      </object_component>
      <object_component id="oc-16">
         <name>.debug_info</name>
         <load_address>0xbabd</load_address>
         <run_address>0xbabd</run_address>
         <size>0x245</size>
         <input_file_ref idref="fl-c8"/>
      </object_component>
      <object_component id="oc-31">
         <name>.debug_info</name>
         <load_address>0xbd02</load_address>
         <run_address>0xbd02</run_address>
         <size>0x60</size>
         <input_file_ref idref="fl-c8"/>
      </object_component>
      <object_component id="oc-90">
         <name>.debug_info</name>
         <load_address>0xbd62</load_address>
         <run_address>0xbd62</run_address>
         <size>0x46</size>
         <input_file_ref idref="fl-c8"/>
      </object_component>
      <object_component id="oc-46">
         <name>.debug_info</name>
         <load_address>0xbda8</load_address>
         <run_address>0xbda8</run_address>
         <size>0x2da</size>
         <input_file_ref idref="fl-c9"/>
      </object_component>
      <object_component id="oc-1e">
         <name>.debug_info</name>
         <load_address>0xc082</load_address>
         <run_address>0xc082</run_address>
         <size>0x1df</size>
         <input_file_ref idref="fl-c9"/>
      </object_component>
      <object_component id="oc-41">
         <name>.debug_info</name>
         <load_address>0xc261</load_address>
         <run_address>0xc261</run_address>
         <size>0x46</size>
         <input_file_ref idref="fl-c9"/>
      </object_component>
      <object_component id="oc-97">
         <name>.debug_info</name>
         <load_address>0xc2a7</load_address>
         <run_address>0xc2a7</run_address>
         <size>0x2c</size>
         <input_file_ref idref="fl-c9"/>
      </object_component>
      <object_component id="oc-52">
         <name>.debug_info</name>
         <load_address>0xc2d3</load_address>
         <run_address>0xc2d3</run_address>
         <size>0x2c9</size>
         <input_file_ref idref="fl-ca"/>
      </object_component>
      <object_component id="oc-21">
         <name>.debug_info</name>
         <load_address>0xc59c</load_address>
         <run_address>0xc59c</run_address>
         <size>0x1aa</size>
         <input_file_ref idref="fl-ca"/>
      </object_component>
      <object_component id="oc-4d">
         <name>.debug_info</name>
         <load_address>0xc746</load_address>
         <run_address>0xc746</run_address>
         <size>0x46</size>
         <input_file_ref idref="fl-ca"/>
      </object_component>
      <object_component id="oc-9f">
         <name>.debug_info</name>
         <load_address>0xc78c</load_address>
         <run_address>0xc78c</run_address>
         <size>0x2c</size>
         <input_file_ref idref="fl-ca"/>
      </object_component>
      <object_component id="oc-bf">
         <name>.debug_info</name>
         <load_address>0xc7b8</load_address>
         <run_address>0xc7b8</run_address>
         <size>0x3ce</size>
         <input_file_ref idref="fl-cb"/>
      </object_component>
      <object_component id="oc-b9">
         <name>.debug_info</name>
         <load_address>0xcb86</load_address>
         <run_address>0xcb86</run_address>
         <size>0x185</size>
         <input_file_ref idref="fl-cb"/>
      </object_component>
      <object_component id="oc-6e">
         <name>.debug_info</name>
         <load_address>0xcd0b</load_address>
         <run_address>0xcd0b</run_address>
         <size>0x214</size>
         <input_file_ref idref="fl-cb"/>
      </object_component>
      <object_component id="oc-3c">
         <name>.debug_info</name>
         <load_address>0xcf1f</load_address>
         <run_address>0xcf1f</run_address>
         <size>0x111</size>
         <input_file_ref idref="fl-cc"/>
      </object_component>
      <object_component id="oc-49">
         <name>.debug_info</name>
         <load_address>0xd030</load_address>
         <run_address>0xd030</run_address>
         <size>0x13f</size>
         <input_file_ref idref="fl-cd"/>
      </object_component>
      <object_component id="oc-57">
         <name>.debug_info</name>
         <load_address>0xd16f</load_address>
         <run_address>0xd16f</run_address>
         <size>0x138</size>
         <input_file_ref idref="fl-ce"/>
      </object_component>
      <object_component id="oc-5d">
         <name>.debug_info</name>
         <load_address>0xd2a7</load_address>
         <run_address>0xd2a7</run_address>
         <size>0x148</size>
         <input_file_ref idref="fl-cf"/>
      </object_component>
      <object_component id="oc-72">
         <name>.debug_info</name>
         <load_address>0xd3ef</load_address>
         <run_address>0xd3ef</run_address>
         <size>0x109</size>
         <input_file_ref idref="fl-d0"/>
      </object_component>
      <object_component id="oc-126">
         <name>.debug_info</name>
         <load_address>0xd4f8</load_address>
         <run_address>0xd4f8</run_address>
         <size>0x2be</size>
         <input_file_ref idref="fl-d1"/>
      </object_component>
      <object_component id="oc-bc">
         <name>.debug_info</name>
         <load_address>0xd7b6</load_address>
         <run_address>0xd7b6</run_address>
         <size>0x113</size>
         <input_file_ref idref="fl-d1"/>
      </object_component>
      <object_component id="oc-121">
         <name>.debug_info</name>
         <load_address>0xd8c9</load_address>
         <run_address>0xd8c9</run_address>
         <size>0x21f</size>
         <input_file_ref idref="fl-d1"/>
      </object_component>
      <object_component id="oc-b7">
         <name>.debug_info</name>
         <load_address>0xdae8</load_address>
         <run_address>0xdae8</run_address>
         <size>0x300</size>
         <input_file_ref idref="fl-d2"/>
      </object_component>
      <object_component id="oc-68">
         <name>.debug_info</name>
         <load_address>0xdde8</load_address>
         <run_address>0xdde8</run_address>
         <size>0x167</size>
         <input_file_ref idref="fl-d2"/>
      </object_component>
      <object_component id="oc-117">
         <name>.debug_info</name>
         <load_address>0xdf4f</load_address>
         <run_address>0xdf4f</run_address>
         <size>0x5e</size>
         <input_file_ref idref="fl-d2"/>
      </object_component>
      <object_component id="oc-b5">
         <name>.debug_info</name>
         <load_address>0xdfad</load_address>
         <run_address>0xdfad</run_address>
         <size>0x483</size>
         <input_file_ref idref="fl-d3"/>
      </object_component>
      <object_component id="oc-62">
         <name>.debug_info</name>
         <load_address>0xe430</load_address>
         <run_address>0xe430</run_address>
         <size>0x190</size>
         <input_file_ref idref="fl-d3"/>
      </object_component>
      <object_component id="oc-10b">
         <name>.debug_info</name>
         <load_address>0xe5c0</load_address>
         <run_address>0xe5c0</run_address>
         <size>0x39</size>
         <input_file_ref idref="fl-d3"/>
      </object_component>
      <object_component id="oc-155">
         <name>.debug_info</name>
         <load_address>0xe5f9</load_address>
         <run_address>0xe5f9</run_address>
         <size>0x39</size>
         <input_file_ref idref="fl-d3"/>
      </object_component>
      <object_component id="oc-110">
         <name>.debug_info</name>
         <load_address>0xe632</load_address>
         <run_address>0xe632</run_address>
         <size>0xcd</size>
         <input_file_ref idref="fl-d3"/>
      </object_component>
      <object_component id="oc-107">
         <name>.debug_info</name>
         <load_address>0xe6ff</load_address>
         <run_address>0xe6ff</run_address>
         <size>0x37a</size>
         <input_file_ref idref="fl-d4"/>
      </object_component>
      <object_component id="oc-a9">
         <name>.debug_info</name>
         <load_address>0xea79</load_address>
         <run_address>0xea79</run_address>
         <size>0x183</size>
         <input_file_ref idref="fl-d4"/>
      </object_component>
      <object_component id="oc-150">
         <name>.debug_info</name>
         <load_address>0xebfc</load_address>
         <run_address>0xebfc</run_address>
         <size>0x2c</size>
         <input_file_ref idref="fl-d4"/>
      </object_component>
      <object_component id="oc-af">
         <name>.debug_info</name>
         <load_address>0xec28</load_address>
         <run_address>0xec28</run_address>
         <size>0x145</size>
         <input_file_ref idref="fl-d5"/>
      </object_component>
      <object_component id="oc-18f">
         <name>.debug_info</name>
         <load_address>0xed6d</load_address>
         <run_address>0xed6d</run_address>
         <size>0xbc</size>
      </object_component>
      <object_component id="oc-164">
         <name>.debug_line</name>
         <load_address>0x0</load_address>
         <run_address>0x0</run_address>
         <size>0x20</size>
         <input_file_ref idref="fl-2"/>
      </object_component>
      <object_component id="oc-f0">
         <name>.debug_line</name>
         <load_address>0x20</load_address>
         <run_address>0x20</run_address>
         <size>0x9d</size>
         <input_file_ref idref="fl-2"/>
      </object_component>
      <object_component id="oc-133">
         <name>.debug_line</name>
         <load_address>0xbd</load_address>
         <run_address>0xbd</run_address>
         <size>0x52</size>
         <input_file_ref idref="fl-2"/>
      </object_component>
      <object_component id="oc-138">
         <name>.debug_line</name>
         <load_address>0x10f</load_address>
         <run_address>0x10f</run_address>
         <size>0x55</size>
         <input_file_ref idref="fl-2"/>
      </object_component>
      <object_component id="oc-39">
         <name>.debug_line</name>
         <load_address>0x164</load_address>
         <run_address>0x164</run_address>
         <size>0x20</size>
         <input_file_ref idref="fl-2"/>
      </object_component>
      <object_component id="oc-d1">
         <name>.debug_line</name>
         <load_address>0x184</load_address>
         <run_address>0x184</run_address>
         <size>0x65</size>
         <input_file_ref idref="fl-2"/>
      </object_component>
      <object_component id="oc-161">
         <name>.debug_line</name>
         <load_address>0x1e9</load_address>
         <run_address>0x1e9</run_address>
         <size>0x5f</size>
         <input_file_ref idref="fl-3"/>
      </object_component>
      <object_component id="oc-e4">
         <name>.debug_line</name>
         <load_address>0x248</load_address>
         <run_address>0x248</run_address>
         <size>0x12c</size>
         <input_file_ref idref="fl-3"/>
      </object_component>
      <object_component id="oc-f9">
         <name>.debug_line</name>
         <load_address>0x374</load_address>
         <run_address>0x374</run_address>
         <size>0xe3</size>
         <input_file_ref idref="fl-4"/>
      </object_component>
      <object_component id="oc-14d">
         <name>.debug_line</name>
         <load_address>0x457</load_address>
         <run_address>0x457</run_address>
         <size>0xd2</size>
         <input_file_ref idref="fl-5"/>
      </object_component>
      <object_component id="oc-8c">
         <name>.debug_line</name>
         <load_address>0x529</load_address>
         <run_address>0x529</run_address>
         <size>0xc7</size>
         <input_file_ref idref="fl-5"/>
      </object_component>
      <object_component id="oc-de">
         <name>.debug_line</name>
         <load_address>0x5f0</load_address>
         <run_address>0x5f0</run_address>
         <size>0x35</size>
         <input_file_ref idref="fl-5"/>
      </object_component>
      <object_component id="oc-f3">
         <name>.debug_line</name>
         <load_address>0x625</load_address>
         <run_address>0x625</run_address>
         <size>0xd5</size>
         <input_file_ref idref="fl-6"/>
      </object_component>
      <object_component id="oc-ea">
         <name>.debug_line</name>
         <load_address>0x6fa</load_address>
         <run_address>0x6fa</run_address>
         <size>0x11b</size>
         <input_file_ref idref="fl-7"/>
      </object_component>
      <object_component id="oc-146">
         <name>.debug_line</name>
         <load_address>0x815</load_address>
         <run_address>0x815</run_address>
         <size>0xcc</size>
         <input_file_ref idref="fl-8"/>
      </object_component>
      <object_component id="oc-13b">
         <name>.debug_line</name>
         <load_address>0x8e1</load_address>
         <run_address>0x8e1</run_address>
         <size>0x5f</size>
         <input_file_ref idref="fl-a"/>
      </object_component>
      <object_component id="oc-13d">
         <name>.debug_line</name>
         <load_address>0x940</load_address>
         <run_address>0x940</run_address>
         <size>0x5f</size>
         <input_file_ref idref="fl-a"/>
      </object_component>
      <object_component id="oc-85">
         <name>.debug_line</name>
         <load_address>0x99f</load_address>
         <run_address>0x99f</run_address>
         <size>0x607</size>
         <input_file_ref idref="fl-a"/>
      </object_component>
      <object_component id="oc-12f">
         <name>.debug_line</name>
         <load_address>0xfa6</load_address>
         <run_address>0xfa6</run_address>
         <size>0x61</size>
         <input_file_ref idref="fl-b"/>
      </object_component>
      <object_component id="oc-80">
         <name>.debug_line</name>
         <load_address>0x1007</load_address>
         <run_address>0x1007</run_address>
         <size>0xb8</size>
         <input_file_ref idref="fl-b"/>
      </object_component>
      <object_component id="oc-103">
         <name>.debug_line</name>
         <load_address>0x10bf</load_address>
         <run_address>0x10bf</run_address>
         <size>0x40</size>
         <input_file_ref idref="fl-c"/>
      </object_component>
      <object_component id="oc-8e">
         <name>.debug_line</name>
         <load_address>0x10ff</load_address>
         <run_address>0x10ff</run_address>
         <size>0x40</size>
         <input_file_ref idref="fl-c"/>
      </object_component>
      <object_component id="oc-7a">
         <name>.debug_line</name>
         <load_address>0x113f</load_address>
         <run_address>0x113f</run_address>
         <size>0x71</size>
         <input_file_ref idref="fl-c"/>
      </object_component>
      <object_component id="oc-15e">
         <name>.debug_line</name>
         <load_address>0x11b0</load_address>
         <run_address>0x11b0</run_address>
         <size>0x3b</size>
         <input_file_ref idref="fl-d"/>
      </object_component>
      <object_component id="oc-c4">
         <name>.debug_line</name>
         <load_address>0x11eb</load_address>
         <run_address>0x11eb</run_address>
         <size>0x146</size>
         <input_file_ref idref="fl-d"/>
      </object_component>
      <object_component id="oc-2a">
         <name>.debug_line</name>
         <load_address>0x1331</load_address>
         <run_address>0x1331</run_address>
         <size>0x53</size>
         <input_file_ref idref="fl-c7"/>
      </object_component>
      <object_component id="oc-105">
         <name>.debug_line</name>
         <load_address>0x1384</load_address>
         <run_address>0x1384</run_address>
         <size>0x20</size>
         <input_file_ref idref="fl-c8"/>
      </object_component>
      <object_component id="oc-19">
         <name>.debug_line</name>
         <load_address>0x13a4</load_address>
         <run_address>0x13a4</run_address>
         <size>0xa9</size>
         <input_file_ref idref="fl-c8"/>
      </object_component>
      <object_component id="oc-34">
         <name>.debug_line</name>
         <load_address>0x144d</load_address>
         <run_address>0x144d</run_address>
         <size>0x3a</size>
         <input_file_ref idref="fl-c8"/>
      </object_component>
      <object_component id="oc-93">
         <name>.debug_line</name>
         <load_address>0x1487</load_address>
         <run_address>0x1487</run_address>
         <size>0x8a</size>
         <input_file_ref idref="fl-c8"/>
      </object_component>
      <object_component id="oc-9d">
         <name>.debug_line</name>
         <load_address>0x1511</load_address>
         <run_address>0x1511</run_address>
         <size>0x8a</size>
         <input_file_ref idref="fl-c9"/>
      </object_component>
      <object_component id="oc-1d">
         <name>.debug_line</name>
         <load_address>0x159b</load_address>
         <run_address>0x159b</run_address>
         <size>0x55</size>
         <input_file_ref idref="fl-c9"/>
      </object_component>
      <object_component id="oc-44">
         <name>.debug_line</name>
         <load_address>0x15f0</load_address>
         <run_address>0x15f0</run_address>
         <size>0x3a</size>
         <input_file_ref idref="fl-c9"/>
      </object_component>
      <object_component id="oc-9a">
         <name>.debug_line</name>
         <load_address>0x162a</load_address>
         <run_address>0x162a</run_address>
         <size>0x8a</size>
         <input_file_ref idref="fl-c9"/>
      </object_component>
      <object_component id="oc-a5">
         <name>.debug_line</name>
         <load_address>0x16b4</load_address>
         <run_address>0x16b4</run_address>
         <size>0x8a</size>
         <input_file_ref idref="fl-ca"/>
      </object_component>
      <object_component id="oc-24">
         <name>.debug_line</name>
         <load_address>0x173e</load_address>
         <run_address>0x173e</run_address>
         <size>0x4f</size>
         <input_file_ref idref="fl-ca"/>
      </object_component>
      <object_component id="oc-50">
         <name>.debug_line</name>
         <load_address>0x178d</load_address>
         <run_address>0x178d</run_address>
         <size>0x34</size>
         <input_file_ref idref="fl-ca"/>
      </object_component>
      <object_component id="oc-a2">
         <name>.debug_line</name>
         <load_address>0x17c1</load_address>
         <run_address>0x17c1</run_address>
         <size>0x8a</size>
         <input_file_ref idref="fl-ca"/>
      </object_component>
      <object_component id="oc-129">
         <name>.debug_line</name>
         <load_address>0x184b</load_address>
         <run_address>0x184b</run_address>
         <size>0xf2</size>
         <input_file_ref idref="fl-cb"/>
      </object_component>
      <object_component id="oc-11d">
         <name>.debug_line</name>
         <load_address>0x193d</load_address>
         <run_address>0x193d</run_address>
         <size>0x2a</size>
         <input_file_ref idref="fl-cb"/>
      </object_component>
      <object_component id="oc-70">
         <name>.debug_line</name>
         <load_address>0x1967</load_address>
         <run_address>0x1967</run_address>
         <size>0x86</size>
         <input_file_ref idref="fl-cb"/>
      </object_component>
      <object_component id="oc-3f">
         <name>.debug_line</name>
         <load_address>0x19ed</load_address>
         <run_address>0x19ed</run_address>
         <size>0x88</size>
         <input_file_ref idref="fl-cc"/>
      </object_component>
      <object_component id="oc-48">
         <name>.debug_line</name>
         <load_address>0x1a75</load_address>
         <run_address>0x1a75</run_address>
         <size>0x79</size>
         <input_file_ref idref="fl-cd"/>
      </object_component>
      <object_component id="oc-55">
         <name>.debug_line</name>
         <load_address>0x1aee</load_address>
         <run_address>0x1aee</run_address>
         <size>0x3d</size>
         <input_file_ref idref="fl-ce"/>
      </object_component>
      <object_component id="oc-5b">
         <name>.debug_line</name>
         <load_address>0x1b2b</load_address>
         <run_address>0x1b2b</run_address>
         <size>0x40</size>
         <input_file_ref idref="fl-cf"/>
      </object_component>
      <object_component id="oc-c2">
         <name>.debug_line</name>
         <load_address>0x1b6b</load_address>
         <run_address>0x1b6b</run_address>
         <size>0x33</size>
         <input_file_ref idref="fl-d0"/>
      </object_component>
      <object_component id="oc-15c">
         <name>.debug_line</name>
         <load_address>0x1b9e</load_address>
         <run_address>0x1b9e</run_address>
         <size>0x20</size>
         <input_file_ref idref="fl-d1"/>
      </object_component>
      <object_component id="oc-125">
         <name>.debug_line</name>
         <load_address>0x1bbe</load_address>
         <run_address>0x1bbe</run_address>
         <size>0x2b</size>
         <input_file_ref idref="fl-d1"/>
      </object_component>
      <object_component id="oc-123">
         <name>.debug_line</name>
         <load_address>0x1be9</load_address>
         <run_address>0x1be9</run_address>
         <size>0x68</size>
         <input_file_ref idref="fl-d1"/>
      </object_component>
      <object_component id="oc-116">
         <name>.debug_line</name>
         <load_address>0x1c51</load_address>
         <run_address>0x1c51</run_address>
         <size>0x2b</size>
         <input_file_ref idref="fl-d2"/>
      </object_component>
      <object_component id="oc-6a">
         <name>.debug_line</name>
         <load_address>0x1c7c</load_address>
         <run_address>0x1c7c</run_address>
         <size>0x4a</size>
         <input_file_ref idref="fl-d2"/>
      </object_component>
      <object_component id="oc-11a">
         <name>.debug_line</name>
         <load_address>0x1cc6</load_address>
         <run_address>0x1cc6</run_address>
         <size>0x2b</size>
         <input_file_ref idref="fl-d2"/>
      </object_component>
      <object_component id="oc-10a">
         <name>.debug_line</name>
         <load_address>0x1cf1</load_address>
         <run_address>0x1cf1</run_address>
         <size>0xa9</size>
         <input_file_ref idref="fl-d3"/>
      </object_component>
      <object_component id="oc-60">
         <name>.debug_line</name>
         <load_address>0x1d9a</load_address>
         <run_address>0x1d9a</run_address>
         <size>0x8b</size>
         <input_file_ref idref="fl-d3"/>
      </object_component>
      <object_component id="oc-10e">
         <name>.debug_line</name>
         <load_address>0x1e25</load_address>
         <run_address>0x1e25</run_address>
         <size>0x2e</size>
         <input_file_ref idref="fl-d3"/>
      </object_component>
      <object_component id="oc-158">
         <name>.debug_line</name>
         <load_address>0x1e53</load_address>
         <run_address>0x1e53</run_address>
         <size>0x8a</size>
         <input_file_ref idref="fl-d3"/>
      </object_component>
      <object_component id="oc-113">
         <name>.debug_line</name>
         <load_address>0x1edd</load_address>
         <run_address>0x1edd</run_address>
         <size>0x8b</size>
         <input_file_ref idref="fl-d3"/>
      </object_component>
      <object_component id="oc-14f">
         <name>.debug_line</name>
         <load_address>0x1f68</load_address>
         <run_address>0x1f68</run_address>
         <size>0x98</size>
         <input_file_ref idref="fl-d4"/>
      </object_component>
      <object_component id="oc-ac">
         <name>.debug_line</name>
         <load_address>0x2000</load_address>
         <run_address>0x2000</run_address>
         <size>0x68</size>
         <input_file_ref idref="fl-d4"/>
      </object_component>
      <object_component id="oc-153">
         <name>.debug_line</name>
         <load_address>0x2068</load_address>
         <run_address>0x2068</run_address>
         <size>0x2e</size>
         <input_file_ref idref="fl-d4"/>
      </object_component>
      <object_component id="oc-b2">
         <name>.debug_line</name>
         <load_address>0x2096</load_address>
         <run_address>0x2096</run_address>
         <size>0x3c</size>
         <input_file_ref idref="fl-d5"/>
      </object_component>
      <object_component id="oc-f1">
         <name>.debug_frame</name>
         <load_address>0x0</load_address>
         <run_address>0x0</run_address>
         <size>0x6c</size>
         <input_file_ref idref="fl-2"/>
      </object_component>
      <object_component id="oc-e5">
         <name>.debug_frame</name>
         <load_address>0x6c</load_address>
         <run_address>0x6c</run_address>
         <size>0xb0</size>
         <input_file_ref idref="fl-3"/>
      </object_component>
      <object_component id="oc-fa">
         <name>.debug_frame</name>
         <load_address>0x11c</load_address>
         <run_address>0x11c</run_address>
         <size>0xa4</size>
         <input_file_ref idref="fl-4"/>
      </object_component>
      <object_component id="oc-8b">
         <name>.debug_frame</name>
         <load_address>0x1c0</load_address>
         <run_address>0x1c0</run_address>
         <size>0xa0</size>
         <input_file_ref idref="fl-5"/>
      </object_component>
      <object_component id="oc-f7">
         <name>.debug_frame</name>
         <load_address>0x260</load_address>
         <run_address>0x260</run_address>
         <size>0x98</size>
         <input_file_ref idref="fl-6"/>
      </object_component>
      <object_component id="oc-eb">
         <name>.debug_frame</name>
         <load_address>0x2f8</load_address>
         <run_address>0x2f8</run_address>
         <size>0xd4</size>
         <input_file_ref idref="fl-7"/>
      </object_component>
      <object_component id="oc-147">
         <name>.debug_frame</name>
         <load_address>0x3cc</load_address>
         <run_address>0x3cc</run_address>
         <size>0x88</size>
         <input_file_ref idref="fl-8"/>
      </object_component>
      <object_component id="oc-86">
         <name>.debug_frame</name>
         <load_address>0x454</load_address>
         <run_address>0x454</run_address>
         <size>0x3f8</size>
         <input_file_ref idref="fl-a"/>
      </object_component>
      <object_component id="oc-7c">
         <name>.debug_frame</name>
         <load_address>0x84c</load_address>
         <run_address>0x84c</run_address>
         <size>0x84</size>
         <input_file_ref idref="fl-b"/>
      </object_component>
      <object_component id="oc-79">
         <name>.debug_frame</name>
         <load_address>0x8d0</load_address>
         <run_address>0x8d0</run_address>
         <size>0x6c</size>
         <input_file_ref idref="fl-c"/>
      </object_component>
      <object_component id="oc-c8">
         <name>.debug_frame</name>
         <load_address>0x93c</load_address>
         <run_address>0x93c</run_address>
         <size>0x70</size>
         <input_file_ref idref="fl-d"/>
      </object_component>
      <object_component id="oc-15">
         <name>.debug_frame</name>
         <load_address>0x9ac</load_address>
         <run_address>0x9ac</run_address>
         <size>0x60</size>
         <input_file_ref idref="fl-c8"/>
      </object_component>
      <object_component id="oc-1b">
         <name>.debug_frame</name>
         <load_address>0xa0c</load_address>
         <run_address>0xa0c</run_address>
         <size>0x54</size>
         <input_file_ref idref="fl-c9"/>
      </object_component>
      <object_component id="oc-25">
         <name>.debug_frame</name>
         <load_address>0xa60</load_address>
         <run_address>0xa60</run_address>
         <size>0x54</size>
         <input_file_ref idref="fl-ca"/>
      </object_component>
      <object_component id="oc-6d">
         <name>.debug_frame</name>
         <load_address>0xab4</load_address>
         <run_address>0xab4</run_address>
         <size>0x88</size>
         <input_file_ref idref="fl-cb"/>
      </object_component>
      <object_component id="oc-56">
         <name>.debug_frame</name>
         <load_address>0xb3c</load_address>
         <run_address>0xb3c</run_address>
         <size>0x54</size>
         <input_file_ref idref="fl-ce"/>
      </object_component>
      <object_component id="oc-5a">
         <name>.debug_frame</name>
         <load_address>0xb90</load_address>
         <run_address>0xb90</run_address>
         <size>0x54</size>
         <input_file_ref idref="fl-cf"/>
      </object_component>
      <object_component id="oc-120">
         <name>.debug_frame</name>
         <load_address>0xbe4</load_address>
         <run_address>0xbe4</run_address>
         <size>0x7c</size>
         <input_file_ref idref="fl-d1"/>
      </object_component>
      <object_component id="oc-67">
         <name>.debug_frame</name>
         <load_address>0xc60</load_address>
         <run_address>0xc60</run_address>
         <size>0x54</size>
         <input_file_ref idref="fl-d2"/>
      </object_component>
      <object_component id="oc-61">
         <name>.debug_frame</name>
         <load_address>0xcb4</load_address>
         <run_address>0xcb4</run_address>
         <size>0x5c</size>
         <input_file_ref idref="fl-d3"/>
      </object_component>
      <object_component id="oc-ad">
         <name>.debug_frame</name>
         <load_address>0xd10</load_address>
         <run_address>0xd10</run_address>
         <size>0x60</size>
         <input_file_ref idref="fl-d4"/>
      </object_component>
      <object_component id="oc-b3">
         <name>.debug_frame</name>
         <load_address>0xd70</load_address>
         <run_address>0xd70</run_address>
         <size>0x54</size>
         <input_file_ref idref="fl-d5"/>
      </object_component>
      <object_component id="oc-163">
         <name>.debug_abbrev</name>
         <load_address>0x0</load_address>
         <run_address>0x0</run_address>
         <size>0x68</size>
         <input_file_ref idref="fl-2"/>
      </object_component>
      <object_component id="oc-149">
         <name>.debug_abbrev</name>
         <load_address>0x68</load_address>
         <run_address>0x68</run_address>
         <size>0x8d</size>
         <input_file_ref idref="fl-2"/>
      </object_component>
      <object_component id="oc-132">
         <name>.debug_abbrev</name>
         <load_address>0xf5</load_address>
         <run_address>0xf5</run_address>
         <size>0xbd</size>
         <input_file_ref idref="fl-2"/>
      </object_component>
      <object_component id="oc-137">
         <name>.debug_abbrev</name>
         <load_address>0x1b2</load_address>
         <run_address>0x1b2</run_address>
         <size>0x97</size>
         <input_file_ref idref="fl-2"/>
      </object_component>
      <object_component id="oc-38">
         <name>.debug_abbrev</name>
         <load_address>0x249</load_address>
         <run_address>0x249</run_address>
         <size>0x1f</size>
         <input_file_ref idref="fl-2"/>
      </object_component>
      <object_component id="oc-d0">
         <name>.debug_abbrev</name>
         <load_address>0x268</load_address>
         <run_address>0x268</run_address>
         <size>0x35</size>
         <input_file_ref idref="fl-2"/>
      </object_component>
      <object_component id="oc-160">
         <name>.debug_abbrev</name>
         <load_address>0x29d</load_address>
         <run_address>0x29d</run_address>
         <size>0x29</size>
         <input_file_ref idref="fl-3"/>
      </object_component>
      <object_component id="oc-141">
         <name>.debug_abbrev</name>
         <load_address>0x2c6</load_address>
         <run_address>0x2c6</run_address>
         <size>0xa9</size>
         <input_file_ref idref="fl-3"/>
      </object_component>
      <object_component id="oc-14b">
         <name>.debug_abbrev</name>
         <load_address>0x36f</load_address>
         <run_address>0x36f</run_address>
         <size>0x50</size>
         <input_file_ref idref="fl-4"/>
      </object_component>
      <object_component id="oc-14c">
         <name>.debug_abbrev</name>
         <load_address>0x3bf</load_address>
         <run_address>0x3bf</run_address>
         <size>0xf2</size>
         <input_file_ref idref="fl-5"/>
      </object_component>
      <object_component id="oc-ff">
         <name>.debug_abbrev</name>
         <load_address>0x4b1</load_address>
         <run_address>0x4b1</run_address>
         <size>0xa9</size>
         <input_file_ref idref="fl-5"/>
      </object_component>
      <object_component id="oc-dd">
         <name>.debug_abbrev</name>
         <load_address>0x55a</load_address>
         <run_address>0x55a</run_address>
         <size>0x33</size>
         <input_file_ref idref="fl-5"/>
      </object_component>
      <object_component id="oc-14a">
         <name>.debug_abbrev</name>
         <load_address>0x58d</load_address>
         <run_address>0x58d</run_address>
         <size>0x9b</size>
         <input_file_ref idref="fl-6"/>
      </object_component>
      <object_component id="oc-148">
         <name>.debug_abbrev</name>
         <load_address>0x628</load_address>
         <run_address>0x628</run_address>
         <size>0x7a</size>
         <input_file_ref idref="fl-7"/>
      </object_component>
      <object_component id="oc-162">
         <name>.debug_abbrev</name>
         <load_address>0x6a2</load_address>
         <run_address>0x6a2</run_address>
         <size>0x6c</size>
         <input_file_ref idref="fl-8"/>
      </object_component>
      <object_component id="oc-13a">
         <name>.debug_abbrev</name>
         <load_address>0x70e</load_address>
         <run_address>0x70e</run_address>
         <size>0x8e</size>
         <input_file_ref idref="fl-a"/>
      </object_component>
      <object_component id="oc-13c">
         <name>.debug_abbrev</name>
         <load_address>0x79c</load_address>
         <run_address>0x79c</run_address>
         <size>0x29</size>
         <input_file_ref idref="fl-a"/>
      </object_component>
      <object_component id="oc-da">
         <name>.debug_abbrev</name>
         <load_address>0x7c5</load_address>
         <run_address>0x7c5</run_address>
         <size>0x112</size>
         <input_file_ref idref="fl-a"/>
      </object_component>
      <object_component id="oc-12e">
         <name>.debug_abbrev</name>
         <load_address>0x8d7</load_address>
         <run_address>0x8d7</run_address>
         <size>0x8e</size>
         <input_file_ref idref="fl-b"/>
      </object_component>
      <object_component id="oc-cd">
         <name>.debug_abbrev</name>
         <load_address>0x965</load_address>
         <run_address>0x965</run_address>
         <size>0x7b</size>
         <input_file_ref idref="fl-b"/>
      </object_component>
      <object_component id="oc-102">
         <name>.debug_abbrev</name>
         <load_address>0x9e0</load_address>
         <run_address>0x9e0</run_address>
         <size>0x73</size>
         <input_file_ref idref="fl-c"/>
      </object_component>
      <object_component id="oc-8d">
         <name>.debug_abbrev</name>
         <load_address>0xa53</load_address>
         <run_address>0xa53</run_address>
         <size>0x29</size>
         <input_file_ref idref="fl-c"/>
      </object_component>
      <object_component id="oc-c9">
         <name>.debug_abbrev</name>
         <load_address>0xa7c</load_address>
         <run_address>0xa7c</run_address>
         <size>0x89</size>
         <input_file_ref idref="fl-c"/>
      </object_component>
      <object_component id="oc-15d">
         <name>.debug_abbrev</name>
         <load_address>0xb05</load_address>
         <run_address>0xb05</run_address>
         <size>0x29</size>
         <input_file_ref idref="fl-d"/>
      </object_component>
      <object_component id="oc-12d">
         <name>.debug_abbrev</name>
         <load_address>0xb2e</load_address>
         <run_address>0xb2e</run_address>
         <size>0x8b</size>
         <input_file_ref idref="fl-d"/>
      </object_component>
      <object_component id="oc-74">
         <name>.debug_abbrev</name>
         <load_address>0xbb9</load_address>
         <run_address>0xbb9</run_address>
         <size>0x3e</size>
         <input_file_ref idref="fl-c7"/>
      </object_component>
      <object_component id="oc-104">
         <name>.debug_abbrev</name>
         <load_address>0xbf7</load_address>
         <run_address>0xbf7</run_address>
         <size>0x37</size>
         <input_file_ref idref="fl-c8"/>
      </object_component>
      <object_component id="oc-30">
         <name>.debug_abbrev</name>
         <load_address>0xc2e</load_address>
         <run_address>0xc2e</run_address>
         <size>0x6f</size>
         <input_file_ref idref="fl-c8"/>
      </object_component>
      <object_component id="oc-33">
         <name>.debug_abbrev</name>
         <load_address>0xc9d</load_address>
         <run_address>0xc9d</run_address>
         <size>0x24</size>
         <input_file_ref idref="fl-c8"/>
      </object_component>
      <object_component id="oc-92">
         <name>.debug_abbrev</name>
         <load_address>0xcc1</load_address>
         <run_address>0xcc1</run_address>
         <size>0x35</size>
         <input_file_ref idref="fl-c8"/>
      </object_component>
      <object_component id="oc-9c">
         <name>.debug_abbrev</name>
         <load_address>0xcf6</load_address>
         <run_address>0xcf6</run_address>
         <size>0x5d</size>
         <input_file_ref idref="fl-c9"/>
      </object_component>
      <object_component id="oc-40">
         <name>.debug_abbrev</name>
         <load_address>0xd53</load_address>
         <run_address>0xd53</run_address>
         <size>0x74</size>
         <input_file_ref idref="fl-c9"/>
      </object_component>
      <object_component id="oc-43">
         <name>.debug_abbrev</name>
         <load_address>0xdc7</load_address>
         <run_address>0xdc7</run_address>
         <size>0x24</size>
         <input_file_ref idref="fl-c9"/>
      </object_component>
      <object_component id="oc-99">
         <name>.debug_abbrev</name>
         <load_address>0xdeb</load_address>
         <run_address>0xdeb</run_address>
         <size>0x24</size>
         <input_file_ref idref="fl-c9"/>
      </object_component>
      <object_component id="oc-a4">
         <name>.debug_abbrev</name>
         <load_address>0xe0f</load_address>
         <run_address>0xe0f</run_address>
         <size>0x5d</size>
         <input_file_ref idref="fl-ca"/>
      </object_component>
      <object_component id="oc-4c">
         <name>.debug_abbrev</name>
         <load_address>0xe6c</load_address>
         <run_address>0xe6c</run_address>
         <size>0x74</size>
         <input_file_ref idref="fl-ca"/>
      </object_component>
      <object_component id="oc-4f">
         <name>.debug_abbrev</name>
         <load_address>0xee0</load_address>
         <run_address>0xee0</run_address>
         <size>0x24</size>
         <input_file_ref idref="fl-ca"/>
      </object_component>
      <object_component id="oc-a1">
         <name>.debug_abbrev</name>
         <load_address>0xf04</load_address>
         <run_address>0xf04</run_address>
         <size>0x24</size>
         <input_file_ref idref="fl-ca"/>
      </object_component>
      <object_component id="oc-128">
         <name>.debug_abbrev</name>
         <load_address>0xf28</load_address>
         <run_address>0xf28</run_address>
         <size>0xb3</size>
         <input_file_ref idref="fl-cb"/>
      </object_component>
      <object_component id="oc-11c">
         <name>.debug_abbrev</name>
         <load_address>0xfdb</load_address>
         <run_address>0xfdb</run_address>
         <size>0x29</size>
         <input_file_ref idref="fl-cb"/>
      </object_component>
      <object_component id="oc-be">
         <name>.debug_abbrev</name>
         <load_address>0x1004</load_address>
         <run_address>0x1004</run_address>
         <size>0xba</size>
         <input_file_ref idref="fl-cb"/>
      </object_component>
      <object_component id="oc-96">
         <name>.debug_abbrev</name>
         <load_address>0x10be</load_address>
         <run_address>0x10be</run_address>
         <size>0x3e</size>
         <input_file_ref idref="fl-cc"/>
      </object_component>
      <object_component id="oc-9e">
         <name>.debug_abbrev</name>
         <load_address>0x10fc</load_address>
         <run_address>0x10fc</run_address>
         <size>0x4f</size>
         <input_file_ref idref="fl-cd"/>
      </object_component>
      <object_component id="oc-a6">
         <name>.debug_abbrev</name>
         <load_address>0x114b</load_address>
         <run_address>0x114b</run_address>
         <size>0x53</size>
         <input_file_ref idref="fl-ce"/>
      </object_component>
      <object_component id="oc-a7">
         <name>.debug_abbrev</name>
         <load_address>0x119e</load_address>
         <run_address>0x119e</run_address>
         <size>0x55</size>
         <input_file_ref idref="fl-cf"/>
      </object_component>
      <object_component id="oc-c1">
         <name>.debug_abbrev</name>
         <load_address>0x11f3</load_address>
         <run_address>0x11f3</run_address>
         <size>0x27</size>
         <input_file_ref idref="fl-d0"/>
      </object_component>
      <object_component id="oc-15b">
         <name>.debug_abbrev</name>
         <load_address>0x121a</load_address>
         <run_address>0x121a</run_address>
         <size>0x50</size>
         <input_file_ref idref="fl-d1"/>
      </object_component>
      <object_component id="oc-124">
         <name>.debug_abbrev</name>
         <load_address>0x126a</load_address>
         <run_address>0x126a</run_address>
         <size>0x29</size>
         <input_file_ref idref="fl-d1"/>
      </object_component>
      <object_component id="oc-15a">
         <name>.debug_abbrev</name>
         <load_address>0x1293</load_address>
         <run_address>0x1293</run_address>
         <size>0x6f</size>
         <input_file_ref idref="fl-d1"/>
      </object_component>
      <object_component id="oc-115">
         <name>.debug_abbrev</name>
         <load_address>0x1302</load_address>
         <run_address>0x1302</run_address>
         <size>0x99</size>
         <input_file_ref idref="fl-d2"/>
      </object_component>
      <object_component id="oc-b6">
         <name>.debug_abbrev</name>
         <load_address>0x139b</load_address>
         <run_address>0x139b</run_address>
         <size>0x68</size>
         <input_file_ref idref="fl-d2"/>
      </object_component>
      <object_component id="oc-119">
         <name>.debug_abbrev</name>
         <load_address>0x1403</load_address>
         <run_address>0x1403</run_address>
         <size>0x49</size>
         <input_file_ref idref="fl-d2"/>
      </object_component>
      <object_component id="oc-109">
         <name>.debug_abbrev</name>
         <load_address>0x144c</load_address>
         <run_address>0x144c</run_address>
         <size>0xb9</size>
         <input_file_ref idref="fl-d3"/>
      </object_component>
      <object_component id="oc-b4">
         <name>.debug_abbrev</name>
         <load_address>0x1505</load_address>
         <run_address>0x1505</run_address>
         <size>0x7e</size>
         <input_file_ref idref="fl-d3"/>
      </object_component>
      <object_component id="oc-10d">
         <name>.debug_abbrev</name>
         <load_address>0x1583</load_address>
         <run_address>0x1583</run_address>
         <size>0x24</size>
         <input_file_ref idref="fl-d3"/>
      </object_component>
      <object_component id="oc-157">
         <name>.debug_abbrev</name>
         <load_address>0x15a7</load_address>
         <run_address>0x15a7</run_address>
         <size>0x24</size>
         <input_file_ref idref="fl-d3"/>
      </object_component>
      <object_component id="oc-112">
         <name>.debug_abbrev</name>
         <load_address>0x15cb</load_address>
         <run_address>0x15cb</run_address>
         <size>0x4b</size>
         <input_file_ref idref="fl-d3"/>
      </object_component>
      <object_component id="oc-14e">
         <name>.debug_abbrev</name>
         <load_address>0x1616</load_address>
         <run_address>0x1616</run_address>
         <size>0xa7</size>
         <input_file_ref idref="fl-d4"/>
      </object_component>
      <object_component id="oc-106">
         <name>.debug_abbrev</name>
         <load_address>0x16bd</load_address>
         <run_address>0x16bd</run_address>
         <size>0x8c</size>
         <input_file_ref idref="fl-d4"/>
      </object_component>
      <object_component id="oc-152">
         <name>.debug_abbrev</name>
         <load_address>0x1749</load_address>
         <run_address>0x1749</run_address>
         <size>0x24</size>
         <input_file_ref idref="fl-d4"/>
      </object_component>
      <object_component id="oc-108">
         <name>.debug_abbrev</name>
         <load_address>0x176d</load_address>
         <run_address>0x176d</run_address>
         <size>0x53</size>
         <input_file_ref idref="fl-d5"/>
      </object_component>
      <object_component id="oc-190">
         <name>.debug_abbrev</name>
         <load_address>0x17c0</load_address>
         <run_address>0x17c0</run_address>
         <size>0xf</size>
      </object_component>
      <object_component id="oc-134">
         <name>.debug_str</name>
         <load_address>0x0</load_address>
         <run_address>0x0</run_address>
         <size>0x15dd</size>
         <input_file_ref idref="fl-2"/>
      </object_component>
      <object_component id="oc-139">
         <name>.debug_str</name>
         <load_address>0x15dd</load_address>
         <run_address>0x15dd</run_address>
         <size>0x499</size>
         <input_file_ref idref="fl-2"/>
      </object_component>
      <object_component id="oc-3a">
         <name>.debug_str</name>
         <load_address>0x1a76</load_address>
         <run_address>0x1a76</run_address>
         <size>0xfa</size>
         <input_file_ref idref="fl-2"/>
      </object_component>
      <object_component id="oc-d2">
         <name>.debug_str</name>
         <load_address>0x1b70</load_address>
         <run_address>0x1b70</run_address>
         <size>0x233</size>
         <input_file_ref idref="fl-2"/>
      </object_component>
      <object_component id="oc-df">
         <name>.debug_str</name>
         <load_address>0x1da3</load_address>
         <run_address>0x1da3</run_address>
         <size>0x1ce</size>
         <input_file_ref idref="fl-5"/>
      </object_component>
      <object_component id="oc-35">
         <name>.debug_str</name>
         <load_address>0x1f71</load_address>
         <run_address>0x1f71</run_address>
         <size>0x10d</size>
         <input_file_ref idref="fl-c8"/>
      </object_component>
      <object_component id="oc-94">
         <name>.debug_str</name>
         <load_address>0x207e</load_address>
         <run_address>0x207e</run_address>
         <size>0x14a</size>
         <input_file_ref idref="fl-c8"/>
      </object_component>
      <object_component id="oc-45">
         <name>.debug_str</name>
         <load_address>0x21c8</load_address>
         <run_address>0x21c8</run_address>
         <size>0x100</size>
         <input_file_ref idref="fl-c9"/>
      </object_component>
      <object_component id="oc-9b">
         <name>.debug_str</name>
         <load_address>0x22c8</load_address>
         <run_address>0x22c8</run_address>
         <size>0x12d</size>
         <input_file_ref idref="fl-c9"/>
      </object_component>
      <object_component id="oc-51">
         <name>.debug_str</name>
         <load_address>0x23f5</load_address>
         <run_address>0x23f5</run_address>
         <size>0xfa</size>
         <input_file_ref idref="fl-ca"/>
      </object_component>
      <object_component id="oc-a3">
         <name>.debug_str</name>
         <load_address>0x24ef</load_address>
         <run_address>0x24ef</run_address>
         <size>0x12d</size>
         <input_file_ref idref="fl-ca"/>
      </object_component>
      <object_component id="oc-11b">
         <name>.debug_str</name>
         <load_address>0x261c</load_address>
         <run_address>0x261c</run_address>
         <size>0xd6</size>
         <input_file_ref idref="fl-d2"/>
      </object_component>
      <object_component id="oc-10f">
         <name>.debug_str</name>
         <load_address>0x26f2</load_address>
         <run_address>0x26f2</run_address>
         <size>0xe2</size>
         <input_file_ref idref="fl-d3"/>
      </object_component>
      <object_component id="oc-159">
         <name>.debug_str</name>
         <load_address>0x27d4</load_address>
         <run_address>0x27d4</run_address>
         <size>0x138</size>
         <input_file_ref idref="fl-d3"/>
      </object_component>
      <object_component id="oc-114">
         <name>.debug_str</name>
         <load_address>0x290c</load_address>
         <run_address>0x290c</run_address>
         <size>0x184</size>
         <input_file_ref idref="fl-d3"/>
      </object_component>
      <object_component id="oc-154">
         <name>.debug_str</name>
         <load_address>0x2a90</load_address>
         <run_address>0x2a90</run_address>
         <size>0xd7</size>
         <input_file_ref idref="fl-d4"/>
      </object_component>
      <object_component id="oc-ef">
         <name>.debug_aranges</name>
         <load_address>0x0</load_address>
         <run_address>0x0</run_address>
         <size>0x28</size>
         <input_file_ref idref="fl-2"/>
      </object_component>
      <object_component id="oc-e3">
         <name>.debug_aranges</name>
         <load_address>0x28</load_address>
         <run_address>0x28</run_address>
         <size>0x40</size>
         <input_file_ref idref="fl-3"/>
      </object_component>
      <object_component id="oc-fd">
         <name>.debug_aranges</name>
         <load_address>0x68</load_address>
         <run_address>0x68</run_address>
         <size>0x40</size>
         <input_file_ref idref="fl-4"/>
      </object_component>
      <object_component id="oc-89">
         <name>.debug_aranges</name>
         <load_address>0xa8</load_address>
         <run_address>0xa8</run_address>
         <size>0x38</size>
         <input_file_ref idref="fl-5"/>
      </object_component>
      <object_component id="oc-f5">
         <name>.debug_aranges</name>
         <load_address>0xe0</load_address>
         <run_address>0xe0</run_address>
         <size>0x38</size>
         <input_file_ref idref="fl-6"/>
      </object_component>
      <object_component id="oc-e9">
         <name>.debug_aranges</name>
         <load_address>0x118</load_address>
         <run_address>0x118</run_address>
         <size>0x48</size>
         <input_file_ref idref="fl-7"/>
      </object_component>
      <object_component id="oc-145">
         <name>.debug_aranges</name>
         <load_address>0x160</load_address>
         <run_address>0x160</run_address>
         <size>0x30</size>
         <input_file_ref idref="fl-8"/>
      </object_component>
      <object_component id="oc-83">
         <name>.debug_aranges</name>
         <load_address>0x190</load_address>
         <run_address>0x190</run_address>
         <size>0x188</size>
         <input_file_ref idref="fl-a"/>
      </object_component>
      <object_component id="oc-7e">
         <name>.debug_aranges</name>
         <load_address>0x318</load_address>
         <run_address>0x318</run_address>
         <size>0x30</size>
         <input_file_ref idref="fl-b"/>
      </object_component>
      <object_component id="oc-77">
         <name>.debug_aranges</name>
         <load_address>0x348</load_address>
         <run_address>0x348</run_address>
         <size>0x28</size>
         <input_file_ref idref="fl-c"/>
      </object_component>
      <object_component id="oc-c6">
         <name>.debug_aranges</name>
         <load_address>0x370</load_address>
         <run_address>0x370</run_address>
         <size>0x28</size>
         <input_file_ref idref="fl-d"/>
      </object_component>
      <object_component id="oc-27">
         <name>.debug_aranges</name>
         <load_address>0x398</load_address>
         <run_address>0x398</run_address>
         <size>0x20</size>
         <input_file_ref idref="fl-c7"/>
      </object_component>
      <object_component id="oc-18">
         <name>.debug_aranges</name>
         <load_address>0x3b8</load_address>
         <run_address>0x3b8</run_address>
         <size>0x20</size>
         <input_file_ref idref="fl-c8"/>
      </object_component>
      <object_component id="oc-1c">
         <name>.debug_aranges</name>
         <load_address>0x3d8</load_address>
         <run_address>0x3d8</run_address>
         <size>0x20</size>
         <input_file_ref idref="fl-c9"/>
      </object_component>
      <object_component id="oc-22">
         <name>.debug_aranges</name>
         <load_address>0x3f8</load_address>
         <run_address>0x3f8</run_address>
         <size>0x20</size>
         <input_file_ref idref="fl-ca"/>
      </object_component>
      <object_component id="oc-6c">
         <name>.debug_aranges</name>
         <load_address>0x418</load_address>
         <run_address>0x418</run_address>
         <size>0x30</size>
         <input_file_ref idref="fl-cb"/>
      </object_component>
      <object_component id="oc-3d">
         <name>.debug_aranges</name>
         <load_address>0x448</load_address>
         <run_address>0x448</run_address>
         <size>0x20</size>
         <input_file_ref idref="fl-cc"/>
      </object_component>
      <object_component id="oc-4a">
         <name>.debug_aranges</name>
         <load_address>0x468</load_address>
         <run_address>0x468</run_address>
         <size>0x28</size>
         <input_file_ref idref="fl-cd"/>
      </object_component>
      <object_component id="oc-54">
         <name>.debug_aranges</name>
         <load_address>0x490</load_address>
         <run_address>0x490</run_address>
         <size>0x20</size>
         <input_file_ref idref="fl-ce"/>
      </object_component>
      <object_component id="oc-5c">
         <name>.debug_aranges</name>
         <load_address>0x4b0</load_address>
         <run_address>0x4b0</run_address>
         <size>0x20</size>
         <input_file_ref idref="fl-cf"/>
      </object_component>
      <object_component id="oc-11f">
         <name>.debug_aranges</name>
         <load_address>0x4d0</load_address>
         <run_address>0x4d0</run_address>
         <size>0x30</size>
         <input_file_ref idref="fl-d1"/>
      </object_component>
      <object_component id="oc-66">
         <name>.debug_aranges</name>
         <load_address>0x500</load_address>
         <run_address>0x500</run_address>
         <size>0x20</size>
         <input_file_ref idref="fl-d2"/>
      </object_component>
      <object_component id="oc-63">
         <name>.debug_aranges</name>
         <load_address>0x520</load_address>
         <run_address>0x520</run_address>
         <size>0x20</size>
         <input_file_ref idref="fl-d3"/>
      </object_component>
      <object_component id="oc-aa">
         <name>.debug_aranges</name>
         <load_address>0x540</load_address>
         <run_address>0x540</run_address>
         <size>0x20</size>
         <input_file_ref idref="fl-d4"/>
      </object_component>
      <object_component id="oc-b0">
         <name>.debug_aranges</name>
         <load_address>0x560</load_address>
         <run_address>0x560</run_address>
         <size>0x20</size>
         <input_file_ref idref="fl-d5"/>
      </object_component>
      <object_component id="oc-ee">
         <name>.debug_pubnames</name>
         <load_address>0x0</load_address>
         <run_address>0x0</run_address>
         <size>0x2e</size>
         <input_file_ref idref="fl-2"/>
      </object_component>
      <object_component id="oc-140">
         <name>.debug_pubnames</name>
         <load_address>0x2e</load_address>
         <run_address>0x2e</run_address>
         <size>0x67</size>
         <input_file_ref idref="fl-3"/>
      </object_component>
      <object_component id="oc-e2">
         <name>.debug_pubnames</name>
         <load_address>0x95</load_address>
         <run_address>0x95</run_address>
         <size>0x68</size>
         <input_file_ref idref="fl-3"/>
      </object_component>
      <object_component id="oc-fc">
[...]
         <value>0x413</value>
         <object_component_ref idref="oc-81"/>
      </symbol>
      <symbol id="sm-1d9">
         <name>TExaS_Clear3</name>
         <value>0x437</value>
         <object_component_ref idref="oc-81"/>
      </symbol>
      <symbol id="sm-1da">
         <name>TExaS_Clear2</name>
         <value>0x42b</value>
         <object_component_ref idref="oc-81"/>
      </symbol>
      <symbol id="sm-1db">
         <name>TExaS_Stop</name>
         <value>0x6b1</value>
         <object_component_ref idref="oc-81"/>
      </symbol>
      <symbol id="sm-1dc">
         <name>TExaS_ScopeErrConflict</name>
         <value>0x20000028</value>
         <object_component_ref idref="oc-d6"/>
      </symbol>
      <symbol id="sm-1dd">
         <name>ADC_Init</name>
         <value>0x475</value>
         <object_component_ref idref="oc-81"/>
      </symbol>
      <symbol id="sm-1de">
         <name>LogicAnalyzer_P4_765432</name>
         <value>0x137</value>
         <object_component_ref idref="oc-81"/>
      </symbol>
      <symbol id="sm-1df">
         <name>PeriodicTask2_Init</name>
         <value>0x257</value>
         <object_component_ref idref="oc-81"/>
      </symbol>
      <symbol id="sm-1e0">
         <name>LogicAnalyzer_P1</name>
         <value>0xef</value>
         <object_component_ref idref="oc-81"/>
      </symbol>
      <symbol id="sm-1e1">
         <name>LogicAnalyzer_P3</name>
         <value>0x11b</value>
         <object_component_ref idref="oc-81"/>
      </symbol>
      <symbol id="sm-1e2">
         <name>LogicAnalyzer_P2</name>
         <value>0xfd</value>
         <object_component_ref idref="oc-81"/>
      </symbol>
      <symbol id="sm-1e3">
         <name>LogicAnalyzer_P5</name>
         <value>0x17f</value>
         <object_component_ref idref="oc-81"/>
      </symbol>
      <symbol id="sm-1e4">
         <name>LogicAnalyzer_P4</name>
         <value>0x129</value>
         <object_component_ref idref="oc-81"/>
      </symbol>
      <symbol id="sm-1e5">
         <name>LogicAnalyzer_P7</name>
         <value>0x19b</value>
         <object_component_ref idref="oc-81"/>
      </symbol>
      <symbol id="sm-1e6">
         <name>LogicAnalyzer_P6</name>
         <value>0x18d</value>
         <object_component_ref idref="oc-81"/>
      </symbol>
      <symbol id="sm-1e7">
         <name>LogicAnalyzer_P9</name>
         <value>0x1b7</value>
         <object_component_ref idref="oc-81"/>
      </symbol>
      <symbol id="sm-1e8">
         <name>LogicAnalyzer_P8</name>
         <value>0x1a9</value>
         <object_component_ref idref="oc-81"/>
      </symbol>
      <symbol id="sm-1e9">
         <name>TExaS_ScopeWrnReconfig</name>
         <value>0x2000002c</value>
         <object_component_ref idref="oc-d6"/>
      </symbol>
      <symbol id="sm-1ea">
         <name>TExaS_Task0</name>
         <value>0x367</value>
         <object_component_ref idref="oc-81"/>
      </symbol>
      <symbol id="sm-1eb">
         <name>TExaS_Task1</name>
         <value>0x373</value>
         <object_component_ref idref="oc-81"/>
      </symbol>
      <symbol id="sm-1ec">
         <name>TExaS_Task2</name>
         <value>0x37f</value>
         <object_component_ref idref="oc-81"/>
      </symbol>
      <symbol id="sm-1ed">
         <name>TExaS_Task3</name>
         <value>0x38b</value>
         <object_component_ref idref="oc-81"/>
      </symbol>
      <symbol id="sm-1ee">
         <name>TExaS_Task4</name>
         <value>0x397</value>
         <object_component_ref idref="oc-81"/>
      </symbol>
      <symbol id="sm-1ef">
         <name>TExaS_Task5</name>
         <value>0x399</value>
         <object_component_ref idref="oc-81"/>
      </symbol>
      <symbol id="sm-1f0">
         <name>TExaS_Task6</name>
         <value>0x3a5</value>
         <object_component_ref idref="oc-81"/>
      </symbol>
      <symbol id="sm-1f1">
         <name>Scope</name>
         <value>0x1d3</value>
         <object_component_ref idref="oc-81"/>
      </symbol>
      <symbol id="sm-1f2">
         <name>TExaS_Set0</name>
         <value>0x3c9</value>
         <object_component_ref idref="oc-81"/>
      </symbol>
      <symbol id="sm-1f3">
         <name>TExaS_Set1</name>
         <value>0x3d5</value>
         <object_component_ref idref="oc-81"/>
      </symbol>
      <symbol id="sm-1f4">
         <name>TExaS_Set2</name>
         <value>0x3e1</value>
         <object_component_ref idref="oc-81"/>
      </symbol>
      <symbol id="sm-1f5">
         <name>TExaS_Set3</name>
         <value>0x3ed</value>
         <object_component_ref idref="oc-81"/>
      </symbol>
      <symbol id="sm-1f6">
         <name>TExaS_Set4</name>
         <value>0x3f9</value>
         <object_component_ref idref="oc-81"/>
      </symbol>
      <symbol id="sm-1f7">
         <name>TExaS_Set5</name>
         <value>0x3fb</value>
         <object_component_ref idref="oc-81"/>
      </symbol>
      <symbol id="sm-1f8">
         <name>TExaS_Set6</name>
         <value>0x407</value>
         <object_component_ref idref="oc-81"/>
      </symbol>
      <symbol id="sm-1f9">
         <name>TExaS_ScopeErrLostData</name>
         <value>0x20000024</value>
         <object_component_ref idref="oc-d6"/>
      </symbol>
      <symbol id="sm-1fa">
         <name>PeriodicTask2_Stop</name>
         <value>0x2d1</value>
         <object_component_ref idref="oc-81"/>
      </symbol>
      <symbol id="sm-1fb">
         <name>LogicAnalyzer_P10</name>
         <value>0x1c5</value>
         <object_component_ref idref="oc-81"/>
      </symbol>
      <symbol id="sm-1fc">
         <name>TExaS_Init</name>
         <value>0x551</value>
         <object_component_ref idref="oc-81"/>
      </symbol>
      <symbol id="sm-1fd">
         <name>UART_InChar</name>
         <value>0x33b</value>
         <object_component_ref idref="oc-81"/>
      </symbol>
      <symbol id="sm-1fe">
         <name>LogicAnalyzer</name>
         <value>0xe5</value>
         <object_component_ref idref="oc-81"/>
      </symbol>
      <symbol id="sm-1ff">
         <name>LogicAnalyzer_P4_765320</name>
         <value>0x147</value>
         <object_component_ref idref="oc-81"/>
      </symbol>
      <symbol id="sm-200">
         <name>T32_INT1_IRQHandler</name>
         <value>0x2c1</value>
         <object_component_ref idref="oc-81"/>
      </symbol>
      <symbol id="sm-201">
         <name>UART_Init</name>
         <value>0x2e1</value>
         <object_component_ref idref="oc-81"/>
      </symbol>
      <symbol id="sm-202">
         <name>LogicAnalyzer_P2_7654</name>
         <value>0x10b</value>
         <object_component_ref idref="oc-81"/>
      </symbol>
      <symbol id="sm-203">
         <name>UART_OutChar</name>
         <value>0x34b</value>
         <object_component_ref idref="oc-81"/>
      </symbol>
      <symbol id="sm-204">
         <name>TExaS_Set</name>
         <value>0x3b1</value>
         <object_component_ref idref="oc-81"/>
      </symbol>
      <symbol id="sm-21d">
         <name>TimerA1Task</name>
         <value>0x20000048</value>
      </symbol>
      <symbol id="sm-21e">
         <name>TimerA1_Init</name>
         <value>0x1171</value>
         <object_component_ref idref="oc-7b"/>
      </symbol>
      <symbol id="sm-21f">
         <name>TA1_0_IRQHandler</name>
         <value>0x11e3</value>
         <object_component_ref idref="oc-7b"/>
      </symbol>
      <symbol id="sm-220">
         <name>TimerA1_Stop</name>
         <value>0x11cf</value>
         <object_component_ref idref="oc-7b"/>
      </symbol>
      <symbol id="sm-235">
         <name>Reset_Handler</name>
         <value>0x155b</value>
         <object_component_ref idref="oc-75"/>
      </symbol>
      <symbol id="sm-236">
         <name>Default_Handler</name>
         <value>0x1567</value>
         <object_component_ref idref="oc-75"/>
      </symbol>
      <symbol id="sm-237">
         <name>interruptVectors</name>
         <value>0x0</value>
         <object_component_ref idref="oc-2c"/>
      </symbol>
      <symbol id="sm-27d">
         <name>SystemInit</name>
         <value>0x989</value>
         <object_component_ref idref="oc-c3"/>
      </symbol>
      <symbol id="sm-27e">
         <name>SystemCoreClockUpdate</name>
         <value>0x715</value>
         <object_component_ref idref="oc-c3"/>
      </symbol>
      <symbol id="sm-27f">
         <name>SystemCoreClock</name>
         <value>0x2000003c</value>
         <object_component_ref idref="oc-12a"/>
      </symbol>
      <symbol id="sm-290">
         <name>_c_int00</name>
         <value>0x1409</value>
         <object_component_ref idref="oc-26"/>
      </symbol>
      <symbol id="sm-291">
         <name>__stack</name>
         <value>0x2000fe00</value>
         <object_component_ref idref="oc-2f"/>
      </symbol>
      <symbol id="sm-2af">
         <name>__TI_decompress_lzss</name>
         <value>0x13a1</value>
         <object_component_ref idref="oc-14"/>
      </symbol>
      <symbol id="sm-2c6">
         <name>__TI_decompress_none</name>
         <value>0x154d</value>
         <object_component_ref idref="oc-1a"/>
      </symbol>
      <symbol id="sm-2dd">
         <name>__TI_zero_init</name>
         <value>0x1569</value>
         <object_component_ref idref="oc-20"/>
      </symbol>
      <symbol id="sm-2fe">
         <name>C$$EXIT</name>
         <value>0x145d</value>
         <object_component_ref idref="oc-6b"/>
      </symbol>
      <symbol id="sm-2ff">
         <name>abort</name>
         <value>0x1461</value>
         <object_component_ref idref="oc-6b"/>
      </symbol>
      <symbol id="sm-300">
         <name>exit</name>
         <value>0x1469</value>
         <object_component_ref idref="oc-6b"/>
      </symbol>
      <symbol id="sm-301">
         <name>__TI_dtors_ptr</name>
         <value>0x2000001c</value>
         <object_component_ref idref="oc-b8"/>
      </symbol>
      <symbol id="sm-302">
         <name>__TI_cleanup_ptr</name>
         <value>0x20000018</value>
         <object_component_ref idref="oc-b8"/>
      </symbol>
      <symbol id="sm-303">
         <name>__TI_enable_exit_profile_output</name>
         <value>0x20000020</value>
         <object_component_ref idref="oc-b8"/>
      </symbol>
      <symbol id="sm-31e">
         <name>memcpy</name>
         <value>0x1219</value>
         <object_component_ref idref="oc-3b"/>
      </symbol>
      <symbol id="sm-31f">
         <name>__aeabi_memcpy</name>
         <value>0x1219</value>
         <object_component_ref idref="oc-3b"/>
      </symbol>
      <symbol id="sm-320">
         <name>__aeabi_memcpy8</name>
         <value>0x1219</value>
         <object_component_ref idref="oc-3b"/>
      </symbol>
      <symbol id="sm-321">
         <name>__aeabi_memcpy4</name>
         <value>0x1219</value>
         <object_component_ref idref="oc-3b"/>
      </symbol>
      <symbol id="sm-330">
         <name>__aeabi_memset</name>
         <value>0x12b7</value>
         <object_component_ref idref="oc-47"/>
      </symbol>
      <symbol id="sm-331">
         <name>memset</name>
         <value>0x12bd</value>
         <object_component_ref idref="oc-47"/>
      </symbol>
      <symbol id="sm-332">
         <name>__aeabi_memset8</name>
         <value>0x12b7</value>
         <object_component_ref idref="oc-47"/>
      </symbol>
      <symbol id="sm-333">
         <name>__aeabi_memset4</name>
         <value>0x12b7</value>
         <object_component_ref idref="oc-47"/>
      </symbol>
      <symbol id="sm-334">
         <name>__aeabi_memclr8</name>
         <value>0x12b5</value>
         <object_component_ref idref="oc-47"/>
      </symbol>
      <symbol id="sm-335">
         <name>__aeabi_memclr4</name>
         <value>0x12b5</value>
         <object_component_ref idref="oc-47"/>
      </symbol>
      <symbol id="sm-336">
         <name>__aeabi_memclr</name>
         <value>0x12b5</value>
         <object_component_ref idref="oc-47"/>
      </symbol>
      <symbol id="sm-340">
         <name>__mpu_init</name>
         <value>0x132f</value>
         <object_component_ref idref="oc-53"/>
      </symbol>
      <symbol id="sm-34a">
         <name>_system_pre_init</name>
         <value>0x1575</value>
         <object_component_ref idref="oc-59"/>
      </symbol>
      <symbol id="sm-352">
         <name>main_func_sp</name>
         <value>0x20000038</value>
         <object_component_ref idref="oc-71"/>
      </symbol>
      <symbol id="sm-36b">
         <name>_nop</name>
         <value>0x1547</value>
         <object_component_ref idref="oc-11e"/>
      </symbol>
      <symbol id="sm-36c">
         <name>_lock</name>
         <value>0x20000030</value>
         <object_component_ref idref="oc-bb"/>
      </symbol>
      <symbol id="sm-36d">
         <name>_unlock</name>
         <value>0x20000034</value>
         <object_component_ref idref="oc-bb"/>
      </symbol>
      <symbol id="sm-36e">
         <name>_register_lock</name>
         <value>0x153f</value>
         <object_component_ref idref="oc-11e"/>
      </symbol>
      <symbol id="sm-36f">
         <name>_register_unlock</name>
         <value>0x1539</value>
         <object_component_ref idref="oc-11e"/>
      </symbol>
      <symbol id="sm-383">
         <name>_args_main</name>
         <value>0x1521</value>
         <object_component_ref idref="oc-65"/>
      </symbol>
      <symbol id="sm-3ad">
         <name>__TI_auto_init</name>
         <value>0x1331</value>
         <object_component_ref idref="oc-5f"/>
      </symbol>
      <symbol id="sm-3c7">
         <name>copy_in</name>
         <value>0x14b1</value>
         <object_component_ref idref="oc-a8"/>
      </symbol>
      <symbol id="sm-3d1">
         <name>_system_post_cinit</name>
         <value>0x1579</value>
         <object_component_ref idref="oc-ae"/>
      </symbol>
      <symbol id="sm-3d2">
         <name>__TI_static_base__</name>
         <value>0x0</value>
      </symbol>
      <symbol id="sm-3d5">
         <name>SHT$$INIT_ARRAY$$Limit</name>
         <value>0x0</value>
      </symbol>
      <symbol id="sm-3d6">
         <name>SHT$$INIT_ARRAY$$Base</name>
         <value>0x0</value>
      </symbol>
      <symbol id="sm-3d7">
         <name>NMI_Handler</name>
         <value>0x1567</value>
      </symbol>
      <symbol id="sm-3d8">
         <name>HardFault_Handler</name>
         <value>0x1567</value>
      </symbol>
      <symbol id="sm-3d9">
         <name>MemManage_Handler</name>
         <value>0x1567</value>
      </symbol>
      <symbol id="sm-3da">
         <name>BusFault_Handler</name>
         <value>0x1567</value>
      </symbol>
      <symbol id="sm-3db">
         <name>UsageFault_Handler</name>
         <value>0x1567</value>
      </symbol>
      <symbol id="sm-3dc">
         <name>SVC_Handler</name>
         <value>0x1567</value>
      </symbol>
      <symbol id="sm-3dd">
         <name>DebugMon_Handler</name>
         <value>0x1567</value>
      </symbol>
      <symbol id="sm-3de">
         <name>PendSV_Handler</name>
         <value>0x1567</value>
      </symbol>
      <symbol id="sm-3df">
         <name>SysTick_Handler</name>
         <value>0x1567</value>
      </symbol>
      <symbol id="sm-3e0">
         <name>PSS_IRQHandler</name>
         <value>0x1567</value>
      </symbol>
      <symbol id="sm-3e1">
         <name>CS_IRQHandler</name>
         <value>0x1567</value>
      </symbol>
      <symbol id="sm-3e2">
         <name>PCM_IRQHandler</name>
         <value>0x1567</value>
      </symbol>
      <symbol id="sm-3e3">
         <name>WDT_A_IRQHandler</name>
         <value>0x1567</value>
      </symbol>
      <symbol id="sm-3e4">
         <name>FPU_IRQHandler</name>
         <value>0x1567</value>
      </symbol>
      <symbol id="sm-3e5">
         <name>FLCTL_IRQHandler</name>
         <value>0x1567</value>
      </symbol>
      <symbol id="sm-3e6">
         <name>COMP_E0_IRQHandler</name>
         <value>0x1567</value>
      </symbol>
      <symbol id="sm-3e7">
         <name>COMP_E1_IRQHandler</name>
         <value>0x1567</value>
      </symbol>
      <symbol id="sm-3e8">
         <name>TA0_0_IRQHandler</name>
         <value>0x1567</value>
      </symbol>
      <symbol id="sm-3e9">
         <name>TA0_N_IRQHandler</name>
         <value>0x1567</value>
      </symbol>
      <symbol id="sm-3ea">
         <name>TA1_0_IRQHandler</name>
         <value>0x11e3</value>
      </symbol>
      <symbol id="sm-3eb">
         <name>TA1_N_IRQHandler</name>
         <value>0x1567</value>
      </symbol>
      <symbol id="sm-3ec">
         <name>TA2_0_IRQHandler</name>
         <value>0x1567</value>
      </symbol>
      <symbol id="sm-3ed">
         <name>TA2_N_IRQHandler</name>
         <value>0x1567</value>
      </symbol>
      <symbol id="sm-3ee">
         <name>TA3_0_IRQHandler</name>
         <value>0x1567</value>
      </symbol>
      <symbol id="sm-3ef">
         <name>TA3_N_IRQHandler</name>
         <value>0x1567</value>
      </symbol>
      <symbol id="sm-3f0">
         <name>EUSCIA0_IRQHandler</name>
         <value>0x1567</value>
      </symbol>
      <symbol id="sm-3f1">
         <name>EUSCIA1_IRQHandler</name>
         <value>0x1567</value>
      </symbol>
      <symbol id="sm-3f2">
         <name>EUSCIA2_IRQHandler</name>
         <value>0x1567</value>
      </symbol>
      <symbol id="sm-3f3">
         <name>EUSCIA3_IRQHandler</name>
         <value>0x1567</value>
      </symbol>
      <symbol id="sm-3f4">
         <name>EUSCIB0_IRQHandler</name>
         <value>0x1567</value>
      </symbol>
      <symbol id="sm-3f5">
         <name>EUSCIB1_IRQHandler</name>
         <value>0x1567</value>
      </symbol>
      <symbol id="sm-3f6">
         <name>EUSCIB2_IRQHandler</name>
         <value>0x1567</value>
      </symbol>
      <symbol id="sm-3f7">
         <name>EUSCIB3_IRQHandler</name>
         <value>0x1567</value>
      </symbol>
      <symbol id="sm-3f8">
         <name>ADC14_IRQHandler</name>
         <value>0x1567</value>
      </symbol>
      <symbol id="sm-3f9">
         <name>T32_INT1_IRQHandler</name>
         <value>0x2c1</value>
      </symbol>
      <symbol id="sm-3fa">
         <name>T32_INT2_IRQHandler</name>
         <value>0x1567</value>
      </symbol>
      <symbol id="sm-3fb">
         <name>T32_INTC_IRQHandler</name>
         <value>0x1567</value>
      </symbol>
      <symbol id="sm-3fc">
         <name>AES256_IRQHandler</name>
         <value>0x1567</value>
      </symbol>
      <symbol id="sm-3fd">
         <name>RTC_C_IRQHandler</name>
         <value>0x1567</value>
      </symbol>
      <symbol id="sm-3fe">
         <name>DMA_ERR_IRQHandler</name>
         <value>0x1567</value>
      </symbol>
      <symbol id="sm-3ff">
         <name>DMA_INT3_IRQHandler</name>
         <value>0x1567</value>
      </symbol>
      <symbol id="sm-400">
         <name>DMA_INT2_IRQHandler</name>
         <value>0x1567</value>
      </symbol>
      <symbol id="sm-401">
         <name>DMA_INT1_IRQHandler</name>
         <value>0x1567</value>
      </symbol>
      <symbol id="sm-402">
         <name>DMA_INT0_IRQHandler</name>
         <value>0x1567</value>
      </symbol>
      <symbol id="sm-403">
         <name>PORT1_IRQHandler</name>
         <value>0x1567</value>
      </symbol>
      <symbol id="sm-404">
         <name>PORT2_IRQHandler</name>
         <value>0x1567</value>
      </symbol>
      <symbol id="sm-405">
         <name>PORT3_IRQHandler</name>
         <value>0x1567</value>
      </symbol>
      <symbol id="sm-406">
         <name>PORT4_IRQHandler</name>
         <value>0xf8d</value>
      </symbol>
      <symbol id="sm-407">
         <name>PORT5_IRQHandler</name>
         <value>0x1567</value>
      </symbol>
      <symbol id="sm-408">
         <name>PORT6_IRQHandler</name>
         <value>0x1567</value>
      </symbol>
   </symbol_table>
   <title>Link successful</title>
</link_info>
