******************************************************************************
                  TI ARM Linker PC v16.9.6                     
******************************************************************************
>> Linked Tue Oct 17 14:35:33 2023

OUTPUT FILE NAME:   <Lab3_TimerCompare_Motor.out>
ENTRY POINT SYMBOL: "_c_int00"  address: 00001409


MEMORY CONFIGURATION

         name            origin    length      used     unused   attr    fill
----------------------  --------  ---------  --------  --------  ----  --------
  MAIN                  00000000   00040000  000015ba  0003ea46  R  X
  INFO                  00200000   00004000  00000000  00004000  R  X
  SRAM_CODE             01000000   00010000  0000024a  0000fdb6  RW X
  SRAM_DATA             20000000   00010000  0000024a  0000fdb6  RW  


SEGMENT ALLOCATION MAP

run origin  load origin   length   init length attrs members
----------  ----------- ---------- ----------- ----- -------
00000000    00000000    000015c0   000015c0    r-x
  00000000    00000000    000000e4   000000e4    r-- .intvecs
  000000e4    000000e4    00001496   00001496    r-x .text
  00001580    00001580    00000040   00000040    r-- .cinit
20000000    20000000    0000004d   00000000    rw-
  20000000    20000000    00000041   00000000    rw- .data
  20000044    20000044    00000009   00000000    rw- .bss
2000fe00    2000fe00    00000200   00000000    rw-
  2000fe00    2000fe00    00000200   00000000    rw- .stack


SECTION ALLOCATION MAP

 output                                  attributes/
section   page    origin      length       input sections
--------  ----  ----------  ----------   ----------------
.intvecs   0    00000000    000000e4     
                  00000000    000000e4     startup_msp432p401r_ccs.obj (.intvecs:retain)

.binit     0    00000000    00000000     

.text      0    000000e4    00001496     
                  000000e4    00000630     TExaS.obj (.text)
                  00000714    0000032c     system_msp432p401r.obj (.text)
                  00000a40    000001e0     Clock.obj (.text)
                  00000c20    000001b0     Motor.obj (.text)
                  00000dd0    000000f4     LaunchPad.obj (.text)
                  00000ec4    000000f0     Lab3_Timersmain.obj (.text)
                  00000fb4    000000ec     PWM.obj (.text)
                  000010a0    000000d0     Bump.obj (.text)
                  00001170    000000a8     TimerA1.obj (.text)
                  00001218    0000009c     rtsv7M4_T_le_v4SPD16_eabi.lib : memcpy_t2.obj (.text)
                  000012b4    0000007a                                   : memset_t2.obj (.text)
                  0000132e    00000002                                   : mpu_init.obj (.text)
                  00001330    00000070                                   : autoinit.obj (.text)
                  000013a0    00000068                                   : copy_decompress_lzss.obj (.text:decompress:lzss)
                  00001408    00000054                                   : boot.obj (.text)
                  0000145c    00000054                                   : exit.obj (.text)
                  000014b0    0000004c                                   : cpy_tbl.obj (.text)
                  000014fc    00000024     CortexM.obj (.text)
                  00001520    00000018     rtsv7M4_T_le_v4SPD16_eabi.lib : args_main.obj (.text)
                  00001538    00000014                                   : _lock.obj (.text)
                  0000154c    0000000e                                   : copy_decompress_none.obj (.text:decompress:none)
                  0000155a    0000000e     startup_msp432p401r_ccs.obj (.text)
                  00001568    0000000c     rtsv7M4_T_le_v4SPD16_eabi.lib : copy_zero_init.obj (.text:decompress:ZI)
                  00001574    00000004                                   : pre_init.obj (.text)
                  00001578    00000002                                   : startup.obj (.text)

.cinit     0    00001580    00000040     
                  00001580    00000017     (.cinit..data.load) [load image, compression = lzss]
                  00001597    00000001     --HOLE-- [fill = 0]
                  00001598    0000000c     (__TI_handler_table)
                  000015a4    00000004     --HOLE-- [fill = 0]
                  000015a8    00000008     (.cinit..bss.load) [load image, compression = zero_init]
                  000015b0    00000010     (__TI_cinit_table)

.init_array 
*          0    00000000    00000000     UNINITIALIZED

.data      0    20000000    00000041     UNINITIALIZED
                  20000000    00000018     Clock.obj (.data)
                  20000018    0000000c     rtsv7M4_T_le_v4SPD16_eabi.lib : exit.obj (.data:$O1$$)
                  20000024    0000000c     TExaS.obj (.data)
                  20000030    00000008     rtsv7M4_T_le_v4SPD16_eabi.lib : _lock.obj (.data:$O1$$)
                  20000038    00000004                                   : stkdepth_vars.obj (.data)
                  2000003c    00000004     system_msp432p401r.obj (.data)
                  20000040    00000001     Lab3_Timersmain.obj (.data)

.bss       0    20000044    00000009     UNINITIALIZED
                  20000044    00000004     (.common:PeriodicTask2)
                  20000048    00000004     (.common:TimerA1Task)
                  2000004c    00000001     (.common:LogicData)

.stack     0    2000fe00    00000200     UNINITIALIZED
                  2000fe00    00000200     --HOLE--

MODULE SUMMARY

       Module                        code   ro data   rw data
       ------                        ----   -------   -------
    .\
       TExaS.obj                     1584   0         34     
       system_msp432p401r.obj        812    0         8      
       Clock.obj                     480    0         48     
       Motor.obj                     432    0         0      
       LaunchPad.obj                 244    0         0      
       Lab3_Timersmain.obj           240    0         2      
       startup_msp432p401r_ccs.obj   14     228       0      
       PWM.obj                       236    0         0      
       Bump.obj                      208    0         0      
       TimerA1.obj                   168    0         8      
       CortexM.obj                   36     0         0      
    +--+-----------------------------+------+---------+---------+
       Total:                        4454   228       100    
                                                             
    C:\ti\ccsv7\tools\compiler\ti-cgt-arm_16.9.6.LTS\lib\rtsv7M4_T_le_v4SPD16_eabi.lib
       memcpy_t2.obj                 156    0         0      
       memset_t2.obj                 122    0         0      
       autoinit.obj                  112    0         0      
       exit.obj                      84     0         24     
       copy_decompress_lzss.obj      104    0         0      
       boot.obj                      84     0         0      
       cpy_tbl.obj                   76     0         0      
       _lock.obj                     20     0         16     
       args_main.obj                 24     0         0      
       copy_decompress_none.obj      14     0         0      
       copy_zero_init.obj            12     0         0      
       stkdepth_vars.obj             0      0         8      
       pre_init.obj                  4      0         0      
       mpu_init.obj                  2      0         0      
       startup.obj                   2      0         0      
    +--+-----------------------------+------+---------+---------+
       Total:                        816    0         48     
                                                             
       Stack:                        0      0         1024   
       Linker Generated:             0      59        0      
    +--+-----------------------------+------+---------+---------+
       Grand Total:                  5270   287       1172   


LINKER GENERATED COPY TABLES

__TI_cinit_table @ 000015b0 records: 2, size/record: 8, table size: 16
	.data: load addr=00001580, load size=00000017 bytes, run addr=20000000, run size=00000041 bytes, compression=lzss
	.bss: load addr=000015a8, load size=00000008 bytes, run addr=20000044, run size=00000009 bytes, compression=zero_init


LINKER GENERATED HANDLER TABLE

__TI_handler_table @ 00001598 records: 3, size/record: 4, table size: 12
	index: 0, handler: __TI_decompress_lzss
	index: 1, handler: __TI_decompress_none
	index: 2, handler: __TI_zero_init


GLOBAL SYMBOLS: SORTED ALPHABETICALLY BY Name 

address   name                           
-------   ----                           
00001567  ADC14_IRQHandler               
00000475  ADC_Init                       
00001567  AES256_IRQHandler              
000010a1  Bump_Init                      
00001109  Bump_Read                      
00001567  BusFault_Handler               
0000145d  C$$EXIT                        
00001567  COMP_E0_IRQHandler             
00001567  COMP_E1_IRQHandler             
20000008  CPMwait                        
00001567  CS_IRQHandler                  
20000000  ClockFrequency                 
00000b95  Clock_Delay1ms                 
00000b6b  Clock_Delay1us                 
00000b57  Clock_GetFreq                  
00000a41  Clock_Init48MHz                
20000014  Crystalstable                  
00001567  DMA_ERR_IRQHandler             
00001567  DMA_INT0_IRQHandler            
00001567  DMA_INT1_IRQHandler            
00001567  DMA_INT2_IRQHandler            
00001567  DMA_INT3_IRQHandler            
00001567  DebugMon_Handler               
00001567  Default_Handler                
000014fd  DisableInterrupts              
00001567  EUSCIA0_IRQHandler             
00001567  EUSCIA1_IRQHandler             
00001567  EUSCIA2_IRQHandler             
00001567  EUSCIA3_IRQHandler             
00001567  EUSCIB0_IRQHandler             
00001567  EUSCIB1_IRQHandler             
00001567  EUSCIB2_IRQHandler             
00001567  EUSCIB3_IRQHandler             
00001503  EnableInterrupts               
00001513  EndCritical                    
00001567  FLCTL_IRQHandler               
00001567  FPU_IRQHandler                 
00001567  HardFault_Handler              
20000010  IFlags                         
00000dd1  LaunchPad_Init                 
00000e41  LaunchPad_Input                
00000e5b  LaunchPad_LED                  
00000e79  LaunchPad_Output               
000000e5  LogicAnalyzer                  
000000ef  LogicAnalyzer_P1               
000001c5  LogicAnalyzer_P10              
000000fd  LogicAnalyzer_P2               
0000010b  LogicAnalyzer_P2_7654          
0000011b  LogicAnalyzer_P3               
00000129  LogicAnalyzer_P4               
00000147  LogicAnalyzer_P4_765320        
00000137  LogicAnalyzer_P4_765432        
0000017f  LogicAnalyzer_P5               
0000018d  LogicAnalyzer_P6               
0000019b  LogicAnalyzer_P7               
000001a9  LogicAnalyzer_P8               
000001b7  LogicAnalyzer_P9               
2000004c  LogicData                      
00001567  MemManage_Handler              
00000d71  Motor_Backward                 
00000ccd  Motor_Forward                  
00000c21  Motor_Init                     
00000d37  Motor_Left                     
00000cfd  Motor_Right                    
00000ca9  Motor_Stop                     
00001567  NMI_Handler                    
00001567  PCM_IRQHandler                 
00001567  PORT1_IRQHandler               
00001567  PORT2_IRQHandler               
00001567  PORT3_IRQHandler               
00000f8d  PORT4_IRQHandler               
00000f8d  PORT4_IRQHandler               
00001567  PORT5_IRQHandler               
00001567  PORT6_IRQHandler               
00001567  PSS_IRQHandler                 
00001039  PWM_Duty3                      
00001059  PWM_Duty4                      
00000fb5  PWM_Init34                     
00001567  PendSV_Handler                 
20000044  PeriodicTask2                  
00000257  PeriodicTask2_Init             
000002d1  PeriodicTask2_Stop             
2000000c  Postwait                       
20000004  Prewait                        
00001567  RTC_C_IRQHandler               
0000155b  Reset_Handler                  
UNDEFED   SHT$$INIT_ARRAY$$Base          
UNDEFED   SHT$$INIT_ARRAY$$Limit         
00001567  SVC_Handler                    
000001d3  Scope                          
00001509  StartCritical                  
00001567  SysTick_Handler                
2000003c  SystemCoreClock                
00000715  SystemCoreClockUpdate          
00000989  SystemInit                     
000002c1  T32_INT1_IRQHandler            
000002c1  T32_INT1_IRQHandler            
00001567  T32_INT2_IRQHandler            
00001567  T32_INTC_IRQHandler            
00001567  TA0_0_IRQHandler               
00001567  TA0_N_IRQHandler               
000011e3  TA1_0_IRQHandler               
000011e3  TA1_0_IRQHandler               
00001567  TA1_N_IRQHandler               
00001567  TA2_0_IRQHandler               
00001567  TA2_N_IRQHandler               
00001567  TA3_0_IRQHandler               
00001567  TA3_N_IRQHandler               
00000413  TExaS_Clear0                   
0000041f  TExaS_Clear1                   
0000042b  TExaS_Clear2                   
00000437  TExaS_Clear3                   
00000443  TExaS_Clear4                   
00000445  TExaS_Clear5                   
00000451  TExaS_Clear6                   
00000551  TExaS_Init                     
20000028  TExaS_ScopeErrConflict         
20000024  TExaS_ScopeErrLostData         
2000002c  TExaS_ScopeWrnReconfig         
000003b1  TExaS_Set                      
000003c9  TExaS_Set0                     
000003d5  TExaS_Set1                     
000003e1  TExaS_Set2                     
000003ed  TExaS_Set3                     
000003f9  TExaS_Set4                     
000003fb  TExaS_Set5                     
00000407  TExaS_Set6                     
000006b1  TExaS_Stop                     
00000367  TExaS_Task0                    
00000373  TExaS_Task1                    
0000037f  TExaS_Task2                    
0000038b  TExaS_Task3                    
00000397  TExaS_Task4                    
00000399  TExaS_Task5                    
000003a5  TExaS_Task6                    
00000ed5  Task                           
00000ec5  TimedPause                     
20000048  TimerA1Task                    
00001171  TimerA1_Init                   
000011cf  TimerA1_Stop                   
0000033b  UART_InChar                    
000002e1  UART_Init                      
0000034b  UART_OutChar                   
00001567  UsageFault_Handler             
4000480c  WDTCTL_SYM                     
00001567  WDT_A_IRQHandler               
0000151b  WaitForInterrupt               
20010000  __STACK_END                    
00000200  __STACK_SIZE                   
000015b0  __TI_CINIT_Base                
000015c0  __TI_CINIT_Limit               
00001598  __TI_Handler_Table_Base        
000015a4  __TI_Handler_Table_Limit       
00001331  __TI_auto_init                 
20000018  __TI_cleanup_ptr               
000013a1  __TI_decompress_lzss           
0000154d  __TI_decompress_none           
2000001c  __TI_dtors_ptr                 
20000020  __TI_enable_exit_profile_output
ffffffff  __TI_pprof_out_hndl            
ffffffff  __TI_prof_data_size            
ffffffff  __TI_prof_data_start           
00000000  __TI_static_base__             
00001569  __TI_zero_init                 
000012b5  __aeabi_memclr                 
000012b5  __aeabi_memclr4                
000012b5  __aeabi_memclr8                
00001219  __aeabi_memcpy                 
00001219  __aeabi_memcpy4                
00001219  __aeabi_memcpy8                
000012b7  __aeabi_memset                 
000012b7  __aeabi_memset4                
000012b7  __aeabi_memset8                
ffffffff  __binit__                      
ffffffff  __c_args__                     
0000132f  __mpu_init                     
2000fe00  __stack                        
00001521  _args_main                     
00001409  _c_int00                       
20000030  _lock                          
00001547  _nop                           
0000153f  _register_lock                 
00001539  _register_unlock               
00001579  _system_post_cinit             
00001575  _system_pre_init               
20000034  _unlock                        
00001461  abort                          
ffffffff  binit                          
000014b1  copy_in                        
00000b5d  delay                          
00001469  exit                           
00000000  interruptVectors               
00000f0d  main                           
20000038  main_func_sp                   
00001219  memcpy                         
000012bd  memset                         


GLOBAL SYMBOLS: SORTED BY Symbol Address 

address   name                           
-------   ----                           
00000000  __TI_static_base__             
00000000  interruptVectors               
000000e5  LogicAnalyzer                  
000000ef  LogicAnalyzer_P1               
000000fd  LogicAnalyzer_P2               
0000010b  LogicAnalyzer_P2_7654          
0000011b  LogicAnalyzer_P3               
00000129  LogicAnalyzer_P4               
00000137  LogicAnalyzer_P4_765432        
00000147  LogicAnalyzer_P4_765320        
0000017f  LogicAnalyzer_P5               
0000018d  LogicAnalyzer_P6               
0000019b  LogicAnalyzer_P7               
000001a9  LogicAnalyzer_P8               
000001b7  LogicAnalyzer_P9               
000001c5  LogicAnalyzer_P10              
000001d3  Scope                          
00000200  __STACK_SIZE                   
00000257  PeriodicTask2_Init             
000002c1  T32_INT1_IRQHandler            
000002c1  T32_INT1_IRQHandler            
000002d1  PeriodicTask2_Stop             
000002e1  UART_Init                      
0000033b  UART_InChar                    
0000034b  UART_OutChar                   
00000367  TExaS_Task0                    
00000373  TExaS_Task1                    
0000037f  TExaS_Task2                    
0000038b  TExaS_Task3                    
00000397  TExaS_Task4                    
00000399  TExaS_Task5                    
000003a5  TExaS_Task6                    
000003b1  TExaS_Set                      
000003c9  TExaS_Set0                     
000003d5  TExaS_Set1                     
000003e1  TExaS_Set2                     
000003ed  TExaS_Set3                     
000003f9  TExaS_Set4                     
000003fb  TExaS_Set5                     
00000407  TExaS_Set6                     
00000413  TExaS_Clear0                   
0000041f  TExaS_Clear1                   
0000042b  TExaS_Clear2                   
00000437  TExaS_Clear3                   
00000443  TExaS_Clear4                   
00000445  TExaS_Clear5                   
00000451  TExaS_Clear6                   
00000475  ADC_Init                       
00000551  TExaS_Init                     
000006b1  TExaS_Stop                     
00000715  SystemCoreClockUpdate          
00000989  SystemInit                     
00000a41  Clock_Init48MHz                
00000b57  Clock_GetFreq                  
00000b5d  delay                          
00000b6b  Clock_Delay1us                 
00000b95  Clock_Delay1ms                 
00000c21  Motor_Init                     
00000ca9  Motor_Stop                     
00000ccd  Motor_Forward                  
00000cfd  Motor_Right                    
00000d37  Motor_Left                     
00000d71  Motor_Backward                 
00000dd1  LaunchPad_Init                 
00000e41  LaunchPad_Input                
00000e5b  LaunchPad_LED                  
00000e79  LaunchPad_Output               
00000ec5  TimedPause                     
00000ed5  Task                           
00000f0d  main                           
00000f8d  PORT4_IRQHandler               
00000f8d  PORT4_IRQHandler               
00000fb5  PWM_Init34                     
00001039  PWM_Duty3                      
00001059  PWM_Duty4                      
000010a1  Bump_Init                      
00001109  Bump_Read                      
00001171  TimerA1_Init                   
000011cf  TimerA1_Stop                   
000011e3  TA1_0_IRQHandler               
000011e3  TA1_0_IRQHandler               
00001219  __aeabi_memcpy                 
00001219  __aeabi_memcpy4                
00001219  __aeabi_memcpy8                
00001219  memcpy                         
000012b5  __aeabi_memclr                 
000012b5  __aeabi_memclr4                
000012b5  __aeabi_memclr8                
000012b7  __aeabi_memset                 
000012b7  __aeabi_memset4                
000012b7  __aeabi_memset8                
000012bd  memset                         
0000132f  __mpu_init                     
00001331  __TI_auto_init                 
000013a1  __TI_decompress_lzss           
00001409  _c_int00                       
0000145d  C$$EXIT                        
00001461  abort                          
00001469  exit                           
000014b1  copy_in                        
000014fd  DisableInterrupts              
00001503  EnableInterrupts               
00001509  StartCritical                  
00001513  EndCritical                    
0000151b  WaitForInterrupt               
00001521  _args_main                     
00001539  _register_unlock               
0000153f  _register_lock                 
00001547  _nop                           
0000154d  __TI_decompress_none           
0000155b  Reset_Handler                  
00001567  ADC14_IRQHandler               
00001567  AES256_IRQHandler              
00001567  BusFault_Handler               
00001567  COMP_E0_IRQHandler             
00001567  COMP_E1_IRQHandler             
00001567  CS_IRQHandler                  
00001567  DMA_ERR_IRQHandler             
00001567  DMA_INT0_IRQHandler            
00001567  DMA_INT1_IRQHandler            
00001567  DMA_INT2_IRQHandler            
00001567  DMA_INT3_IRQHandler            
00001567  DebugMon_Handler               
00001567  Default_Handler                
00001567  EUSCIA0_IRQHandler             
00001567  EUSCIA1_IRQHandler             
00001567  EUSCIA2_IRQHandler             
00001567  EUSCIA3_IRQHandler             
00001567  EUSCIB0_IRQHandler             
00001567  EUSCIB1_IRQHandler             
00001567  EUSCIB2_IRQHandler             
00001567  EUSCIB3_IRQHandler             
00001567  FLCTL_IRQHandler               
00001567  FPU_IRQHandler                 
00001567  HardFault_Handler              
00001567  MemManage_Handler              
00001567  NMI_Handler                    
00001567  PCM_IRQHandler                 
00001567  PORT1_IRQHandler               
00001567  PORT2_IRQHandler               
00001567  PORT3_IRQHandler               
00001567  PORT5_IRQHandler               
00001567  PORT6_IRQHandler               
00001567  PSS_IRQHandler                 
00001567  PendSV_Handler                 
00001567  RTC_C_IRQHandler               
00001567  SVC_Handler                    
00001567  SysTick_Handler                
00001567  T32_INT2_IRQHandler            
00001567  T32_INTC_IRQHandler            
00001567  TA0_0_IRQHandler               
00001567  TA0_N_IRQHandler               
00001567  TA1_N_IRQHandler               
00001567  TA2_0_IRQHandler               
00001567  TA2_N_IRQHandler               
00001567  TA3_0_IRQHandler               
00001567  TA3_N_IRQHandler               
00001567  UsageFault_Handler             
00001567  WDT_A_IRQHandler               
00001569  __TI_zero_init                 
00001575  _system_pre_init               
00001579  _system_post_cinit             
00001598  __TI_Handler_Table_Base        
000015a4  __TI_Handler_Table_Limit       
000015b0  __TI_CINIT_Base                
000015c0  __TI_CINIT_Limit               
20000000  ClockFrequency                 
20000004  Prewait                        
20000008  CPMwait                        
2000000c  Postwait                       
20000010  IFlags                         
20000014  Crystalstable                  
20000018  __TI_cleanup_ptr               
2000001c  __TI_dtors_ptr                 
20000020  __TI_enable_exit_profile_output
20000024  TExaS_ScopeErrLostData         
20000028  TExaS_ScopeErrConflict         
2000002c  TExaS_ScopeWrnReconfig         
20000030  _lock                          
20000034  _unlock                        
20000038  main_func_sp                   
2000003c  SystemCoreClock                
20000044  PeriodicTask2                  
20000048  TimerA1Task                    
2000004c  LogicData                      
2000fe00  __stack                        
20010000  __STACK_END                    
4000480c  WDTCTL_SYM                     
ffffffff  __TI_pprof_out_hndl            
ffffffff  __TI_prof_data_size            
ffffffff  __TI_prof_data_start           
ffffffff  __binit__                      
ffffffff  __c_args__                     
ffffffff  binit                          
UNDEFED   SHT$$INIT_ARRAY$$Base          
UNDEFED   SHT$$INIT_ARRAY$$Limit         

[196 symbols]
